[2025-04-09 11:14:30,386: DEBUG/ForkPoolWorker-7] POSTRUN: Task scraping.tasks.check_job_progress[62385e90-28bc-4c64-af7e-6cd7e39177b6] ended with state=SUCCESS
[2025-04-09 11:14:30,761: INFO/MainProcess] Task scraping.tasks.check_pending_tasks[f4c5bb75-80c7-48a9-8a4b-ebb1da088166] received
[2025-04-09 11:14:30,763: DEBUG/ForkPoolWorker-6] PRERUN: Task scraping.tasks.check_pending_tasks[f4c5bb75-80c7-48a9-8a4b-ebb1da088166] started with args=[], kwargs={}
[2025-04-09 11:14:30,764: INFO/ForkPoolWorker-6] SCRAPER: Vérification des tâches en attente (mode appel direct)...
[2025-04-09 11:14:30,775: INFO/ForkPoolWorker-6] SCRAPER: 0 tâches en attente trouvées
[2025-04-09 11:14:30,779: DEBUG/ForkPoolWorker-6] SUCCESS: Task scraping.tasks.check_pending_tasks succeeded with result=None
[2025-04-09 11:14:30,780: INFO/ForkPoolWorker-6] Task scraping.tasks.check_pending_tasks[f4c5bb75-80c7-48a9-8a4b-ebb1da088166] succeeded in 0.016319492999173235s: None
[2025-04-09 11:14:30,780: DEBUG/ForkPoolWorker-6] POSTRUN: Task scraping.tasks.check_pending_tasks[f4c5bb75-80c7-48a9-8a4b-ebb1da088166] ended with state=SUCCESS
[2025-04-09 11:15:30,762: INFO/MainProcess] Task scraping.tasks.check_pending_tasks[45f8b739-0309-4140-a77c-57e40a258a45] received
[2025-04-09 11:15:30,764: DEBUG/ForkPoolWorker-6] PRERUN: Task scraping.tasks.check_pending_tasks[45f8b739-0309-4140-a77c-57e40a258a45] started with args=[], kwargs={}
[2025-04-09 11:15:30,765: INFO/ForkPoolWorker-6] SCRAPER: Vérification des tâches en attente (mode appel direct)...
[2025-04-09 11:15:30,775: INFO/ForkPoolWorker-6] SCRAPER: 0 tâches en attente trouvées
[2025-04-09 11:15:30,780: DEBUG/ForkPoolWorker-6] SUCCESS: Task scraping.tasks.check_pending_tasks succeeded with result=None
[2025-04-09 11:15:30,781: INFO/ForkPoolWorker-6] Task scraping.tasks.check_pending_tasks[45f8b739-0309-4140-a77c-57e40a258a45] succeeded in 0.016822593999677338s: None
[2025-04-09 11:15:30,782: DEBUG/ForkPoolWorker-6] POSTRUN: Task scraping.tasks.check_pending_tasks[45f8b739-0309-4140-a77c-57e40a258a45] ended with state=SUCCESS
[2025-04-09 11:16:30,762: INFO/MainProcess] Task scraping.tasks.check_pending_tasks[8b30ed73-b914-4c53-90c9-c59e0463bfe6] received
[2025-04-09 11:16:30,763: DEBUG/ForkPoolWorker-6] PRERUN: Task scraping.tasks.check_pending_tasks[8b30ed73-b914-4c53-90c9-c59e0463bfe6] started with args=[], kwargs={}
[2025-04-09 11:16:30,765: INFO/ForkPoolWorker-6] SCRAPER: Vérification des tâches en attente (mode appel direct)...
[2025-04-09 11:16:30,775: INFO/ForkPoolWorker-6] SCRAPER: 0 tâches en attente trouvées
[2025-04-09 11:16:30,779: DEBUG/ForkPoolWorker-6] SUCCESS: Task scraping.tasks.check_pending_tasks succeeded with result=None
[2025-04-09 11:16:30,780: INFO/ForkPoolWorker-6] Task scraping.tasks.check_pending_tasks[8b30ed73-b914-4c53-90c9-c59e0463bfe6] succeeded in 0.01627156799986551s: None
[2025-04-09 11:16:30,780: DEBUG/ForkPoolWorker-6] POSTRUN: Task scraping.tasks.check_pending_tasks[8b30ed73-b914-4c53-90c9-c59e0463bfe6] ended with state=SUCCESS
[2025-04-09 11:17:30,762: INFO/MainProcess] Task scraping.tasks.check_pending_tasks[8585c9ab-e323-479a-a01a-a7e7bfeec1a5] received
[2025-04-09 11:17:30,764: DEBUG/ForkPoolWorker-6] PRERUN: Task scraping.tasks.check_pending_tasks[8585c9ab-e323-479a-a01a-a7e7bfeec1a5] started with args=[], kwargs={}
[2025-04-09 11:17:30,766: INFO/ForkPoolWorker-6] SCRAPER: Vérification des tâches en attente (mode appel direct)...
[2025-04-09 11:17:30,778: INFO/ForkPoolWorker-6] SCRAPER: 0 tâches en attente trouvées
[2025-04-09 11:17:30,783: DEBUG/ForkPoolWorker-6] SUCCESS: Task scraping.tasks.check_pending_tasks succeeded with result=None
[2025-04-09 11:17:30,784: INFO/ForkPoolWorker-6] Task scraping.tasks.check_pending_tasks[8585c9ab-e323-479a-a01a-a7e7bfeec1a5] succeeded in 0.01878748700073629s: None
[2025-04-09 11:17:30,784: DEBUG/ForkPoolWorker-6] POSTRUN: Task scraping.tasks.check_pending_tasks[8585c9ab-e323-479a-a01a-a7e7bfeec1a5] ended with state=SUCCESS
[2025-04-09 11:18:30,762: INFO/MainProcess] Task scraping.tasks.check_pending_tasks[ac1e1b64-99f3-4cd5-88d8-f960b813b386] received
[2025-04-09 11:18:30,763: DEBUG/ForkPoolWorker-6] PRERUN: Task scraping.tasks.check_pending_tasks[ac1e1b64-99f3-4cd5-88d8-f960b813b386] started with args=[], kwargs={}
[2025-04-09 11:18:30,764: INFO/ForkPoolWorker-6] SCRAPER: Vérification des tâches en attente (mode appel direct)...
[2025-04-09 11:18:30,775: INFO/ForkPoolWorker-6] SCRAPER: 0 tâches en attente trouvées
[2025-04-09 11:18:30,779: DEBUG/ForkPoolWorker-6] SUCCESS: Task scraping.tasks.check_pending_tasks succeeded with result=None
[2025-04-09 11:18:30,780: INFO/ForkPoolWorker-6] Task scraping.tasks.check_pending_tasks[ac1e1b64-99f3-4cd5-88d8-f960b813b386] succeeded in 0.016005440998924314s: None
[2025-04-09 11:18:30,780: DEBUG/ForkPoolWorker-6] POSTRUN: Task scraping.tasks.check_pending_tasks[ac1e1b64-99f3-4cd5-88d8-f960b813b386] ended with state=SUCCESS
[2025-04-09 11:19:30,337: INFO/MainProcess] Task scraping.tasks.check_user_agents[d7d7af40-2621-4253-a81a-8ba65aca674d] received
[2025-04-09 11:19:30,339: DEBUG/ForkPoolWorker-6] PRERUN: Task scraping.tasks.check_user_agents[d7d7af40-2621-4253-a81a-8ba65aca674d] started with args=[], kwargs={}
[2025-04-09 11:19:30,341: INFO/ForkPoolWorker-6] SCRAPER: Vérification des agents utilisateur (mode PRODUCTION)
[2025-04-09 11:19:30,353: INFO/ForkPoolWorker-6] SCRAPER: 1 utilisateurs avec des tâches actives
[2025-04-09 11:19:30,363: INFO/ForkPoolWorker-6] SCRAPER: Utilisateur test2@gmail.com - 1 tâches actives, quota: 0/5 
[2025-04-09 11:19:30,366: INFO/ForkPoolWorker-6] SCRAPER: Vérification du job 12 pour l'utilisateur test2@gmail.com
[2025-04-09 11:19:30,369: INFO/MainProcess] Task scraping.tasks.check_job_progress[632241e3-fc39-451b-99c3-014c8740ec33] received
[2025-04-09 11:19:30,370: DEBUG/ForkPoolWorker-6] SUCCESS: Task scraping.tasks.check_user_agents succeeded with result=None
[2025-04-09 11:19:30,370: INFO/ForkPoolWorker-6] Task scraping.tasks.check_user_agents[d7d7af40-2621-4253-a81a-8ba65aca674d] succeeded in 0.031059025999638834s: None
[2025-04-09 11:19:30,371: DEBUG/ForkPoolWorker-7] PRERUN: Task scraping.tasks.check_job_progress[632241e3-fc39-451b-99c3-014c8740ec33] started with args=[12], kwargs={}
[2025-04-09 11:19:30,371: DEBUG/ForkPoolWorker-6] POSTRUN: Task scraping.tasks.check_user_agents[d7d7af40-2621-4253-a81a-8ba65aca674d] ended with state=SUCCESS
[2025-04-09 11:19:30,389: DEBUG/ForkPoolWorker-7] SUCCESS: Task scraping.tasks.check_job_progress succeeded with result=None
[2025-04-09 11:19:30,390: INFO/ForkPoolWorker-7] Task scraping.tasks.check_job_progress[632241e3-fc39-451b-99c3-014c8740ec33] succeeded in 0.01847898800042458s: None
[2025-04-09 11:19:30,391: DEBUG/ForkPoolWorker-7] POSTRUN: Task scraping.tasks.check_job_progress[632241e3-fc39-451b-99c3-014c8740ec33] ended with state=SUCCESS
[2025-04-09 11:19:30,762: INFO/MainProcess] Task scraping.tasks.check_pending_tasks[2b04a8ab-5282-49a9-9248-e0e3e62285be] received
[2025-04-09 11:19:30,763: DEBUG/ForkPoolWorker-6] PRERUN: Task scraping.tasks.check_pending_tasks[2b04a8ab-5282-49a9-9248-e0e3e62285be] started with args=[], kwargs={}
[2025-04-09 11:19:30,765: INFO/ForkPoolWorker-6] SCRAPER: Vérification des tâches en attente (mode appel direct)...
[2025-04-09 11:19:30,775: INFO/ForkPoolWorker-6] SCRAPER: 0 tâches en attente trouvées
[2025-04-09 11:19:30,779: DEBUG/ForkPoolWorker-6] SUCCESS: Task scraping.tasks.check_pending_tasks succeeded with result=None
[2025-04-09 11:19:30,780: INFO/ForkPoolWorker-6] Task scraping.tasks.check_pending_tasks[2b04a8ab-5282-49a9-9248-e0e3e62285be] succeeded in 0.016360707000785624s: None
[2025-04-09 11:19:30,781: DEBUG/ForkPoolWorker-6] POSTRUN: Task scraping.tasks.check_pending_tasks[2b04a8ab-5282-49a9-9248-e0e3e62285be] ended with state=SUCCESS
[2025-04-09 11:20:30,762: INFO/MainProcess] Task scraping.tasks.check_pending_tasks[615406da-69c5-42b8-83e2-19a75c9ae8b6] received
[2025-04-09 11:20:30,763: DEBUG/ForkPoolWorker-6] PRERUN: Task scraping.tasks.check_pending_tasks[615406da-69c5-42b8-83e2-19a75c9ae8b6] started with args=[], kwargs={}
[2025-04-09 11:20:30,764: INFO/ForkPoolWorker-6] SCRAPER: Vérification des tâches en attente (mode appel direct)...
[2025-04-09 11:20:30,774: INFO/ForkPoolWorker-6] SCRAPER: 0 tâches en attente trouvées
[2025-04-09 11:20:30,777: DEBUG/ForkPoolWorker-6] SUCCESS: Task scraping.tasks.check_pending_tasks succeeded with result=None
[2025-04-09 11:20:30,778: INFO/ForkPoolWorker-6] Task scraping.tasks.check_pending_tasks[615406da-69c5-42b8-83e2-19a75c9ae8b6] succeeded in 0.014599854999687523s: None
[2025-04-09 11:20:30,778: DEBUG/ForkPoolWorker-6] POSTRUN: Task scraping.tasks.check_pending_tasks[615406da-69c5-42b8-83e2-19a75c9ae8b6] ended with state=SUCCESS
[2025-04-09 11:21:30,763: INFO/MainProcess] Task scraping.tasks.check_pending_tasks[20115f81-a171-4a7c-a1f9-8be1b7d26497] received
[2025-04-09 11:21:30,764: DEBUG/ForkPoolWorker-6] PRERUN: Task scraping.tasks.check_pending_tasks[20115f81-a171-4a7c-a1f9-8be1b7d26497] started with args=[], kwargs={}
[2025-04-09 11:21:30,767: INFO/ForkPoolWorker-6] SCRAPER: Vérification des tâches en attente (mode appel direct)...
[2025-04-09 11:21:30,778: INFO/ForkPoolWorker-6] SCRAPER: 0 tâches en attente trouvées
[2025-04-09 11:21:30,783: DEBUG/ForkPoolWorker-6] SUCCESS: Task scraping.tasks.check_pending_tasks succeeded with result=None
[2025-04-09 11:21:30,784: INFO/ForkPoolWorker-6] Task scraping.tasks.check_pending_tasks[20115f81-a171-4a7c-a1f9-8be1b7d26497] succeeded in 0.018980373999511357s: None
[2025-04-09 11:21:30,785: DEBUG/ForkPoolWorker-6] POSTRUN: Task scraping.tasks.check_pending_tasks[20115f81-a171-4a7c-a1f9-8be1b7d26497] ended with state=SUCCESS
[2025-04-09 11:22:30,762: INFO/MainProcess] Task scraping.tasks.check_pending_tasks[8183749b-108a-4857-94e4-cd0f1f9ce9c6] received
[2025-04-09 11:22:30,763: DEBUG/ForkPoolWorker-6] PRERUN: Task scraping.tasks.check_pending_tasks[8183749b-108a-4857-94e4-cd0f1f9ce9c6] started with args=[], kwargs={}
[2025-04-09 11:22:30,765: INFO/ForkPoolWorker-6] SCRAPER: Vérification des tâches en attente (mode appel direct)...
[2025-04-09 11:22:30,774: INFO/ForkPoolWorker-6] SCRAPER: 0 tâches en attente trouvées
[2025-04-09 11:22:30,779: DEBUG/ForkPoolWorker-6] SUCCESS: Task scraping.tasks.check_pending_tasks succeeded with result=None
[2025-04-09 11:22:30,779: INFO/ForkPoolWorker-6] Task scraping.tasks.check_pending_tasks[8183749b-108a-4857-94e4-cd0f1f9ce9c6] succeeded in 0.015508066999245784s: None
[2025-04-09 11:22:30,780: DEBUG/ForkPoolWorker-6] POSTRUN: Task scraping.tasks.check_pending_tasks[8183749b-108a-4857-94e4-cd0f1f9ce9c6] ended with state=SUCCESS
[2025-04-09 11:23:30,763: INFO/MainProcess] Task scraping.tasks.check_pending_tasks[97e3d2d7-3389-4827-924c-8bd5d10a0d77] received
[2025-04-09 11:23:30,764: DEBUG/ForkPoolWorker-6] PRERUN: Task scraping.tasks.check_pending_tasks[97e3d2d7-3389-4827-924c-8bd5d10a0d77] started with args=[], kwargs={}
[2025-04-09 11:23:30,766: INFO/ForkPoolWorker-6] SCRAPER: Vérification des tâches en attente (mode appel direct)...
[2025-04-09 11:23:30,776: INFO/ForkPoolWorker-6] SCRAPER: 0 tâches en attente trouvées
[2025-04-09 11:23:30,781: DEBUG/ForkPoolWorker-6] SUCCESS: Task scraping.tasks.check_pending_tasks succeeded with result=None
[2025-04-09 11:23:30,782: INFO/ForkPoolWorker-6] Task scraping.tasks.check_pending_tasks[97e3d2d7-3389-4827-924c-8bd5d10a0d77] succeeded in 0.017007165000904934s: None
[2025-04-09 11:23:30,782: DEBUG/ForkPoolWorker-6] POSTRUN: Task scraping.tasks.check_pending_tasks[97e3d2d7-3389-4827-924c-8bd5d10a0d77] ended with state=SUCCESS
[2025-04-09 11:24:30,337: INFO/MainProcess] Task scraping.tasks.check_user_agents[8ff687d8-4f4a-47f8-85bd-d0d336658b35] received
[2025-04-09 11:24:30,339: DEBUG/ForkPoolWorker-6] PRERUN: Task scraping.tasks.check_user_agents[8ff687d8-4f4a-47f8-85bd-d0d336658b35] started with args=[], kwargs={}
[2025-04-09 11:24:30,342: INFO/ForkPoolWorker-6] SCRAPER: Vérification des agents utilisateur (mode PRODUCTION)
[2025-04-09 11:24:30,354: INFO/ForkPoolWorker-6] SCRAPER: 1 utilisateurs avec des tâches actives
[2025-04-09 11:24:30,359: INFO/ForkPoolWorker-6] SCRAPER: Utilisateur test2@gmail.com - 1 tâches actives, quota: 0/5 
[2025-04-09 11:24:30,360: INFO/ForkPoolWorker-6] SCRAPER: Vérification du job 12 pour l'utilisateur test2@gmail.com
[2025-04-09 11:24:30,362: INFO/MainProcess] Task scraping.tasks.check_job_progress[fd651394-a8f5-472b-81a7-9bf5cacef43c] received
[2025-04-09 11:24:30,362: DEBUG/ForkPoolWorker-6] SUCCESS: Task scraping.tasks.check_user_agents succeeded with result=None
[2025-04-09 11:24:30,363: INFO/ForkPoolWorker-6] Task scraping.tasks.check_user_agents[8ff687d8-4f4a-47f8-85bd-d0d336658b35] succeeded in 0.022875926000779145s: None
[2025-04-09 11:24:30,363: DEBUG/ForkPoolWorker-6] POSTRUN: Task scraping.tasks.check_user_agents[8ff687d8-4f4a-47f8-85bd-d0d336658b35] ended with state=SUCCESS
[2025-04-09 11:24:30,363: DEBUG/ForkPoolWorker-7] PRERUN: Task scraping.tasks.check_job_progress[fd651394-a8f5-472b-81a7-9bf5cacef43c] started with args=[12], kwargs={}
[2025-04-09 11:24:30,373: DEBUG/ForkPoolWorker-7] SUCCESS: Task scraping.tasks.check_job_progress succeeded with result=None
[2025-04-09 11:24:30,374: INFO/ForkPoolWorker-7] Task scraping.tasks.check_job_progress[fd651394-a8f5-472b-81a7-9bf5cacef43c] succeeded in 0.010279203999743913s: None
[2025-04-09 11:24:30,374: DEBUG/ForkPoolWorker-7] POSTRUN: Task scraping.tasks.check_job_progress[fd651394-a8f5-472b-81a7-9bf5cacef43c] ended with state=SUCCESS
[2025-04-09 11:24:30,761: INFO/MainProcess] Task scraping.tasks.check_pending_tasks[254d9f98-b79a-4600-a88e-92c8e5956f30] received
[2025-04-09 11:24:30,763: DEBUG/ForkPoolWorker-6] PRERUN: Task scraping.tasks.check_pending_tasks[254d9f98-b79a-4600-a88e-92c8e5956f30] started with args=[], kwargs={}
[2025-04-09 11:24:30,764: INFO/ForkPoolWorker-6] SCRAPER: Vérification des tâches en attente (mode appel direct)...
[2025-04-09 11:24:30,773: INFO/ForkPoolWorker-6] SCRAPER: 0 tâches en attente trouvées
[2025-04-09 11:24:30,777: DEBUG/ForkPoolWorker-6] SUCCESS: Task scraping.tasks.check_pending_tasks succeeded with result=None
[2025-04-09 11:24:30,777: INFO/ForkPoolWorker-6] Task scraping.tasks.check_pending_tasks[254d9f98-b79a-4600-a88e-92c8e5956f30] succeeded in 0.014110953999988851s: None
[2025-04-09 11:24:30,778: DEBUG/ForkPoolWorker-6] POSTRUN: Task scraping.tasks.check_pending_tasks[254d9f98-b79a-4600-a88e-92c8e5956f30] ended with state=SUCCESS
[2025-04-09 11:25:30,763: INFO/MainProcess] Task scraping.tasks.check_pending_tasks[bd4a9074-ea7b-441c-b52e-c0f3b7ba738d] received
[2025-04-09 11:25:30,765: DEBUG/ForkPoolWorker-6] PRERUN: Task scraping.tasks.check_pending_tasks[bd4a9074-ea7b-441c-b52e-c0f3b7ba738d] started with args=[], kwargs={}
[2025-04-09 11:25:30,767: INFO/ForkPoolWorker-6] SCRAPER: Vérification des tâches en attente (mode appel direct)...
[2025-04-09 11:25:30,778: INFO/ForkPoolWorker-6] SCRAPER: 0 tâches en attente trouvées
[2025-04-09 11:25:30,784: DEBUG/ForkPoolWorker-6] SUCCESS: Task scraping.tasks.check_pending_tasks succeeded with result=None
[2025-04-09 11:25:30,784: INFO/ForkPoolWorker-6] Task scraping.tasks.check_pending_tasks[bd4a9074-ea7b-441c-b52e-c0f3b7ba738d] succeeded in 0.01911772699895664s: None
[2025-04-09 11:25:30,785: DEBUG/ForkPoolWorker-6] POSTRUN: Task scraping.tasks.check_pending_tasks[bd4a9074-ea7b-441c-b52e-c0f3b7ba738d] ended with state=SUCCESS
[2025-04-09 11:26:30,762: INFO/MainProcess] Task scraping.tasks.check_pending_tasks[3d428d7b-9fdf-4108-a7cc-0a67ce5b536f] received
[2025-04-09 11:26:30,764: DEBUG/ForkPoolWorker-6] PRERUN: Task scraping.tasks.check_pending_tasks[3d428d7b-9fdf-4108-a7cc-0a67ce5b536f] started with args=[], kwargs={}
[2025-04-09 11:26:30,766: INFO/ForkPoolWorker-6] SCRAPER: Vérification des tâches en attente (mode appel direct)...
[2025-04-09 11:26:30,778: INFO/ForkPoolWorker-6] SCRAPER: 0 tâches en attente trouvées
[2025-04-09 11:26:30,783: DEBUG/ForkPoolWorker-6] SUCCESS: Task scraping.tasks.check_pending_tasks succeeded with result=None
[2025-04-09 11:26:30,784: INFO/ForkPoolWorker-6] Task scraping.tasks.check_pending_tasks[3d428d7b-9fdf-4108-a7cc-0a67ce5b536f] succeeded in 0.01946023399978003s: None
[2025-04-09 11:26:30,785: DEBUG/ForkPoolWorker-6] POSTRUN: Task scraping.tasks.check_pending_tasks[3d428d7b-9fdf-4108-a7cc-0a67ce5b536f] ended with state=SUCCESS
[2025-04-09 11:27:30,764: INFO/MainProcess] Task scraping.tasks.check_pending_tasks[1be3b3bf-5f41-4110-b2ae-70e52a373457] received
[2025-04-09 11:27:30,765: DEBUG/ForkPoolWorker-6] PRERUN: Task scraping.tasks.check_pending_tasks[1be3b3bf-5f41-4110-b2ae-70e52a373457] started with args=[], kwargs={}
[2025-04-09 11:27:30,767: INFO/ForkPoolWorker-6] SCRAPER: Vérification des tâches en attente (mode appel direct)...
[2025-04-09 11:27:30,779: INFO/ForkPoolWorker-6] SCRAPER: 0 tâches en attente trouvées
[2025-04-09 11:27:30,784: DEBUG/ForkPoolWorker-6] SUCCESS: Task scraping.tasks.check_pending_tasks succeeded with result=None
[2025-04-09 11:27:30,785: INFO/ForkPoolWorker-6] Task scraping.tasks.check_pending_tasks[1be3b3bf-5f41-4110-b2ae-70e52a373457] succeeded in 0.019595636000303784s: None
[2025-04-09 11:27:30,786: DEBUG/ForkPoolWorker-6] POSTRUN: Task scraping.tasks.check_pending_tasks[1be3b3bf-5f41-4110-b2ae-70e52a373457] ended with state=SUCCESS
[2025-04-09 11:28:30,762: INFO/MainProcess] Task scraping.tasks.check_pending_tasks[4f3a73af-b2f4-4b4c-ba8b-92c5503737db] received
[2025-04-09 11:28:30,764: DEBUG/ForkPoolWorker-6] PRERUN: Task scraping.tasks.check_pending_tasks[4f3a73af-b2f4-4b4c-ba8b-92c5503737db] started with args=[], kwargs={}
[2025-04-09 11:28:30,766: INFO/ForkPoolWorker-6] SCRAPER: Vérification des tâches en attente (mode appel direct)...
[2025-04-09 11:28:30,775: INFO/ForkPoolWorker-6] SCRAPER: 0 tâches en attente trouvées
[2025-04-09 11:28:30,778: DEBUG/ForkPoolWorker-6] SUCCESS: Task scraping.tasks.check_pending_tasks succeeded with result=None
[2025-04-09 11:28:30,779: INFO/ForkPoolWorker-6] Task scraping.tasks.check_pending_tasks[4f3a73af-b2f4-4b4c-ba8b-92c5503737db] succeeded in 0.014382150000528782s: None
[2025-04-09 11:28:30,779: DEBUG/ForkPoolWorker-6] POSTRUN: Task scraping.tasks.check_pending_tasks[4f3a73af-b2f4-4b4c-ba8b-92c5503737db] ended with state=SUCCESS
[2025-04-09 11:29:30,375: INFO/MainProcess] Task scraping.tasks.check_user_agents[f13132a9-7e5f-401a-9931-60bf6de712d8] received
[2025-04-09 11:29:30,397: DEBUG/ForkPoolWorker-6] PRERUN: Task scraping.tasks.check_user_agents[f13132a9-7e5f-401a-9931-60bf6de712d8] started with args=[], kwargs={}
[2025-04-09 11:29:30,429: INFO/ForkPoolWorker-6] SCRAPER: Vérification des agents utilisateur (mode PRODUCTION)
[2025-04-09 11:29:30,471: INFO/ForkPoolWorker-6] SCRAPER: 1 utilisateurs avec des tâches actives
[2025-04-09 11:29:30,504: INFO/ForkPoolWorker-6] SCRAPER: Utilisateur test2@gmail.com - 1 tâches actives, quota: 0/5 
[2025-04-09 11:29:30,507: INFO/ForkPoolWorker-6] SCRAPER: Vérification du job 12 pour l'utilisateur test2@gmail.com
[2025-04-09 11:29:30,511: INFO/MainProcess] Task scraping.tasks.check_job_progress[01429602-2c78-46f6-a84f-5bc155846b27] received
[2025-04-09 11:29:30,511: DEBUG/ForkPoolWorker-6] SUCCESS: Task scraping.tasks.check_user_agents succeeded with result=None
[2025-04-09 11:29:30,513: INFO/ForkPoolWorker-6] Task scraping.tasks.check_user_agents[f13132a9-7e5f-401a-9931-60bf6de712d8] succeeded in 0.1142159310002171s: None
[2025-04-09 11:29:30,513: DEBUG/ForkPoolWorker-7] PRERUN: Task scraping.tasks.check_job_progress[01429602-2c78-46f6-a84f-5bc155846b27] started with args=[12], kwargs={}
[2025-04-09 11:29:30,514: DEBUG/ForkPoolWorker-6] POSTRUN: Task scraping.tasks.check_user_agents[f13132a9-7e5f-401a-9931-60bf6de712d8] ended with state=SUCCESS
[2025-04-09 11:29:30,530: DEBUG/ForkPoolWorker-7] SUCCESS: Task scraping.tasks.check_job_progress succeeded with result=None
[2025-04-09 11:29:30,531: INFO/ForkPoolWorker-7] Task scraping.tasks.check_job_progress[01429602-2c78-46f6-a84f-5bc155846b27] succeeded in 0.01708694900116825s: None
[2025-04-09 11:29:30,531: DEBUG/ForkPoolWorker-7] POSTRUN: Task scraping.tasks.check_job_progress[01429602-2c78-46f6-a84f-5bc155846b27] ended with state=SUCCESS
[2025-04-09 11:29:30,762: INFO/MainProcess] Task scraping.tasks.check_pending_tasks[c4c5c878-7d15-452f-ba6f-59c560d4d90d] received
[2025-04-09 11:29:30,764: DEBUG/ForkPoolWorker-6] PRERUN: Task scraping.tasks.check_pending_tasks[c4c5c878-7d15-452f-ba6f-59c560d4d90d] started with args=[], kwargs={}
[2025-04-09 11:29:30,765: INFO/ForkPoolWorker-6] SCRAPER: Vérification des tâches en attente (mode appel direct)...
[2025-04-09 11:29:30,776: INFO/ForkPoolWorker-6] SCRAPER: 0 tâches en attente trouvées
[2025-04-09 11:29:30,781: DEBUG/ForkPoolWorker-6] SUCCESS: Task scraping.tasks.check_pending_tasks succeeded with result=None
[2025-04-09 11:29:30,781: INFO/ForkPoolWorker-6] Task scraping.tasks.check_pending_tasks[c4c5c878-7d15-452f-ba6f-59c560d4d90d] succeeded in 0.016997880999042536s: None
[2025-04-09 11:29:30,782: DEBUG/ForkPoolWorker-6] POSTRUN: Task scraping.tasks.check_pending_tasks[c4c5c878-7d15-452f-ba6f-59c560d4d90d] ended with state=SUCCESS
[2025-04-09 11:30:30,762: INFO/MainProcess] Task scraping.tasks.check_pending_tasks[5ad52464-cbb4-4375-b74c-febdb1d115b6] received
[2025-04-09 11:30:30,764: DEBUG/ForkPoolWorker-6] PRERUN: Task scraping.tasks.check_pending_tasks[5ad52464-cbb4-4375-b74c-febdb1d115b6] started with args=[], kwargs={}
[2025-04-09 11:30:30,765: INFO/ForkPoolWorker-6] SCRAPER: Vérification des tâches en attente (mode appel direct)...
[2025-04-09 11:30:30,777: INFO/ForkPoolWorker-6] SCRAPER: 0 tâches en attente trouvées
[2025-04-09 11:30:30,781: DEBUG/ForkPoolWorker-6] SUCCESS: Task scraping.tasks.check_pending_tasks succeeded with result=None
[2025-04-09 11:30:30,782: INFO/ForkPoolWorker-6] Task scraping.tasks.check_pending_tasks[5ad52464-cbb4-4375-b74c-febdb1d115b6] succeeded in 0.01799193999977433s: None
[2025-04-09 11:30:30,783: DEBUG/ForkPoolWorker-6] POSTRUN: Task scraping.tasks.check_pending_tasks[5ad52464-cbb4-4375-b74c-febdb1d115b6] ended with state=SUCCESS
[2025-04-09 11:31:30,763: INFO/MainProcess] Task scraping.tasks.check_pending_tasks[aa259506-a0dc-4e2d-8d18-dd7288db4479] received
[2025-04-09 11:31:30,765: DEBUG/ForkPoolWorker-6] PRERUN: Task scraping.tasks.check_pending_tasks[aa259506-a0dc-4e2d-8d18-dd7288db4479] started with args=[], kwargs={}
[2025-04-09 11:31:30,767: INFO/ForkPoolWorker-6] SCRAPER: Vérification des tâches en attente (mode appel direct)...
[2025-04-09 11:31:30,776: INFO/ForkPoolWorker-6] SCRAPER: 0 tâches en attente trouvées
[2025-04-09 11:31:30,781: DEBUG/ForkPoolWorker-6] SUCCESS: Task scraping.tasks.check_pending_tasks succeeded with result=None
[2025-04-09 11:31:30,782: INFO/ForkPoolWorker-6] Task scraping.tasks.check_pending_tasks[aa259506-a0dc-4e2d-8d18-dd7288db4479] succeeded in 0.016732416001104866s: None
[2025-04-09 11:31:30,783: DEBUG/ForkPoolWorker-6] POSTRUN: Task scraping.tasks.check_pending_tasks[aa259506-a0dc-4e2d-8d18-dd7288db4479] ended with state=SUCCESS
[2025-04-09 11:32:30,762: INFO/MainProcess] Task scraping.tasks.check_pending_tasks[f891a1e6-2156-44cb-8987-8ff6a91f69e9] received
[2025-04-09 11:32:30,764: DEBUG/ForkPoolWorker-6] PRERUN: Task scraping.tasks.check_pending_tasks[f891a1e6-2156-44cb-8987-8ff6a91f69e9] started with args=[], kwargs={}
[2025-04-09 11:32:30,765: INFO/ForkPoolWorker-6] SCRAPER: Vérification des tâches en attente (mode appel direct)...
[2025-04-09 11:32:30,777: INFO/ForkPoolWorker-6] SCRAPER: 0 tâches en attente trouvées
[2025-04-09 11:32:30,780: DEBUG/ForkPoolWorker-6] SUCCESS: Task scraping.tasks.check_pending_tasks succeeded with result=None
[2025-04-09 11:32:30,781: INFO/ForkPoolWorker-6] Task scraping.tasks.check_pending_tasks[f891a1e6-2156-44cb-8987-8ff6a91f69e9] succeeded in 0.016346314001566498s: None
[2025-04-09 11:32:30,781: DEBUG/ForkPoolWorker-6] POSTRUN: Task scraping.tasks.check_pending_tasks[f891a1e6-2156-44cb-8987-8ff6a91f69e9] ended with state=SUCCESS
[2025-04-09 11:33:30,763: INFO/MainProcess] Task scraping.tasks.check_pending_tasks[613f0658-83fa-4bfb-ac27-f9814edc53fe] received
[2025-04-09 11:33:30,764: DEBUG/ForkPoolWorker-6] PRERUN: Task scraping.tasks.check_pending_tasks[613f0658-83fa-4bfb-ac27-f9814edc53fe] started with args=[], kwargs={}
[2025-04-09 11:33:30,766: INFO/ForkPoolWorker-6] SCRAPER: Vérification des tâches en attente (mode appel direct)...
[2025-04-09 11:33:30,776: INFO/ForkPoolWorker-6] SCRAPER: 0 tâches en attente trouvées
[2025-04-09 11:33:30,781: DEBUG/ForkPoolWorker-6] SUCCESS: Task scraping.tasks.check_pending_tasks succeeded with result=None
[2025-04-09 11:33:30,782: INFO/ForkPoolWorker-6] Task scraping.tasks.check_pending_tasks[613f0658-83fa-4bfb-ac27-f9814edc53fe] succeeded in 0.01704554399839253s: None
[2025-04-09 11:33:30,782: DEBUG/ForkPoolWorker-6] POSTRUN: Task scraping.tasks.check_pending_tasks[613f0658-83fa-4bfb-ac27-f9814edc53fe] ended with state=SUCCESS
[2025-04-09 11:34:30,337: INFO/MainProcess] Task scraping.tasks.check_user_agents[665b7c1d-7300-4b3a-84d0-face7338c442] received
[2025-04-09 11:34:30,338: DEBUG/ForkPoolWorker-6] PRERUN: Task scraping.tasks.check_user_agents[665b7c1d-7300-4b3a-84d0-face7338c442] started with args=[], kwargs={}
[2025-04-09 11:34:30,340: INFO/ForkPoolWorker-6] SCRAPER: Vérification des agents utilisateur (mode PRODUCTION)
[2025-04-09 11:34:30,351: INFO/ForkPoolWorker-6] SCRAPER: 1 utilisateurs avec des tâches actives
[2025-04-09 11:34:30,358: INFO/ForkPoolWorker-6] SCRAPER: Utilisateur test2@gmail.com - 1 tâches actives, quota: 0/5 
[2025-04-09 11:34:30,360: INFO/ForkPoolWorker-6] SCRAPER: Vérification du job 12 pour l'utilisateur test2@gmail.com
[2025-04-09 11:34:30,363: INFO/MainProcess] Task scraping.tasks.check_job_progress[595f6a1e-3611-4047-9b57-394318e5db85] received
[2025-04-09 11:34:30,363: DEBUG/ForkPoolWorker-6] SUCCESS: Task scraping.tasks.check_user_agents succeeded with result=None
[2025-04-09 11:34:30,364: INFO/ForkPoolWorker-6] Task scraping.tasks.check_user_agents[665b7c1d-7300-4b3a-84d0-face7338c442] succeeded in 0.02493699400110927s: None
[2025-04-09 11:34:30,364: DEBUG/ForkPoolWorker-6] POSTRUN: Task scraping.tasks.check_user_agents[665b7c1d-7300-4b3a-84d0-face7338c442] ended with state=SUCCESS
[2025-04-09 11:34:30,364: DEBUG/ForkPoolWorker-7] PRERUN: Task scraping.tasks.check_job_progress[595f6a1e-3611-4047-9b57-394318e5db85] started with args=[12], kwargs={}
[2025-04-09 11:34:30,378: DEBUG/ForkPoolWorker-7] SUCCESS: Task scraping.tasks.check_job_progress succeeded with result=None
[2025-04-09 11:34:30,379: INFO/ForkPoolWorker-7] Task scraping.tasks.check_job_progress[595f6a1e-3611-4047-9b57-394318e5db85] succeeded in 0.014211768999302876s: None
[2025-04-09 11:34:30,380: DEBUG/ForkPoolWorker-7] POSTRUN: Task scraping.tasks.check_job_progress[595f6a1e-3611-4047-9b57-394318e5db85] ended with state=SUCCESS
[2025-04-09 11:34:30,762: INFO/MainProcess] Task scraping.tasks.check_pending_tasks[05bd20bc-e06c-4c8c-be00-00b6a17a32e6] received
[2025-04-09 11:34:30,763: DEBUG/ForkPoolWorker-6] PRERUN: Task scraping.tasks.check_pending_tasks[05bd20bc-e06c-4c8c-be00-00b6a17a32e6] started with args=[], kwargs={}
[2025-04-09 11:34:30,764: INFO/ForkPoolWorker-6] SCRAPER: Vérification des tâches en attente (mode appel direct)...
[2025-04-09 11:34:30,774: INFO/ForkPoolWorker-6] SCRAPER: 0 tâches en attente trouvées
[2025-04-09 11:34:30,777: DEBUG/ForkPoolWorker-6] SUCCESS: Task scraping.tasks.check_pending_tasks succeeded with result=None
[2025-04-09 11:34:30,778: INFO/ForkPoolWorker-6] Task scraping.tasks.check_pending_tasks[05bd20bc-e06c-4c8c-be00-00b6a17a32e6] succeeded in 0.014492881000478519s: None
[2025-04-09 11:34:30,778: DEBUG/ForkPoolWorker-6] POSTRUN: Task scraping.tasks.check_pending_tasks[05bd20bc-e06c-4c8c-be00-00b6a17a32e6] ended with state=SUCCESS
[2025-04-09 11:35:30,763: INFO/MainProcess] Task scraping.tasks.check_pending_tasks[694fdb25-678d-46ac-8171-0ade90b9f40d] received
[2025-04-09 11:35:30,764: DEBUG/ForkPoolWorker-6] PRERUN: Task scraping.tasks.check_pending_tasks[694fdb25-678d-46ac-8171-0ade90b9f40d] started with args=[], kwargs={}
[2025-04-09 11:35:30,765: INFO/ForkPoolWorker-6] SCRAPER: Vérification des tâches en attente (mode appel direct)...
[2025-04-09 11:35:30,776: INFO/ForkPoolWorker-6] SCRAPER: 0 tâches en attente trouvées
[2025-04-09 11:35:30,780: DEBUG/ForkPoolWorker-6] SUCCESS: Task scraping.tasks.check_pending_tasks succeeded with result=None
[2025-04-09 11:35:30,781: INFO/ForkPoolWorker-6] Task scraping.tasks.check_pending_tasks[694fdb25-678d-46ac-8171-0ade90b9f40d] succeeded in 0.016342256998541416s: None
[2025-04-09 11:35:30,781: DEBUG/ForkPoolWorker-6] POSTRUN: Task scraping.tasks.check_pending_tasks[694fdb25-678d-46ac-8171-0ade90b9f40d] ended with state=SUCCESS
[2025-04-09 11:36:30,762: INFO/MainProcess] Task scraping.tasks.check_pending_tasks[03b55e2c-d9b0-4e96-84b9-18bd31d98f5a] received
[2025-04-09 11:36:30,763: DEBUG/ForkPoolWorker-6] PRERUN: Task scraping.tasks.check_pending_tasks[03b55e2c-d9b0-4e96-84b9-18bd31d98f5a] started with args=[], kwargs={}
[2025-04-09 11:36:30,765: INFO/ForkPoolWorker-6] SCRAPER: Vérification des tâches en attente (mode appel direct)...
[2025-04-09 11:36:30,776: INFO/ForkPoolWorker-6] SCRAPER: 0 tâches en attente trouvées
[2025-04-09 11:36:30,780: DEBUG/ForkPoolWorker-6] SUCCESS: Task scraping.tasks.check_pending_tasks succeeded with result=None
[2025-04-09 11:36:30,781: INFO/ForkPoolWorker-6] Task scraping.tasks.check_pending_tasks[03b55e2c-d9b0-4e96-84b9-18bd31d98f5a] succeeded in 0.016961219000222627s: None
[2025-04-09 11:36:30,781: DEBUG/ForkPoolWorker-6] POSTRUN: Task scraping.tasks.check_pending_tasks[03b55e2c-d9b0-4e96-84b9-18bd31d98f5a] ended with state=SUCCESS
[2025-04-09 11:37:30,764: INFO/MainProcess] Task scraping.tasks.check_pending_tasks[0794e04b-d8cc-4032-89c2-4e58be4e5319] received
[2025-04-09 11:37:30,765: DEBUG/ForkPoolWorker-6] PRERUN: Task scraping.tasks.check_pending_tasks[0794e04b-d8cc-4032-89c2-4e58be4e5319] started with args=[], kwargs={}
[2025-04-09 11:37:30,768: INFO/ForkPoolWorker-6] SCRAPER: Vérification des tâches en attente (mode appel direct)...
[2025-04-09 11:37:30,781: INFO/ForkPoolWorker-6] SCRAPER: 0 tâches en attente trouvées
[2025-04-09 11:37:30,786: DEBUG/ForkPoolWorker-6] SUCCESS: Task scraping.tasks.check_pending_tasks succeeded with result=None
[2025-04-09 11:37:30,787: INFO/ForkPoolWorker-6] Task scraping.tasks.check_pending_tasks[0794e04b-d8cc-4032-89c2-4e58be4e5319] succeeded in 0.02059358299993619s: None
[2025-04-09 11:37:30,788: DEBUG/ForkPoolWorker-6] POSTRUN: Task scraping.tasks.check_pending_tasks[0794e04b-d8cc-4032-89c2-4e58be4e5319] ended with state=SUCCESS
[2025-04-09 11:38:30,763: INFO/MainProcess] Task scraping.tasks.check_pending_tasks[8814ae7b-c985-4820-a96a-7ad31d78e41b] received
[2025-04-09 11:38:30,765: DEBUG/ForkPoolWorker-6] PRERUN: Task scraping.tasks.check_pending_tasks[8814ae7b-c985-4820-a96a-7ad31d78e41b] started with args=[], kwargs={}
[2025-04-09 11:38:30,767: INFO/ForkPoolWorker-6] SCRAPER: Vérification des tâches en attente (mode appel direct)...
[2025-04-09 11:38:30,782: INFO/ForkPoolWorker-6] SCRAPER: 0 tâches en attente trouvées
[2025-04-09 11:38:30,785: DEBUG/ForkPoolWorker-6] SUCCESS: Task scraping.tasks.check_pending_tasks succeeded with result=None
[2025-04-09 11:38:30,786: INFO/ForkPoolWorker-6] Task scraping.tasks.check_pending_tasks[8814ae7b-c985-4820-a96a-7ad31d78e41b] succeeded in 0.020594134999555536s: None
[2025-04-09 11:38:30,786: DEBUG/ForkPoolWorker-6] POSTRUN: Task scraping.tasks.check_pending_tasks[8814ae7b-c985-4820-a96a-7ad31d78e41b] ended with state=SUCCESS
[2025-04-09 11:39:30,337: INFO/MainProcess] Task scraping.tasks.check_user_agents[321cc612-645d-4df6-8705-e937632b6b6f] received
[2025-04-09 11:39:30,339: DEBUG/ForkPoolWorker-6] PRERUN: Task scraping.tasks.check_user_agents[321cc612-645d-4df6-8705-e937632b6b6f] started with args=[], kwargs={}
[2025-04-09 11:39:30,340: INFO/ForkPoolWorker-6] SCRAPER: Vérification des agents utilisateur (mode PRODUCTION)
[2025-04-09 11:39:30,349: INFO/ForkPoolWorker-6] SCRAPER: 1 utilisateurs avec des tâches actives
[2025-04-09 11:39:30,357: INFO/ForkPoolWorker-6] SCRAPER: Utilisateur test2@gmail.com - 1 tâches actives, quota: 0/5 
[2025-04-09 11:39:30,360: INFO/ForkPoolWorker-6] SCRAPER: Vérification du job 12 pour l'utilisateur test2@gmail.com
[2025-04-09 11:39:30,362: INFO/MainProcess] Task scraping.tasks.check_job_progress[6dfd988d-3b02-438d-b57b-c58ada13e6b1] received
[2025-04-09 11:39:30,362: DEBUG/ForkPoolWorker-6] SUCCESS: Task scraping.tasks.check_user_agents succeeded with result=None
[2025-04-09 11:39:30,363: INFO/ForkPoolWorker-6] Task scraping.tasks.check_user_agents[321cc612-645d-4df6-8705-e937632b6b6f] succeeded in 0.023620212999958312s: None
[2025-04-09 11:39:30,363: DEBUG/ForkPoolWorker-6] POSTRUN: Task scraping.tasks.check_user_agents[321cc612-645d-4df6-8705-e937632b6b6f] ended with state=SUCCESS
[2025-04-09 11:39:30,363: DEBUG/ForkPoolWorker-7] PRERUN: Task scraping.tasks.check_job_progress[6dfd988d-3b02-438d-b57b-c58ada13e6b1] started with args=[12], kwargs={}
[2025-04-09 11:39:30,378: DEBUG/ForkPoolWorker-7] SUCCESS: Task scraping.tasks.check_job_progress succeeded with result=None
[2025-04-09 11:39:30,379: INFO/ForkPoolWorker-7] Task scraping.tasks.check_job_progress[6dfd988d-3b02-438d-b57b-c58ada13e6b1] succeeded in 0.014651752000645502s: None
[2025-04-09 11:39:30,379: DEBUG/ForkPoolWorker-7] POSTRUN: Task scraping.tasks.check_job_progress[6dfd988d-3b02-438d-b57b-c58ada13e6b1] ended with state=SUCCESS
[2025-04-09 11:39:30,762: INFO/MainProcess] Task scraping.tasks.check_pending_tasks[24869e43-dc68-441d-aa3a-dc9581dae50f] received
[2025-04-09 11:39:30,763: DEBUG/ForkPoolWorker-6] PRERUN: Task scraping.tasks.check_pending_tasks[24869e43-dc68-441d-aa3a-dc9581dae50f] started with args=[], kwargs={}
[2025-04-09 11:39:30,765: INFO/ForkPoolWorker-6] SCRAPER: Vérification des tâches en attente (mode appel direct)...
[2025-04-09 11:39:30,774: INFO/ForkPoolWorker-6] SCRAPER: 0 tâches en attente trouvées
[2025-04-09 11:39:30,778: DEBUG/ForkPoolWorker-6] SUCCESS: Task scraping.tasks.check_pending_tasks succeeded with result=None
[2025-04-09 11:39:30,779: INFO/ForkPoolWorker-6] Task scraping.tasks.check_pending_tasks[24869e43-dc68-441d-aa3a-dc9581dae50f] succeeded in 0.014905948000887292s: None
[2025-04-09 11:39:30,779: DEBUG/ForkPoolWorker-6] POSTRUN: Task scraping.tasks.check_pending_tasks[24869e43-dc68-441d-aa3a-dc9581dae50f] ended with state=SUCCESS
[2025-04-09 11:40:30,762: INFO/MainProcess] Task scraping.tasks.check_pending_tasks[8706219e-4004-46b0-9e85-3e697e01808e] received
[2025-04-09 11:40:30,764: DEBUG/ForkPoolWorker-6] PRERUN: Task scraping.tasks.check_pending_tasks[8706219e-4004-46b0-9e85-3e697e01808e] started with args=[], kwargs={}
[2025-04-09 11:40:30,766: INFO/ForkPoolWorker-6] SCRAPER: Vérification des tâches en attente (mode appel direct)...
[2025-04-09 11:40:30,777: INFO/ForkPoolWorker-6] SCRAPER: 0 tâches en attente trouvées
[2025-04-09 11:40:30,781: DEBUG/ForkPoolWorker-6] SUCCESS: Task scraping.tasks.check_pending_tasks succeeded with result=None
[2025-04-09 11:40:30,782: INFO/ForkPoolWorker-6] Task scraping.tasks.check_pending_tasks[8706219e-4004-46b0-9e85-3e697e01808e] succeeded in 0.017258685000342666s: None
[2025-04-09 11:40:30,783: DEBUG/ForkPoolWorker-6] POSTRUN: Task scraping.tasks.check_pending_tasks[8706219e-4004-46b0-9e85-3e697e01808e] ended with state=SUCCESS
[2025-04-09 11:41:30,763: INFO/MainProcess] Task scraping.tasks.check_pending_tasks[c996889f-269e-4ce2-af54-d1e1b3e661b9] received
[2025-04-09 11:41:30,765: DEBUG/ForkPoolWorker-6] PRERUN: Task scraping.tasks.check_pending_tasks[c996889f-269e-4ce2-af54-d1e1b3e661b9] started with args=[], kwargs={}
[2025-04-09 11:41:30,767: INFO/ForkPoolWorker-6] SCRAPER: Vérification des tâches en attente (mode appel direct)...
[2025-04-09 11:41:30,780: INFO/ForkPoolWorker-6] SCRAPER: 0 tâches en attente trouvées
[2025-04-09 11:41:30,784: DEBUG/ForkPoolWorker-6] SUCCESS: Task scraping.tasks.check_pending_tasks succeeded with result=None
[2025-04-09 11:41:30,784: INFO/ForkPoolWorker-6] Task scraping.tasks.check_pending_tasks[c996889f-269e-4ce2-af54-d1e1b3e661b9] succeeded in 0.018770921999021084s: None
[2025-04-09 11:41:30,785: DEBUG/ForkPoolWorker-6] POSTRUN: Task scraping.tasks.check_pending_tasks[c996889f-269e-4ce2-af54-d1e1b3e661b9] ended with state=SUCCESS
[2025-04-09 11:42:30,763: INFO/MainProcess] Task scraping.tasks.check_pending_tasks[c792d9ec-8641-48cd-8f7c-d8e4a873a350] received
[2025-04-09 11:42:30,764: DEBUG/ForkPoolWorker-6] PRERUN: Task scraping.tasks.check_pending_tasks[c792d9ec-8641-48cd-8f7c-d8e4a873a350] started with args=[], kwargs={}
[2025-04-09 11:42:30,766: INFO/ForkPoolWorker-6] SCRAPER: Vérification des tâches en attente (mode appel direct)...
[2025-04-09 11:42:30,778: INFO/ForkPoolWorker-6] SCRAPER: 0 tâches en attente trouvées
[2025-04-09 11:42:30,783: DEBUG/ForkPoolWorker-6] SUCCESS: Task scraping.tasks.check_pending_tasks succeeded with result=None
[2025-04-09 11:42:30,783: INFO/ForkPoolWorker-6] Task scraping.tasks.check_pending_tasks[c792d9ec-8641-48cd-8f7c-d8e4a873a350] succeeded in 0.018337868999878992s: None
[2025-04-09 11:42:30,784: DEBUG/ForkPoolWorker-6] POSTRUN: Task scraping.tasks.check_pending_tasks[c792d9ec-8641-48cd-8f7c-d8e4a873a350] ended with state=SUCCESS
[2025-04-09 11:43:30,762: INFO/MainProcess] Task scraping.tasks.check_pending_tasks[09881b86-bdb8-4cb0-a415-9c220927c2af] received
[2025-04-09 11:43:30,763: DEBUG/ForkPoolWorker-6] PRERUN: Task scraping.tasks.check_pending_tasks[09881b86-bdb8-4cb0-a415-9c220927c2af] started with args=[], kwargs={}
[2025-04-09 11:43:30,765: INFO/ForkPoolWorker-6] SCRAPER: Vérification des tâches en attente (mode appel direct)...
[2025-04-09 11:43:30,774: INFO/ForkPoolWorker-6] SCRAPER: 0 tâches en attente trouvées
[2025-04-09 11:43:30,777: DEBUG/ForkPoolWorker-6] SUCCESS: Task scraping.tasks.check_pending_tasks succeeded with result=None
[2025-04-09 11:43:30,778: INFO/ForkPoolWorker-6] Task scraping.tasks.check_pending_tasks[09881b86-bdb8-4cb0-a415-9c220927c2af] succeeded in 0.014096761000473634s: None
[2025-04-09 11:43:30,779: DEBUG/ForkPoolWorker-6] POSTRUN: Task scraping.tasks.check_pending_tasks[09881b86-bdb8-4cb0-a415-9c220927c2af] ended with state=SUCCESS
[2025-04-09 11:44:30,337: INFO/MainProcess] Task scraping.tasks.check_user_agents[5c4fb6aa-b6e7-40fe-9c2d-0e8de1601db8] received
[2025-04-09 11:44:30,338: DEBUG/ForkPoolWorker-6] PRERUN: Task scraping.tasks.check_user_agents[5c4fb6aa-b6e7-40fe-9c2d-0e8de1601db8] started with args=[], kwargs={}
[2025-04-09 11:44:30,340: INFO/ForkPoolWorker-6] SCRAPER: Vérification des agents utilisateur (mode PRODUCTION)
[2025-04-09 11:44:30,351: INFO/ForkPoolWorker-6] SCRAPER: 1 utilisateurs avec des tâches actives
[2025-04-09 11:44:30,358: INFO/ForkPoolWorker-6] SCRAPER: Utilisateur test2@gmail.com - 1 tâches actives, quota: 0/5 
[2025-04-09 11:44:30,363: INFO/ForkPoolWorker-6] SCRAPER: Vérification du job 12 pour l'utilisateur test2@gmail.com
[2025-04-09 11:44:30,366: INFO/MainProcess] Task scraping.tasks.check_job_progress[43031875-1898-4212-aea4-a92b0e3504ab] received
[2025-04-09 11:44:30,367: DEBUG/ForkPoolWorker-6] SUCCESS: Task scraping.tasks.check_user_agents succeeded with result=None
[2025-04-09 11:44:30,367: INFO/ForkPoolWorker-6] Task scraping.tasks.check_user_agents[5c4fb6aa-b6e7-40fe-9c2d-0e8de1601db8] succeeded in 0.028254310998818255s: None
[2025-04-09 11:44:30,368: DEBUG/ForkPoolWorker-6] POSTRUN: Task scraping.tasks.check_user_agents[5c4fb6aa-b6e7-40fe-9c2d-0e8de1601db8] ended with state=SUCCESS
[2025-04-09 11:44:30,368: DEBUG/ForkPoolWorker-7] PRERUN: Task scraping.tasks.check_job_progress[43031875-1898-4212-aea4-a92b0e3504ab] started with args=[12], kwargs={}
[2025-04-09 11:44:30,384: DEBUG/ForkPoolWorker-7] SUCCESS: Task scraping.tasks.check_job_progress succeeded with result=None
[2025-04-09 11:44:30,385: INFO/ForkPoolWorker-7] Task scraping.tasks.check_job_progress[43031875-1898-4212-aea4-a92b0e3504ab] succeeded in 0.01596095099921513s: None
[2025-04-09 11:44:30,385: DEBUG/ForkPoolWorker-7] POSTRUN: Task scraping.tasks.check_job_progress[43031875-1898-4212-aea4-a92b0e3504ab] ended with state=SUCCESS
[2025-04-09 11:44:30,763: INFO/MainProcess] Task scraping.tasks.check_pending_tasks[bb570466-5371-4d14-960f-335bd1070b0e] received
[2025-04-09 11:44:30,764: DEBUG/ForkPoolWorker-6] PRERUN: Task scraping.tasks.check_pending_tasks[bb570466-5371-4d14-960f-335bd1070b0e] started with args=[], kwargs={}
[2025-04-09 11:44:30,766: INFO/ForkPoolWorker-6] SCRAPER: Vérification des tâches en attente (mode appel direct)...
[2025-04-09 11:44:30,776: INFO/ForkPoolWorker-6] SCRAPER: 0 tâches en attente trouvées
[2025-04-09 11:44:30,781: DEBUG/ForkPoolWorker-6] SUCCESS: Task scraping.tasks.check_pending_tasks succeeded with result=None
[2025-04-09 11:44:30,781: INFO/ForkPoolWorker-6] Task scraping.tasks.check_pending_tasks[bb570466-5371-4d14-960f-335bd1070b0e] succeeded in 0.01679108499956783s: None
[2025-04-09 11:44:30,782: DEBUG/ForkPoolWorker-6] POSTRUN: Task scraping.tasks.check_pending_tasks[bb570466-5371-4d14-960f-335bd1070b0e] ended with state=SUCCESS
[2025-04-09 11:45:30,763: INFO/MainProcess] Task scraping.tasks.check_pending_tasks[f6732c04-c666-4af8-8321-aec70dbf3dd9] received
[2025-04-09 11:45:30,764: DEBUG/ForkPoolWorker-6] PRERUN: Task scraping.tasks.check_pending_tasks[f6732c04-c666-4af8-8321-aec70dbf3dd9] started with args=[], kwargs={}
[2025-04-09 11:45:30,766: INFO/ForkPoolWorker-6] SCRAPER: Vérification des tâches en attente (mode appel direct)...
[2025-04-09 11:45:30,787: INFO/ForkPoolWorker-6] SCRAPER: 0 tâches en attente trouvées
[2025-04-09 11:45:30,792: DEBUG/ForkPoolWorker-6] SUCCESS: Task scraping.tasks.check_pending_tasks succeeded with result=None
[2025-04-09 11:45:30,793: INFO/ForkPoolWorker-6] Task scraping.tasks.check_pending_tasks[f6732c04-c666-4af8-8321-aec70dbf3dd9] succeeded in 0.02754172999993898s: None
[2025-04-09 11:45:30,793: DEBUG/ForkPoolWorker-6] POSTRUN: Task scraping.tasks.check_pending_tasks[f6732c04-c666-4af8-8321-aec70dbf3dd9] ended with state=SUCCESS
[2025-04-09 11:46:30,763: INFO/MainProcess] Task scraping.tasks.check_pending_tasks[9409d1cb-a169-425a-9bf1-36b3877cf01b] received
[2025-04-09 11:46:30,764: DEBUG/ForkPoolWorker-6] PRERUN: Task scraping.tasks.check_pending_tasks[9409d1cb-a169-425a-9bf1-36b3877cf01b] started with args=[], kwargs={}
[2025-04-09 11:46:30,766: INFO/ForkPoolWorker-6] SCRAPER: Vérification des tâches en attente (mode appel direct)...
[2025-04-09 11:46:30,778: INFO/ForkPoolWorker-6] SCRAPER: 0 tâches en attente trouvées
[2025-04-09 11:46:30,782: DEBUG/ForkPoolWorker-6] SUCCESS: Task scraping.tasks.check_pending_tasks succeeded with result=None
[2025-04-09 11:46:30,783: INFO/ForkPoolWorker-6] Task scraping.tasks.check_pending_tasks[9409d1cb-a169-425a-9bf1-36b3877cf01b] succeeded in 0.017933135999555816s: None
[2025-04-09 11:46:30,784: DEBUG/ForkPoolWorker-6] POSTRUN: Task scraping.tasks.check_pending_tasks[9409d1cb-a169-425a-9bf1-36b3877cf01b] ended with state=SUCCESS
[2025-04-09 11:47:30,763: INFO/MainProcess] Task scraping.tasks.check_pending_tasks[f98d10d0-7fb3-4542-9799-556c41696c45] received
[2025-04-09 11:47:30,764: DEBUG/ForkPoolWorker-6] PRERUN: Task scraping.tasks.check_pending_tasks[f98d10d0-7fb3-4542-9799-556c41696c45] started with args=[], kwargs={}
[2025-04-09 11:47:30,766: INFO/ForkPoolWorker-6] SCRAPER: Vérification des tâches en attente (mode appel direct)...
[2025-04-09 11:47:30,777: INFO/ForkPoolWorker-6] SCRAPER: 0 tâches en attente trouvées
[2025-04-09 11:47:30,781: DEBUG/ForkPoolWorker-6] SUCCESS: Task scraping.tasks.check_pending_tasks succeeded with result=None
[2025-04-09 11:47:30,782: INFO/ForkPoolWorker-6] Task scraping.tasks.check_pending_tasks[f98d10d0-7fb3-4542-9799-556c41696c45] succeeded in 0.016745164999520057s: None
[2025-04-09 11:47:30,782: DEBUG/ForkPoolWorker-6] POSTRUN: Task scraping.tasks.check_pending_tasks[f98d10d0-7fb3-4542-9799-556c41696c45] ended with state=SUCCESS
[2025-04-09 11:48:30,763: INFO/MainProcess] Task scraping.tasks.check_pending_tasks[14ea89fe-11eb-4780-b29b-2b3ee9d3b77f] received
[2025-04-09 11:48:30,764: DEBUG/ForkPoolWorker-6] PRERUN: Task scraping.tasks.check_pending_tasks[14ea89fe-11eb-4780-b29b-2b3ee9d3b77f] started with args=[], kwargs={}
[2025-04-09 11:48:30,766: INFO/ForkPoolWorker-6] SCRAPER: Vérification des tâches en attente (mode appel direct)...
[2025-04-09 11:48:30,775: INFO/ForkPoolWorker-6] SCRAPER: 0 tâches en attente trouvées
[2025-04-09 11:48:30,778: DEBUG/ForkPoolWorker-6] SUCCESS: Task scraping.tasks.check_pending_tasks succeeded with result=None
[2025-04-09 11:48:30,779: INFO/ForkPoolWorker-6] Task scraping.tasks.check_pending_tasks[14ea89fe-11eb-4780-b29b-2b3ee9d3b77f] succeeded in 0.013922624999395339s: None
[2025-04-09 11:48:30,779: DEBUG/ForkPoolWorker-6] POSTRUN: Task scraping.tasks.check_pending_tasks[14ea89fe-11eb-4780-b29b-2b3ee9d3b77f] ended with state=SUCCESS
[2025-04-09 11:49:30,337: INFO/MainProcess] Task scraping.tasks.check_user_agents[4d106a6f-2207-4c12-95ca-ea3787e4bcd9] received
[2025-04-09 11:49:30,338: DEBUG/ForkPoolWorker-6] PRERUN: Task scraping.tasks.check_user_agents[4d106a6f-2207-4c12-95ca-ea3787e4bcd9] started with args=[], kwargs={}
[2025-04-09 11:49:30,340: INFO/ForkPoolWorker-6] SCRAPER: Vérification des agents utilisateur (mode PRODUCTION)
[2025-04-09 11:49:30,349: INFO/ForkPoolWorker-6] SCRAPER: 1 utilisateurs avec des tâches actives
[2025-04-09 11:49:30,355: INFO/ForkPoolWorker-6] SCRAPER: Utilisateur test2@gmail.com - 1 tâches actives, quota: 0/5 
[2025-04-09 11:49:30,358: INFO/ForkPoolWorker-6] SCRAPER: Vérification du job 12 pour l'utilisateur test2@gmail.com
[2025-04-09 11:49:30,360: INFO/MainProcess] Task scraping.tasks.check_job_progress[e088297d-7103-4a42-a889-cf77e7cf7fb6] received
[2025-04-09 11:49:30,360: DEBUG/ForkPoolWorker-6] SUCCESS: Task scraping.tasks.check_user_agents succeeded with result=None
[2025-04-09 11:49:30,361: INFO/ForkPoolWorker-6] Task scraping.tasks.check_user_agents[4d106a6f-2207-4c12-95ca-ea3787e4bcd9] succeeded in 0.02221871999972791s: None
[2025-04-09 11:49:30,362: DEBUG/ForkPoolWorker-6] POSTRUN: Task scraping.tasks.check_user_agents[4d106a6f-2207-4c12-95ca-ea3787e4bcd9] ended with state=SUCCESS
[2025-04-09 11:49:30,362: DEBUG/ForkPoolWorker-7] PRERUN: Task scraping.tasks.check_job_progress[e088297d-7103-4a42-a889-cf77e7cf7fb6] started with args=[12], kwargs={}
[2025-04-09 11:49:30,375: DEBUG/ForkPoolWorker-7] SUCCESS: Task scraping.tasks.check_job_progress succeeded with result=None
[2025-04-09 11:49:30,376: INFO/ForkPoolWorker-7] Task scraping.tasks.check_job_progress[e088297d-7103-4a42-a889-cf77e7cf7fb6] succeeded in 0.01381208900056663s: None
[2025-04-09 11:49:30,377: DEBUG/ForkPoolWorker-7] POSTRUN: Task scraping.tasks.check_job_progress[e088297d-7103-4a42-a889-cf77e7cf7fb6] ended with state=SUCCESS
[2025-04-09 11:49:30,762: INFO/MainProcess] Task scraping.tasks.check_pending_tasks[be2a1b74-f481-4a67-972d-0f9c6a2acd9e] received
[2025-04-09 11:49:30,764: DEBUG/ForkPoolWorker-6] PRERUN: Task scraping.tasks.check_pending_tasks[be2a1b74-f481-4a67-972d-0f9c6a2acd9e] started with args=[], kwargs={}
[2025-04-09 11:49:30,765: INFO/ForkPoolWorker-6] SCRAPER: Vérification des tâches en attente (mode appel direct)...
[2025-04-09 11:49:30,775: INFO/ForkPoolWorker-6] SCRAPER: 0 tâches en attente trouvées
[2025-04-09 11:49:30,779: DEBUG/ForkPoolWorker-6] SUCCESS: Task scraping.tasks.check_pending_tasks succeeded with result=None
[2025-04-09 11:49:30,780: INFO/ForkPoolWorker-6] Task scraping.tasks.check_pending_tasks[be2a1b74-f481-4a67-972d-0f9c6a2acd9e] succeeded in 0.015557427001112956s: None
[2025-04-09 11:49:30,780: DEBUG/ForkPoolWorker-6] POSTRUN: Task scraping.tasks.check_pending_tasks[be2a1b74-f481-4a67-972d-0f9c6a2acd9e] ended with state=SUCCESS
[2025-04-09 11:50:30,763: INFO/MainProcess] Task scraping.tasks.check_pending_tasks[f8ffca48-a130-40ae-b431-e04176fc3a0f] received
[2025-04-09 11:50:30,765: DEBUG/ForkPoolWorker-6] PRERUN: Task scraping.tasks.check_pending_tasks[f8ffca48-a130-40ae-b431-e04176fc3a0f] started with args=[], kwargs={}
[2025-04-09 11:50:30,767: INFO/ForkPoolWorker-6] SCRAPER: Vérification des tâches en attente (mode appel direct)...
[2025-04-09 11:50:30,776: INFO/ForkPoolWorker-6] SCRAPER: 0 tâches en attente trouvées
[2025-04-09 11:50:30,780: DEBUG/ForkPoolWorker-6] SUCCESS: Task scraping.tasks.check_pending_tasks succeeded with result=None
[2025-04-09 11:50:30,781: INFO/ForkPoolWorker-6] Task scraping.tasks.check_pending_tasks[f8ffca48-a130-40ae-b431-e04176fc3a0f] succeeded in 0.015879780999966897s: None
[2025-04-09 11:50:30,782: DEBUG/ForkPoolWorker-6] POSTRUN: Task scraping.tasks.check_pending_tasks[f8ffca48-a130-40ae-b431-e04176fc3a0f] ended with state=SUCCESS
[2025-04-09 11:51:30,763: INFO/MainProcess] Task scraping.tasks.check_pending_tasks[e6c527c2-a676-4107-941f-d67bb070845b] received
[2025-04-09 11:51:30,765: DEBUG/ForkPoolWorker-6] PRERUN: Task scraping.tasks.check_pending_tasks[e6c527c2-a676-4107-941f-d67bb070845b] started with args=[], kwargs={}
[2025-04-09 11:51:30,766: INFO/ForkPoolWorker-6] SCRAPER: Vérification des tâches en attente (mode appel direct)...
[2025-04-09 11:51:30,776: INFO/ForkPoolWorker-6] SCRAPER: 0 tâches en attente trouvées
[2025-04-09 11:51:30,781: DEBUG/ForkPoolWorker-6] SUCCESS: Task scraping.tasks.check_pending_tasks succeeded with result=None
[2025-04-09 11:51:30,781: INFO/ForkPoolWorker-6] Task scraping.tasks.check_pending_tasks[e6c527c2-a676-4107-941f-d67bb070845b] succeeded in 0.01602581800034386s: None
