[2025-04-09 13:03:31,399: DEBUG/ForkPoolWorker-6] POSTRUN: Task scraping.tasks.check_pending_tasks[f609b4ca-ef66-4d76-ac8f-83f52dd4d514] ended with state=SUCCESS
[2025-04-09 13:04:30,415: INFO/MainProcess] Task scraping.tasks.check_user_agents[c2df4bb1-c6b9-4dc2-baf5-f28feda9c44f] received
[2025-04-09 13:04:30,417: DEBUG/ForkPoolWorker-6] PRERUN: Task scraping.tasks.check_user_agents[c2df4bb1-c6b9-4dc2-baf5-f28feda9c44f] started with args=[], kwargs={}
[2025-04-09 13:04:30,419: INFO/ForkPoolWorker-6] SCRAPER: Vérification des agents utilisateur (mode PRODUCTION)
[2025-04-09 13:04:30,431: INFO/ForkPoolWorker-6] SCRAPER: 1 utilisateurs avec des tâches actives
[2025-04-09 13:04:30,439: INFO/ForkPoolWorker-6] SCRAPER: Utilisateur test2@gmail.com - 1 tâches actives, quota: 0/5 
[2025-04-09 13:04:30,442: INFO/ForkPoolWorker-6] SCRAPER: Vérification du job 12 pour l'utilisateur test2@gmail.com
[2025-04-09 13:04:30,446: INFO/MainProcess] Task scraping.tasks.check_job_progress[94d3f86d-a73a-435c-a187-87dbbcd0e43c] received
[2025-04-09 13:04:30,446: DEBUG/ForkPoolWorker-6] SUCCESS: Task scraping.tasks.check_user_agents succeeded with result=None
[2025-04-09 13:04:30,447: INFO/ForkPoolWorker-6] Task scraping.tasks.check_user_agents[c2df4bb1-c6b9-4dc2-baf5-f28feda9c44f] succeeded in 0.029048718002741225s: None
[2025-04-09 13:04:30,447: DEBUG/ForkPoolWorker-7] PRERUN: Task scraping.tasks.check_job_progress[94d3f86d-a73a-435c-a187-87dbbcd0e43c] started with args=[12], kwargs={}
[2025-04-09 13:04:30,447: DEBUG/ForkPoolWorker-6] POSTRUN: Task scraping.tasks.check_user_agents[c2df4bb1-c6b9-4dc2-baf5-f28feda9c44f] ended with state=SUCCESS
[2025-04-09 13:04:30,463: DEBUG/ForkPoolWorker-7] SUCCESS: Task scraping.tasks.check_job_progress succeeded with result=None
[2025-04-09 13:04:30,464: INFO/ForkPoolWorker-7] Task scraping.tasks.check_job_progress[94d3f86d-a73a-435c-a187-87dbbcd0e43c] succeeded in 0.01615768700139597s: None
[2025-04-09 13:04:30,465: DEBUG/ForkPoolWorker-7] POSTRUN: Task scraping.tasks.check_job_progress[94d3f86d-a73a-435c-a187-87dbbcd0e43c] ended with state=SUCCESS
[2025-04-09 13:04:31,384: INFO/MainProcess] Task scraping.tasks.check_pending_tasks[85ee0d04-3a51-46a0-94f5-66c5b01ca66f] received
[2025-04-09 13:04:31,385: DEBUG/ForkPoolWorker-6] PRERUN: Task scraping.tasks.check_pending_tasks[85ee0d04-3a51-46a0-94f5-66c5b01ca66f] started with args=[], kwargs={}
[2025-04-09 13:04:31,387: INFO/ForkPoolWorker-6] SCRAPER: Vérification des tâches en attente (mode appel direct)...
[2025-04-09 13:04:31,395: INFO/ForkPoolWorker-6] SCRAPER: 0 tâches en attente trouvées
[2025-04-09 13:04:31,398: DEBUG/ForkPoolWorker-6] SUCCESS: Task scraping.tasks.check_pending_tasks succeeded with result=None
[2025-04-09 13:04:31,399: INFO/ForkPoolWorker-6] Task scraping.tasks.check_pending_tasks[85ee0d04-3a51-46a0-94f5-66c5b01ca66f] succeeded in 0.012926783998409519s: None
[2025-04-09 13:04:31,399: DEBUG/ForkPoolWorker-6] POSTRUN: Task scraping.tasks.check_pending_tasks[85ee0d04-3a51-46a0-94f5-66c5b01ca66f] ended with state=SUCCESS
[2025-04-09 13:05:31,385: INFO/MainProcess] Task scraping.tasks.check_pending_tasks[cc1e8a4c-59e8-420a-9fcc-775b803d4717] received
[2025-04-09 13:05:31,386: DEBUG/ForkPoolWorker-6] PRERUN: Task scraping.tasks.check_pending_tasks[cc1e8a4c-59e8-420a-9fcc-775b803d4717] started with args=[], kwargs={}
[2025-04-09 13:05:31,387: INFO/ForkPoolWorker-6] SCRAPER: Vérification des tâches en attente (mode appel direct)...
[2025-04-09 13:05:31,396: INFO/ForkPoolWorker-6] SCRAPER: 0 tâches en attente trouvées
[2025-04-09 13:05:31,399: DEBUG/ForkPoolWorker-6] SUCCESS: Task scraping.tasks.check_pending_tasks succeeded with result=None
[2025-04-09 13:05:31,400: INFO/ForkPoolWorker-6] Task scraping.tasks.check_pending_tasks[cc1e8a4c-59e8-420a-9fcc-775b803d4717] succeeded in 0.013414777000434697s: None
[2025-04-09 13:05:31,400: DEBUG/ForkPoolWorker-6] POSTRUN: Task scraping.tasks.check_pending_tasks[cc1e8a4c-59e8-420a-9fcc-775b803d4717] ended with state=SUCCESS
[2025-04-09 13:06:31,385: INFO/MainProcess] Task scraping.tasks.check_pending_tasks[7bca981c-643a-43b3-b9aa-454488c56c63] received
[2025-04-09 13:06:31,386: DEBUG/ForkPoolWorker-6] PRERUN: Task scraping.tasks.check_pending_tasks[7bca981c-643a-43b3-b9aa-454488c56c63] started with args=[], kwargs={}
[2025-04-09 13:06:31,388: INFO/ForkPoolWorker-6] SCRAPER: Vérification des tâches en attente (mode appel direct)...
[2025-04-09 13:06:31,396: INFO/ForkPoolWorker-6] SCRAPER: 0 tâches en attente trouvées
[2025-04-09 13:06:31,400: DEBUG/ForkPoolWorker-6] SUCCESS: Task scraping.tasks.check_pending_tasks succeeded with result=None
[2025-04-09 13:06:31,400: INFO/ForkPoolWorker-6] Task scraping.tasks.check_pending_tasks[7bca981c-643a-43b3-b9aa-454488c56c63] succeeded in 0.01337139799943543s: None
[2025-04-09 13:06:31,401: DEBUG/ForkPoolWorker-6] POSTRUN: Task scraping.tasks.check_pending_tasks[7bca981c-643a-43b3-b9aa-454488c56c63] ended with state=SUCCESS
[2025-04-09 13:07:31,384: INFO/MainProcess] Task scraping.tasks.check_pending_tasks[9715debc-916a-444e-8f5d-1d28a9e3840e] received
[2025-04-09 13:07:31,386: DEBUG/ForkPoolWorker-6] PRERUN: Task scraping.tasks.check_pending_tasks[9715debc-916a-444e-8f5d-1d28a9e3840e] started with args=[], kwargs={}
[2025-04-09 13:07:31,387: INFO/ForkPoolWorker-6] SCRAPER: Vérification des tâches en attente (mode appel direct)...
[2025-04-09 13:07:31,397: INFO/ForkPoolWorker-6] SCRAPER: 0 tâches en attente trouvées
[2025-04-09 13:07:31,401: DEBUG/ForkPoolWorker-6] SUCCESS: Task scraping.tasks.check_pending_tasks succeeded with result=None
[2025-04-09 13:07:31,401: INFO/ForkPoolWorker-6] Task scraping.tasks.check_pending_tasks[9715debc-916a-444e-8f5d-1d28a9e3840e] succeeded in 0.01513887200053432s: None
[2025-04-09 13:07:31,402: DEBUG/ForkPoolWorker-6] POSTRUN: Task scraping.tasks.check_pending_tasks[9715debc-916a-444e-8f5d-1d28a9e3840e] ended with state=SUCCESS
[2025-04-09 13:08:31,384: INFO/MainProcess] Task scraping.tasks.check_pending_tasks[c20bda32-2374-4294-95c7-5465fae8744a] received
[2025-04-09 13:08:31,385: DEBUG/ForkPoolWorker-6] PRERUN: Task scraping.tasks.check_pending_tasks[c20bda32-2374-4294-95c7-5465fae8744a] started with args=[], kwargs={}
[2025-04-09 13:08:31,387: INFO/ForkPoolWorker-6] SCRAPER: Vérification des tâches en attente (mode appel direct)...
[2025-04-09 13:08:31,395: INFO/ForkPoolWorker-6] SCRAPER: 0 tâches en attente trouvées
[2025-04-09 13:08:31,399: DEBUG/ForkPoolWorker-6] SUCCESS: Task scraping.tasks.check_pending_tasks succeeded with result=None
[2025-04-09 13:08:31,399: INFO/ForkPoolWorker-6] Task scraping.tasks.check_pending_tasks[c20bda32-2374-4294-95c7-5465fae8744a] succeeded in 0.013330795998626854s: None
[2025-04-09 13:08:31,400: DEBUG/ForkPoolWorker-6] POSTRUN: Task scraping.tasks.check_pending_tasks[c20bda32-2374-4294-95c7-5465fae8744a] ended with state=SUCCESS
[2025-04-09 13:09:30,414: INFO/MainProcess] Task scraping.tasks.check_user_agents[67156331-992a-4959-be4c-eba5f55a447f] received
[2025-04-09 13:09:30,415: DEBUG/ForkPoolWorker-6] PRERUN: Task scraping.tasks.check_user_agents[67156331-992a-4959-be4c-eba5f55a447f] started with args=[], kwargs={}
[2025-04-09 13:09:30,417: INFO/ForkPoolWorker-6] SCRAPER: Vérification des agents utilisateur (mode PRODUCTION)
[2025-04-09 13:09:30,429: INFO/ForkPoolWorker-6] SCRAPER: 1 utilisateurs avec des tâches actives
[2025-04-09 13:09:30,437: INFO/ForkPoolWorker-6] SCRAPER: Utilisateur test2@gmail.com - 1 tâches actives, quota: 0/5 
[2025-04-09 13:09:30,441: INFO/ForkPoolWorker-6] SCRAPER: Vérification du job 12 pour l'utilisateur test2@gmail.com
[2025-04-09 13:09:30,444: INFO/MainProcess] Task scraping.tasks.check_job_progress[10ae9055-efd2-4737-bb20-e1cf3c459179] received
[2025-04-09 13:09:30,444: DEBUG/ForkPoolWorker-6] SUCCESS: Task scraping.tasks.check_user_agents succeeded with result=None
[2025-04-09 13:09:30,445: INFO/ForkPoolWorker-6] Task scraping.tasks.check_user_agents[67156331-992a-4959-be4c-eba5f55a447f] succeeded in 0.029058846001134953s: None
[2025-04-09 13:09:30,446: DEBUG/ForkPoolWorker-6] POSTRUN: Task scraping.tasks.check_user_agents[67156331-992a-4959-be4c-eba5f55a447f] ended with state=SUCCESS
[2025-04-09 13:09:30,446: DEBUG/ForkPoolWorker-7] PRERUN: Task scraping.tasks.check_job_progress[10ae9055-efd2-4737-bb20-e1cf3c459179] started with args=[12], kwargs={}
[2025-04-09 13:09:30,464: DEBUG/ForkPoolWorker-7] SUCCESS: Task scraping.tasks.check_job_progress succeeded with result=None
[2025-04-09 13:09:30,465: INFO/ForkPoolWorker-7] Task scraping.tasks.check_job_progress[10ae9055-efd2-4737-bb20-e1cf3c459179] succeeded in 0.0187086449986964s: None
[2025-04-09 13:09:30,466: DEBUG/ForkPoolWorker-7] POSTRUN: Task scraping.tasks.check_job_progress[10ae9055-efd2-4737-bb20-e1cf3c459179] ended with state=SUCCESS
[2025-04-09 13:09:31,384: INFO/MainProcess] Task scraping.tasks.check_pending_tasks[9f6f1a31-72d5-48ed-a9d7-0a5a2625bb9f] received
[2025-04-09 13:09:31,385: DEBUG/ForkPoolWorker-6] PRERUN: Task scraping.tasks.check_pending_tasks[9f6f1a31-72d5-48ed-a9d7-0a5a2625bb9f] started with args=[], kwargs={}
[2025-04-09 13:09:31,387: INFO/ForkPoolWorker-6] SCRAPER: Vérification des tâches en attente (mode appel direct)...
[2025-04-09 13:09:31,395: INFO/ForkPoolWorker-6] SCRAPER: 0 tâches en attente trouvées
[2025-04-09 13:09:31,399: DEBUG/ForkPoolWorker-6] SUCCESS: Task scraping.tasks.check_pending_tasks succeeded with result=None
[2025-04-09 13:09:31,399: INFO/ForkPoolWorker-6] Task scraping.tasks.check_pending_tasks[9f6f1a31-72d5-48ed-a9d7-0a5a2625bb9f] succeeded in 0.013474671999574639s: None
[2025-04-09 13:09:31,400: DEBUG/ForkPoolWorker-6] POSTRUN: Task scraping.tasks.check_pending_tasks[9f6f1a31-72d5-48ed-a9d7-0a5a2625bb9f] ended with state=SUCCESS
[2025-04-09 13:10:31,385: INFO/MainProcess] Task scraping.tasks.check_pending_tasks[73c5921b-54b9-4e75-8bd6-a965625507fd] received
[2025-04-09 13:10:31,386: DEBUG/ForkPoolWorker-6] PRERUN: Task scraping.tasks.check_pending_tasks[73c5921b-54b9-4e75-8bd6-a965625507fd] started with args=[], kwargs={}
[2025-04-09 13:10:31,388: INFO/ForkPoolWorker-6] SCRAPER: Vérification des tâches en attente (mode appel direct)...
[2025-04-09 13:10:31,398: INFO/ForkPoolWorker-6] SCRAPER: 0 tâches en attente trouvées
[2025-04-09 13:10:31,402: DEBUG/ForkPoolWorker-6] SUCCESS: Task scraping.tasks.check_pending_tasks succeeded with result=None
[2025-04-09 13:10:31,403: INFO/ForkPoolWorker-6] Task scraping.tasks.check_pending_tasks[73c5921b-54b9-4e75-8bd6-a965625507fd] succeeded in 0.016108669999084668s: None
[2025-04-09 13:10:31,403: DEBUG/ForkPoolWorker-6] POSTRUN: Task scraping.tasks.check_pending_tasks[73c5921b-54b9-4e75-8bd6-a965625507fd] ended with state=SUCCESS
[2025-04-09 13:11:31,385: INFO/MainProcess] Task scraping.tasks.check_pending_tasks[414f510e-bd18-4144-b77f-9bd415813efd] received
[2025-04-09 13:11:31,386: DEBUG/ForkPoolWorker-6] PRERUN: Task scraping.tasks.check_pending_tasks[414f510e-bd18-4144-b77f-9bd415813efd] started with args=[], kwargs={}
[2025-04-09 13:11:31,388: INFO/ForkPoolWorker-6] SCRAPER: Vérification des tâches en attente (mode appel direct)...
[2025-04-09 13:11:31,399: INFO/ForkPoolWorker-6] SCRAPER: 0 tâches en attente trouvées
[2025-04-09 13:11:31,403: DEBUG/ForkPoolWorker-6] SUCCESS: Task scraping.tasks.check_pending_tasks succeeded with result=None
[2025-04-09 13:11:31,403: INFO/ForkPoolWorker-6] Task scraping.tasks.check_pending_tasks[414f510e-bd18-4144-b77f-9bd415813efd] succeeded in 0.016562021999561694s: None
[2025-04-09 13:11:31,404: DEBUG/ForkPoolWorker-6] POSTRUN: Task scraping.tasks.check_pending_tasks[414f510e-bd18-4144-b77f-9bd415813efd] ended with state=SUCCESS
[2025-04-09 13:12:31,385: INFO/MainProcess] Task scraping.tasks.check_pending_tasks[e0e4ba7d-469c-4616-999d-6dd26c0a0e2b] received
[2025-04-09 13:12:31,386: DEBUG/ForkPoolWorker-6] PRERUN: Task scraping.tasks.check_pending_tasks[e0e4ba7d-469c-4616-999d-6dd26c0a0e2b] started with args=[], kwargs={}
[2025-04-09 13:12:31,388: INFO/ForkPoolWorker-6] SCRAPER: Vérification des tâches en attente (mode appel direct)...
[2025-04-09 13:12:31,397: INFO/ForkPoolWorker-6] SCRAPER: 0 tâches en attente trouvées
[2025-04-09 13:12:31,400: DEBUG/ForkPoolWorker-6] SUCCESS: Task scraping.tasks.check_pending_tasks succeeded with result=None
[2025-04-09 13:12:31,401: INFO/ForkPoolWorker-6] Task scraping.tasks.check_pending_tasks[e0e4ba7d-469c-4616-999d-6dd26c0a0e2b] succeeded in 0.014529846997902496s: None
[2025-04-09 13:12:31,402: DEBUG/ForkPoolWorker-6] POSTRUN: Task scraping.tasks.check_pending_tasks[e0e4ba7d-469c-4616-999d-6dd26c0a0e2b] ended with state=SUCCESS
[2025-04-09 13:13:31,385: INFO/MainProcess] Task scraping.tasks.check_pending_tasks[254f4b48-6831-4cee-9cf7-070dbdde62f8] received
[2025-04-09 13:13:31,386: DEBUG/ForkPoolWorker-6] PRERUN: Task scraping.tasks.check_pending_tasks[254f4b48-6831-4cee-9cf7-070dbdde62f8] started with args=[], kwargs={}
[2025-04-09 13:13:31,388: INFO/ForkPoolWorker-6] SCRAPER: Vérification des tâches en attente (mode appel direct)...
[2025-04-09 13:13:31,398: INFO/ForkPoolWorker-6] SCRAPER: 0 tâches en attente trouvées
[2025-04-09 13:13:31,401: DEBUG/ForkPoolWorker-6] SUCCESS: Task scraping.tasks.check_pending_tasks succeeded with result=None
[2025-04-09 13:13:31,402: INFO/ForkPoolWorker-6] Task scraping.tasks.check_pending_tasks[254f4b48-6831-4cee-9cf7-070dbdde62f8] succeeded in 0.014813849000347545s: None
[2025-04-09 13:13:31,402: DEBUG/ForkPoolWorker-6] POSTRUN: Task scraping.tasks.check_pending_tasks[254f4b48-6831-4cee-9cf7-070dbdde62f8] ended with state=SUCCESS
[2025-04-09 13:14:30,414: INFO/MainProcess] Task scraping.tasks.check_user_agents[410099b9-66eb-45ba-8005-002d419ba2da] received
[2025-04-09 13:14:30,415: DEBUG/ForkPoolWorker-6] PRERUN: Task scraping.tasks.check_user_agents[410099b9-66eb-45ba-8005-002d419ba2da] started with args=[], kwargs={}
[2025-04-09 13:14:30,417: INFO/ForkPoolWorker-6] SCRAPER: Vérification des agents utilisateur (mode PRODUCTION)
[2025-04-09 13:14:30,427: INFO/ForkPoolWorker-6] SCRAPER: 1 utilisateurs avec des tâches actives
[2025-04-09 13:14:30,435: INFO/ForkPoolWorker-6] SCRAPER: Utilisateur test2@gmail.com - 1 tâches actives, quota: 0/5 
[2025-04-09 13:14:30,439: INFO/ForkPoolWorker-6] SCRAPER: Vérification du job 12 pour l'utilisateur test2@gmail.com
[2025-04-09 13:14:30,442: INFO/MainProcess] Task scraping.tasks.check_job_progress[efc24e70-c6c1-4564-9b94-fbea70c13820] received
[2025-04-09 13:14:30,442: DEBUG/ForkPoolWorker-6] SUCCESS: Task scraping.tasks.check_user_agents succeeded with result=None
[2025-04-09 13:14:30,443: INFO/ForkPoolWorker-6] Task scraping.tasks.check_user_agents[410099b9-66eb-45ba-8005-002d419ba2da] succeeded in 0.02695930700065219s: None
[2025-04-09 13:14:30,443: DEBUG/ForkPoolWorker-7] PRERUN: Task scraping.tasks.check_job_progress[efc24e70-c6c1-4564-9b94-fbea70c13820] started with args=[12], kwargs={}
[2025-04-09 13:14:30,443: DEBUG/ForkPoolWorker-6] POSTRUN: Task scraping.tasks.check_user_agents[410099b9-66eb-45ba-8005-002d419ba2da] ended with state=SUCCESS
[2025-04-09 13:14:30,461: DEBUG/ForkPoolWorker-7] SUCCESS: Task scraping.tasks.check_job_progress succeeded with result=None
[2025-04-09 13:14:30,462: INFO/ForkPoolWorker-7] Task scraping.tasks.check_job_progress[efc24e70-c6c1-4564-9b94-fbea70c13820] succeeded in 0.017424955000024056s: None
[2025-04-09 13:14:30,462: DEBUG/ForkPoolWorker-7] POSTRUN: Task scraping.tasks.check_job_progress[efc24e70-c6c1-4564-9b94-fbea70c13820] ended with state=SUCCESS
[2025-04-09 13:14:31,385: INFO/MainProcess] Task scraping.tasks.check_pending_tasks[298a9a71-f4d8-4475-9bfd-92c572bc55f0] received
[2025-04-09 13:14:31,387: DEBUG/ForkPoolWorker-6] PRERUN: Task scraping.tasks.check_pending_tasks[298a9a71-f4d8-4475-9bfd-92c572bc55f0] started with args=[], kwargs={}
[2025-04-09 13:14:31,390: INFO/ForkPoolWorker-6] SCRAPER: Vérification des tâches en attente (mode appel direct)...
[2025-04-09 13:14:31,399: INFO/ForkPoolWorker-6] SCRAPER: 0 tâches en attente trouvées
[2025-04-09 13:14:31,402: DEBUG/ForkPoolWorker-6] SUCCESS: Task scraping.tasks.check_pending_tasks succeeded with result=None
[2025-04-09 13:14:31,403: INFO/ForkPoolWorker-6] Task scraping.tasks.check_pending_tasks[298a9a71-f4d8-4475-9bfd-92c572bc55f0] succeeded in 0.014808522999373963s: None
[2025-04-09 13:14:31,403: DEBUG/ForkPoolWorker-6] POSTRUN: Task scraping.tasks.check_pending_tasks[298a9a71-f4d8-4475-9bfd-92c572bc55f0] ended with state=SUCCESS
[2025-04-09 13:15:31,385: INFO/MainProcess] Task scraping.tasks.check_pending_tasks[eacdeff9-6305-46d8-8f53-ea18b22d86e2] received
[2025-04-09 13:15:31,386: DEBUG/ForkPoolWorker-6] PRERUN: Task scraping.tasks.check_pending_tasks[eacdeff9-6305-46d8-8f53-ea18b22d86e2] started with args=[], kwargs={}
[2025-04-09 13:15:31,388: INFO/ForkPoolWorker-6] SCRAPER: Vérification des tâches en attente (mode appel direct)...
[2025-04-09 13:15:31,398: INFO/ForkPoolWorker-6] SCRAPER: 0 tâches en attente trouvées
[2025-04-09 13:15:31,402: DEBUG/ForkPoolWorker-6] SUCCESS: Task scraping.tasks.check_pending_tasks succeeded with result=None
[2025-04-09 13:15:31,403: INFO/ForkPoolWorker-6] Task scraping.tasks.check_pending_tasks[eacdeff9-6305-46d8-8f53-ea18b22d86e2] succeeded in 0.016530646000319393s: None
[2025-04-09 13:15:31,404: DEBUG/ForkPoolWorker-6] POSTRUN: Task scraping.tasks.check_pending_tasks[eacdeff9-6305-46d8-8f53-ea18b22d86e2] ended with state=SUCCESS
[2025-04-09 13:16:31,385: INFO/MainProcess] Task scraping.tasks.check_pending_tasks[ad551a3b-5a67-49c5-bca1-8d77a8e0744d] received
[2025-04-09 13:16:31,386: DEBUG/ForkPoolWorker-6] PRERUN: Task scraping.tasks.check_pending_tasks[ad551a3b-5a67-49c5-bca1-8d77a8e0744d] started with args=[], kwargs={}
[2025-04-09 13:16:31,388: INFO/ForkPoolWorker-6] SCRAPER: Vérification des tâches en attente (mode appel direct)...
[2025-04-09 13:16:31,399: INFO/ForkPoolWorker-6] SCRAPER: 0 tâches en attente trouvées
[2025-04-09 13:16:31,403: DEBUG/ForkPoolWorker-6] SUCCESS: Task scraping.tasks.check_pending_tasks succeeded with result=None
[2025-04-09 13:16:31,404: INFO/ForkPoolWorker-6] Task scraping.tasks.check_pending_tasks[ad551a3b-5a67-49c5-bca1-8d77a8e0744d] succeeded in 0.016942689999268623s: None
[2025-04-09 13:16:31,404: DEBUG/ForkPoolWorker-6] POSTRUN: Task scraping.tasks.check_pending_tasks[ad551a3b-5a67-49c5-bca1-8d77a8e0744d] ended with state=SUCCESS
[2025-04-09 13:17:31,385: INFO/MainProcess] Task scraping.tasks.check_pending_tasks[760f1b49-6845-4f9e-a467-74dd7b44559f] received
[2025-04-09 13:17:31,386: DEBUG/ForkPoolWorker-6] PRERUN: Task scraping.tasks.check_pending_tasks[760f1b49-6845-4f9e-a467-74dd7b44559f] started with args=[], kwargs={}
[2025-04-09 13:17:31,388: INFO/ForkPoolWorker-6] SCRAPER: Vérification des tâches en attente (mode appel direct)...
[2025-04-09 13:17:31,398: INFO/ForkPoolWorker-6] SCRAPER: 0 tâches en attente trouvées
[2025-04-09 13:17:31,402: DEBUG/ForkPoolWorker-6] SUCCESS: Task scraping.tasks.check_pending_tasks succeeded with result=None
[2025-04-09 13:17:31,403: INFO/ForkPoolWorker-6] Task scraping.tasks.check_pending_tasks[760f1b49-6845-4f9e-a467-74dd7b44559f] succeeded in 0.016141068997967523s: None
[2025-04-09 13:17:31,403: DEBUG/ForkPoolWorker-6] POSTRUN: Task scraping.tasks.check_pending_tasks[760f1b49-6845-4f9e-a467-74dd7b44559f] ended with state=SUCCESS
[2025-04-09 13:18:31,385: INFO/MainProcess] Task scraping.tasks.check_pending_tasks[e9e944cc-6986-419a-af99-676586c62bfd] received
[2025-04-09 13:18:31,386: DEBUG/ForkPoolWorker-6] PRERUN: Task scraping.tasks.check_pending_tasks[e9e944cc-6986-419a-af99-676586c62bfd] started with args=[], kwargs={}
[2025-04-09 13:18:31,388: INFO/ForkPoolWorker-6] SCRAPER: Vérification des tâches en attente (mode appel direct)...
[2025-04-09 13:18:31,397: INFO/ForkPoolWorker-6] SCRAPER: 0 tâches en attente trouvées
[2025-04-09 13:18:31,401: DEBUG/ForkPoolWorker-6] SUCCESS: Task scraping.tasks.check_pending_tasks succeeded with result=None
[2025-04-09 13:18:31,402: INFO/ForkPoolWorker-6] Task scraping.tasks.check_pending_tasks[e9e944cc-6986-419a-af99-676586c62bfd] succeeded in 0.01469626699690707s: None
[2025-04-09 13:18:31,402: DEBUG/ForkPoolWorker-6] POSTRUN: Task scraping.tasks.check_pending_tasks[e9e944cc-6986-419a-af99-676586c62bfd] ended with state=SUCCESS
[2025-04-09 13:19:30,415: INFO/MainProcess] Task scraping.tasks.check_user_agents[21a346ff-f7e2-453a-9a00-2d327e6eaa22] received
[2025-04-09 13:19:30,416: DEBUG/ForkPoolWorker-6] PRERUN: Task scraping.tasks.check_user_agents[21a346ff-f7e2-453a-9a00-2d327e6eaa22] started with args=[], kwargs={}
[2025-04-09 13:19:30,419: INFO/ForkPoolWorker-6] SCRAPER: Vérification des agents utilisateur (mode PRODUCTION)
[2025-04-09 13:19:30,431: INFO/ForkPoolWorker-6] SCRAPER: 1 utilisateurs avec des tâches actives
[2025-04-09 13:19:30,435: INFO/ForkPoolWorker-6] SCRAPER: Utilisateur test2@gmail.com - 1 tâches actives, quota: 0/5 
[2025-04-09 13:19:30,437: INFO/ForkPoolWorker-6] SCRAPER: Vérification du job 12 pour l'utilisateur test2@gmail.com
[2025-04-09 13:19:30,439: INFO/MainProcess] Task scraping.tasks.check_job_progress[ca6de305-8b32-4a23-b34e-edccc34f2101] received
[2025-04-09 13:19:30,439: DEBUG/ForkPoolWorker-6] SUCCESS: Task scraping.tasks.check_user_agents succeeded with result=None
[2025-04-09 13:19:30,439: INFO/ForkPoolWorker-6] Task scraping.tasks.check_user_agents[21a346ff-f7e2-453a-9a00-2d327e6eaa22] succeeded in 0.02253947099961806s: None
[2025-04-09 13:19:30,440: DEBUG/ForkPoolWorker-6] POSTRUN: Task scraping.tasks.check_user_agents[21a346ff-f7e2-453a-9a00-2d327e6eaa22] ended with state=SUCCESS
[2025-04-09 13:19:30,440: DEBUG/ForkPoolWorker-7] PRERUN: Task scraping.tasks.check_job_progress[ca6de305-8b32-4a23-b34e-edccc34f2101] started with args=[12], kwargs={}
[2025-04-09 13:19:30,448: DEBUG/ForkPoolWorker-7] SUCCESS: Task scraping.tasks.check_job_progress succeeded with result=None
[2025-04-09 13:19:30,449: INFO/ForkPoolWorker-7] Task scraping.tasks.check_job_progress[ca6de305-8b32-4a23-b34e-edccc34f2101] succeeded in 0.008685642998898402s: None
[2025-04-09 13:19:30,449: DEBUG/ForkPoolWorker-7] POSTRUN: Task scraping.tasks.check_job_progress[ca6de305-8b32-4a23-b34e-edccc34f2101] ended with state=SUCCESS
[2025-04-09 13:19:31,385: INFO/MainProcess] Task scraping.tasks.check_pending_tasks[d2c13550-3cd9-4910-b72a-5aff309aa14d] received
[2025-04-09 13:19:31,386: DEBUG/ForkPoolWorker-6] PRERUN: Task scraping.tasks.check_pending_tasks[d2c13550-3cd9-4910-b72a-5aff309aa14d] started with args=[], kwargs={}
[2025-04-09 13:19:31,388: INFO/ForkPoolWorker-6] SCRAPER: Vérification des tâches en attente (mode appel direct)...
[2025-04-09 13:19:31,398: INFO/ForkPoolWorker-6] SCRAPER: 0 tâches en attente trouvées
[2025-04-09 13:19:31,402: DEBUG/ForkPoolWorker-6] SUCCESS: Task scraping.tasks.check_pending_tasks succeeded with result=None
[2025-04-09 13:19:31,403: INFO/ForkPoolWorker-6] Task scraping.tasks.check_pending_tasks[d2c13550-3cd9-4910-b72a-5aff309aa14d] succeeded in 0.016174821997992694s: None
[2025-04-09 13:19:31,403: DEBUG/ForkPoolWorker-6] POSTRUN: Task scraping.tasks.check_pending_tasks[d2c13550-3cd9-4910-b72a-5aff309aa14d] ended with state=SUCCESS
[2025-04-09 13:20:31,385: INFO/MainProcess] Task scraping.tasks.check_pending_tasks[6392963a-5ee0-43b4-9ba0-4299c92ed202] received
[2025-04-09 13:20:31,386: DEBUG/ForkPoolWorker-6] PRERUN: Task scraping.tasks.check_pending_tasks[6392963a-5ee0-43b4-9ba0-4299c92ed202] started with args=[], kwargs={}
[2025-04-09 13:20:31,388: INFO/ForkPoolWorker-6] SCRAPER: Vérification des tâches en attente (mode appel direct)...
[2025-04-09 13:20:31,398: INFO/ForkPoolWorker-6] SCRAPER: 0 tâches en attente trouvées
[2025-04-09 13:20:31,402: DEBUG/ForkPoolWorker-6] SUCCESS: Task scraping.tasks.check_pending_tasks succeeded with result=None
[2025-04-09 13:20:31,403: INFO/ForkPoolWorker-6] Task scraping.tasks.check_pending_tasks[6392963a-5ee0-43b4-9ba0-4299c92ed202] succeeded in 0.016115886999614304s: None
[2025-04-09 13:20:31,403: DEBUG/ForkPoolWorker-6] POSTRUN: Task scraping.tasks.check_pending_tasks[6392963a-5ee0-43b4-9ba0-4299c92ed202] ended with state=SUCCESS
[2025-04-09 13:21:31,385: INFO/MainProcess] Task scraping.tasks.check_pending_tasks[737c2ac2-cb3e-4d1c-b261-76f88bb30798] received
[2025-04-09 13:21:31,386: DEBUG/ForkPoolWorker-6] PRERUN: Task scraping.tasks.check_pending_tasks[737c2ac2-cb3e-4d1c-b261-76f88bb30798] started with args=[], kwargs={}
[2025-04-09 13:21:31,388: INFO/ForkPoolWorker-6] SCRAPER: Vérification des tâches en attente (mode appel direct)...
[2025-04-09 13:21:31,398: INFO/ForkPoolWorker-6] SCRAPER: 0 tâches en attente trouvées
[2025-04-09 13:21:31,402: DEBUG/ForkPoolWorker-6] SUCCESS: Task scraping.tasks.check_pending_tasks succeeded with result=None
[2025-04-09 13:21:31,403: INFO/ForkPoolWorker-6] Task scraping.tasks.check_pending_tasks[737c2ac2-cb3e-4d1c-b261-76f88bb30798] succeeded in 0.016397621999203693s: None
[2025-04-09 13:21:31,403: DEBUG/ForkPoolWorker-6] POSTRUN: Task scraping.tasks.check_pending_tasks[737c2ac2-cb3e-4d1c-b261-76f88bb30798] ended with state=SUCCESS
[2025-04-09 13:22:31,387: INFO/MainProcess] Task scraping.tasks.check_pending_tasks[55781243-8354-4abf-b2e2-edfbde55204f] received
[2025-04-09 13:22:31,389: DEBUG/ForkPoolWorker-6] PRERUN: Task scraping.tasks.check_pending_tasks[55781243-8354-4abf-b2e2-edfbde55204f] started with args=[], kwargs={}
[2025-04-09 13:22:31,391: INFO/ForkPoolWorker-6] SCRAPER: Vérification des tâches en attente (mode appel direct)...
[2025-04-09 13:22:31,404: INFO/ForkPoolWorker-6] SCRAPER: 0 tâches en attente trouvées
[2025-04-09 13:22:31,406: DEBUG/ForkPoolWorker-6] SUCCESS: Task scraping.tasks.check_pending_tasks succeeded with result=None
[2025-04-09 13:22:31,407: INFO/ForkPoolWorker-6] Task scraping.tasks.check_pending_tasks[55781243-8354-4abf-b2e2-edfbde55204f] succeeded in 0.017258274001505924s: None
[2025-04-09 13:22:31,407: DEBUG/ForkPoolWorker-6] POSTRUN: Task scraping.tasks.check_pending_tasks[55781243-8354-4abf-b2e2-edfbde55204f] ended with state=SUCCESS
[2025-04-09 13:23:31,385: INFO/MainProcess] Task scraping.tasks.check_pending_tasks[9602766b-fb58-452a-98cf-a1a5907618ef] received
[2025-04-09 13:23:31,387: DEBUG/ForkPoolWorker-6] PRERUN: Task scraping.tasks.check_pending_tasks[9602766b-fb58-452a-98cf-a1a5907618ef] started with args=[], kwargs={}
[2025-04-09 13:23:31,388: INFO/ForkPoolWorker-6] SCRAPER: Vérification des tâches en attente (mode appel direct)...
[2025-04-09 13:23:31,398: INFO/ForkPoolWorker-6] SCRAPER: 0 tâches en attente trouvées
[2025-04-09 13:23:31,402: DEBUG/ForkPoolWorker-6] SUCCESS: Task scraping.tasks.check_pending_tasks succeeded with result=None
[2025-04-09 13:23:31,403: INFO/ForkPoolWorker-6] Task scraping.tasks.check_pending_tasks[9602766b-fb58-452a-98cf-a1a5907618ef] succeeded in 0.01581785999951535s: None
[2025-04-09 13:23:31,404: DEBUG/ForkPoolWorker-6] POSTRUN: Task scraping.tasks.check_pending_tasks[9602766b-fb58-452a-98cf-a1a5907618ef] ended with state=SUCCESS
[2025-04-09 13:24:30,415: INFO/MainProcess] Task scraping.tasks.check_user_agents[6db0a9e7-0baf-427a-9c03-067cea43b346] received
[2025-04-09 13:24:30,417: DEBUG/ForkPoolWorker-6] PRERUN: Task scraping.tasks.check_user_agents[6db0a9e7-0baf-427a-9c03-067cea43b346] started with args=[], kwargs={}
[2025-04-09 13:24:30,419: INFO/ForkPoolWorker-6] SCRAPER: Vérification des agents utilisateur (mode PRODUCTION)
[2025-04-09 13:24:30,428: INFO/ForkPoolWorker-6] SCRAPER: 1 utilisateurs avec des tâches actives
[2025-04-09 13:24:30,433: INFO/ForkPoolWorker-6] SCRAPER: Utilisateur test2@gmail.com - 1 tâches actives, quota: 0/5 
[2025-04-09 13:24:30,434: INFO/ForkPoolWorker-6] SCRAPER: Vérification du job 12 pour l'utilisateur test2@gmail.com
[2025-04-09 13:24:30,436: INFO/MainProcess] Task scraping.tasks.check_job_progress[f3d4d659-465c-47d1-9d2b-cca07f4e1644] received
[2025-04-09 13:24:30,436: DEBUG/ForkPoolWorker-6] SUCCESS: Task scraping.tasks.check_user_agents succeeded with result=None
[2025-04-09 13:24:30,436: INFO/ForkPoolWorker-6] Task scraping.tasks.check_user_agents[6db0a9e7-0baf-427a-9c03-067cea43b346] succeeded in 0.01916453699959675s: None
[2025-04-09 13:24:30,437: DEBUG/ForkPoolWorker-6] POSTRUN: Task scraping.tasks.check_user_agents[6db0a9e7-0baf-427a-9c03-067cea43b346] ended with state=SUCCESS
[2025-04-09 13:24:30,437: DEBUG/ForkPoolWorker-7] PRERUN: Task scraping.tasks.check_job_progress[f3d4d659-465c-47d1-9d2b-cca07f4e1644] started with args=[12], kwargs={}
[2025-04-09 13:24:30,446: DEBUG/ForkPoolWorker-7] SUCCESS: Task scraping.tasks.check_job_progress succeeded with result=None
[2025-04-09 13:24:30,446: INFO/ForkPoolWorker-7] Task scraping.tasks.check_job_progress[f3d4d659-465c-47d1-9d2b-cca07f4e1644] succeeded in 0.008762605000811163s: None
[2025-04-09 13:24:30,446: DEBUG/ForkPoolWorker-7] POSTRUN: Task scraping.tasks.check_job_progress[f3d4d659-465c-47d1-9d2b-cca07f4e1644] ended with state=SUCCESS
[2025-04-09 13:24:31,386: INFO/MainProcess] Task scraping.tasks.check_pending_tasks[fae23923-6cc1-420a-845e-42dc86837710] received
[2025-04-09 13:24:31,387: DEBUG/ForkPoolWorker-6] PRERUN: Task scraping.tasks.check_pending_tasks[fae23923-6cc1-420a-845e-42dc86837710] started with args=[], kwargs={}
[2025-04-09 13:24:31,389: INFO/ForkPoolWorker-6] SCRAPER: Vérification des tâches en attente (mode appel direct)...
[2025-04-09 13:24:31,401: INFO/ForkPoolWorker-6] SCRAPER: 0 tâches en attente trouvées
[2025-04-09 13:24:31,406: DEBUG/ForkPoolWorker-6] SUCCESS: Task scraping.tasks.check_pending_tasks succeeded with result=None
[2025-04-09 13:24:31,407: INFO/ForkPoolWorker-6] Task scraping.tasks.check_pending_tasks[fae23923-6cc1-420a-845e-42dc86837710] succeeded in 0.018711960001382977s: None
[2025-04-09 13:24:31,407: DEBUG/ForkPoolWorker-6] POSTRUN: Task scraping.tasks.check_pending_tasks[fae23923-6cc1-420a-845e-42dc86837710] ended with state=SUCCESS
[2025-04-09 13:25:31,386: INFO/MainProcess] Task scraping.tasks.check_pending_tasks[e789589e-0d54-4d65-a255-73dbfe48b48a] received
[2025-04-09 13:25:31,388: DEBUG/ForkPoolWorker-6] PRERUN: Task scraping.tasks.check_pending_tasks[e789589e-0d54-4d65-a255-73dbfe48b48a] started with args=[], kwargs={}
[2025-04-09 13:25:31,391: INFO/ForkPoolWorker-6] SCRAPER: Vérification des tâches en attente (mode appel direct)...
[2025-04-09 13:25:31,404: INFO/ForkPoolWorker-6] SCRAPER: 0 tâches en attente trouvées
[2025-04-09 13:25:31,407: DEBUG/ForkPoolWorker-6] SUCCESS: Task scraping.tasks.check_pending_tasks succeeded with result=None
[2025-04-09 13:25:31,407: INFO/ForkPoolWorker-6] Task scraping.tasks.check_pending_tasks[e789589e-0d54-4d65-a255-73dbfe48b48a] succeeded in 0.018947362001199508s: None
[2025-04-09 13:25:31,408: DEBUG/ForkPoolWorker-6] POSTRUN: Task scraping.tasks.check_pending_tasks[e789589e-0d54-4d65-a255-73dbfe48b48a] ended with state=SUCCESS
[2025-04-09 13:26:31,385: INFO/MainProcess] Task scraping.tasks.check_pending_tasks[5ac8e5c7-3569-4930-923f-07c8f0322367] received
[2025-04-09 13:26:31,386: DEBUG/ForkPoolWorker-6] PRERUN: Task scraping.tasks.check_pending_tasks[5ac8e5c7-3569-4930-923f-07c8f0322367] started with args=[], kwargs={}
[2025-04-09 13:26:31,388: INFO/ForkPoolWorker-6] SCRAPER: Vérification des tâches en attente (mode appel direct)...
[2025-04-09 13:26:31,396: INFO/ForkPoolWorker-6] SCRAPER: 0 tâches en attente trouvées
[2025-04-09 13:26:31,400: DEBUG/ForkPoolWorker-6] SUCCESS: Task scraping.tasks.check_pending_tasks succeeded with result=None
[2025-04-09 13:26:31,401: INFO/ForkPoolWorker-6] Task scraping.tasks.check_pending_tasks[5ac8e5c7-3569-4930-923f-07c8f0322367] succeeded in 0.013894659998186398s: None
[2025-04-09 13:26:31,401: DEBUG/ForkPoolWorker-6] POSTRUN: Task scraping.tasks.check_pending_tasks[5ac8e5c7-3569-4930-923f-07c8f0322367] ended with state=SUCCESS
[2025-04-09 13:27:31,385: INFO/MainProcess] Task scraping.tasks.check_pending_tasks[5d33c4d5-66cb-41f9-9a9a-8325964fb1dd] received
[2025-04-09 13:27:31,387: DEBUG/ForkPoolWorker-6] PRERUN: Task scraping.tasks.check_pending_tasks[5d33c4d5-66cb-41f9-9a9a-8325964fb1dd] started with args=[], kwargs={}
[2025-04-09 13:27:31,388: INFO/ForkPoolWorker-6] SCRAPER: Vérification des tâches en attente (mode appel direct)...
[2025-04-09 13:27:31,399: INFO/ForkPoolWorker-6] SCRAPER: 0 tâches en attente trouvées
[2025-04-09 13:27:31,403: DEBUG/ForkPoolWorker-6] SUCCESS: Task scraping.tasks.check_pending_tasks succeeded with result=None
[2025-04-09 13:27:31,404: INFO/ForkPoolWorker-6] Task scraping.tasks.check_pending_tasks[5d33c4d5-66cb-41f9-9a9a-8325964fb1dd] succeeded in 0.01680990400200244s: None
[2025-04-09 13:27:31,405: DEBUG/ForkPoolWorker-6] POSTRUN: Task scraping.tasks.check_pending_tasks[5d33c4d5-66cb-41f9-9a9a-8325964fb1dd] ended with state=SUCCESS
[2025-04-09 13:28:31,385: INFO/MainProcess] Task scraping.tasks.check_pending_tasks[cde5f711-dea4-447a-8f7c-424e020df7fc] received
[2025-04-09 13:28:31,386: DEBUG/ForkPoolWorker-6] PRERUN: Task scraping.tasks.check_pending_tasks[cde5f711-dea4-447a-8f7c-424e020df7fc] started with args=[], kwargs={}
[2025-04-09 13:28:31,388: INFO/ForkPoolWorker-6] SCRAPER: Vérification des tâches en attente (mode appel direct)...
[2025-04-09 13:28:31,396: INFO/ForkPoolWorker-6] SCRAPER: 0 tâches en attente trouvées
[2025-04-09 13:28:31,400: DEBUG/ForkPoolWorker-6] SUCCESS: Task scraping.tasks.check_pending_tasks succeeded with result=None
[2025-04-09 13:28:31,400: INFO/ForkPoolWorker-6] Task scraping.tasks.check_pending_tasks[cde5f711-dea4-447a-8f7c-424e020df7fc] succeeded in 0.013428344998828834s: None
[2025-04-09 13:28:31,401: DEBUG/ForkPoolWorker-6] POSTRUN: Task scraping.tasks.check_pending_tasks[cde5f711-dea4-447a-8f7c-424e020df7fc] ended with state=SUCCESS
[2025-04-09 13:29:30,414: INFO/MainProcess] Task scraping.tasks.check_user_agents[e30acae2-6b20-4486-978e-31f9b19005dc] received
[2025-04-09 13:29:30,415: DEBUG/ForkPoolWorker-6] PRERUN: Task scraping.tasks.check_user_agents[e30acae2-6b20-4486-978e-31f9b19005dc] started with args=[], kwargs={}
[2025-04-09 13:29:30,416: INFO/ForkPoolWorker-6] SCRAPER: Vérification des agents utilisateur (mode PRODUCTION)
[2025-04-09 13:29:30,425: INFO/ForkPoolWorker-6] SCRAPER: 1 utilisateurs avec des tâches actives
[2025-04-09 13:29:30,432: INFO/ForkPoolWorker-6] SCRAPER: Utilisateur test2@gmail.com - 1 tâches actives, quota: 0/5 
[2025-04-09 13:29:30,434: INFO/ForkPoolWorker-6] SCRAPER: Vérification du job 12 pour l'utilisateur test2@gmail.com
[2025-04-09 13:29:30,437: INFO/MainProcess] Task scraping.tasks.check_job_progress[4a04c383-8be4-4946-8841-629d7f3f8910] received
[2025-04-09 13:29:30,437: DEBUG/ForkPoolWorker-6] SUCCESS: Task scraping.tasks.check_user_agents succeeded with result=None
[2025-04-09 13:29:30,438: INFO/ForkPoolWorker-6] Task scraping.tasks.check_user_agents[e30acae2-6b20-4486-978e-31f9b19005dc] succeeded in 0.021974723000312224s: None
[2025-04-09 13:29:30,438: DEBUG/ForkPoolWorker-7] PRERUN: Task scraping.tasks.check_job_progress[4a04c383-8be4-4946-8841-629d7f3f8910] started with args=[12], kwargs={}
[2025-04-09 13:29:30,438: DEBUG/ForkPoolWorker-6] POSTRUN: Task scraping.tasks.check_user_agents[e30acae2-6b20-4486-978e-31f9b19005dc] ended with state=SUCCESS
[2025-04-09 13:29:30,453: DEBUG/ForkPoolWorker-7] SUCCESS: Task scraping.tasks.check_job_progress succeeded with result=None
[2025-04-09 13:29:30,454: INFO/ForkPoolWorker-7] Task scraping.tasks.check_job_progress[4a04c383-8be4-4946-8841-629d7f3f8910] succeeded in 0.015090240001882194s: None
[2025-04-09 13:29:30,454: DEBUG/ForkPoolWorker-7] POSTRUN: Task scraping.tasks.check_job_progress[4a04c383-8be4-4946-8841-629d7f3f8910] ended with state=SUCCESS
[2025-04-09 13:29:31,385: INFO/MainProcess] Task scraping.tasks.check_pending_tasks[a39af1dc-c7a0-4304-8411-aec771402623] received
[2025-04-09 13:29:31,387: DEBUG/ForkPoolWorker-6] PRERUN: Task scraping.tasks.check_pending_tasks[a39af1dc-c7a0-4304-8411-aec771402623] started with args=[], kwargs={}
[2025-04-09 13:29:31,388: INFO/ForkPoolWorker-6] SCRAPER: Vérification des tâches en attente (mode appel direct)...
[2025-04-09 13:29:31,398: INFO/ForkPoolWorker-6] SCRAPER: 0 tâches en attente trouvées
[2025-04-09 13:29:31,402: DEBUG/ForkPoolWorker-6] SUCCESS: Task scraping.tasks.check_pending_tasks succeeded with result=None
[2025-04-09 13:29:31,403: INFO/ForkPoolWorker-6] Task scraping.tasks.check_pending_tasks[a39af1dc-c7a0-4304-8411-aec771402623] succeeded in 0.015595754000969464s: None
[2025-04-09 13:29:31,403: DEBUG/ForkPoolWorker-6] POSTRUN: Task scraping.tasks.check_pending_tasks[a39af1dc-c7a0-4304-8411-aec771402623] ended with state=SUCCESS
[2025-04-09 13:30:31,385: INFO/MainProcess] Task scraping.tasks.check_pending_tasks[bb75140b-3083-43a1-9a6c-a73857594cee] received
[2025-04-09 13:30:31,387: DEBUG/ForkPoolWorker-6] PRERUN: Task scraping.tasks.check_pending_tasks[bb75140b-3083-43a1-9a6c-a73857594cee] started with args=[], kwargs={}
[2025-04-09 13:30:31,388: INFO/ForkPoolWorker-6] SCRAPER: Vérification des tâches en attente (mode appel direct)...
[2025-04-09 13:30:31,400: INFO/ForkPoolWorker-6] SCRAPER: 0 tâches en attente trouvées
[2025-04-09 13:30:31,404: DEBUG/ForkPoolWorker-6] SUCCESS: Task scraping.tasks.check_pending_tasks succeeded with result=None
[2025-04-09 13:30:31,405: INFO/ForkPoolWorker-6] Task scraping.tasks.check_pending_tasks[bb75140b-3083-43a1-9a6c-a73857594cee] succeeded in 0.017156736998003908s: None
[2025-04-09 13:30:31,405: DEBUG/ForkPoolWorker-6] POSTRUN: Task scraping.tasks.check_pending_tasks[bb75140b-3083-43a1-9a6c-a73857594cee] ended with state=SUCCESS
[2025-04-09 13:31:31,386: INFO/MainProcess] Task scraping.tasks.check_pending_tasks[24d44bed-4251-4f05-b93b-f1fa8150d799] received
[2025-04-09 13:31:31,387: DEBUG/ForkPoolWorker-6] PRERUN: Task scraping.tasks.check_pending_tasks[24d44bed-4251-4f05-b93b-f1fa8150d799] started with args=[], kwargs={}
[2025-04-09 13:31:31,389: INFO/ForkPoolWorker-6] SCRAPER: Vérification des tâches en attente (mode appel direct)...
[2025-04-09 13:31:31,398: INFO/ForkPoolWorker-6] SCRAPER: 0 tâches en attente trouvées
[2025-04-09 13:31:31,402: DEBUG/ForkPoolWorker-6] SUCCESS: Task scraping.tasks.check_pending_tasks succeeded with result=None
[2025-04-09 13:31:31,403: INFO/ForkPoolWorker-6] Task scraping.tasks.check_pending_tasks[24d44bed-4251-4f05-b93b-f1fa8150d799] succeeded in 0.015500039000471588s: None
[2025-04-09 13:31:31,404: DEBUG/ForkPoolWorker-6] POSTRUN: Task scraping.tasks.check_pending_tasks[24d44bed-4251-4f05-b93b-f1fa8150d799] ended with state=SUCCESS
[2025-04-09 13:32:31,386: INFO/MainProcess] Task scraping.tasks.check_pending_tasks[5e2f0cd5-7424-4705-8901-0cbdf7361073] received
[2025-04-09 13:32:31,387: DEBUG/ForkPoolWorker-6] PRERUN: Task scraping.tasks.check_pending_tasks[5e2f0cd5-7424-4705-8901-0cbdf7361073] started with args=[], kwargs={}
[2025-04-09 13:32:31,389: INFO/ForkPoolWorker-6] SCRAPER: Vérification des tâches en attente (mode appel direct)...
[2025-04-09 13:32:31,401: INFO/ForkPoolWorker-6] SCRAPER: 0 tâches en attente trouvées
[2025-04-09 13:32:31,405: DEBUG/ForkPoolWorker-6] SUCCESS: Task scraping.tasks.check_pending_tasks succeeded with result=None
[2025-04-09 13:32:31,405: INFO/ForkPoolWorker-6] Task scraping.tasks.check_pending_tasks[5e2f0cd5-7424-4705-8901-0cbdf7361073] succeeded in 0.017288918999838643s: None
[2025-04-09 13:32:31,406: DEBUG/ForkPoolWorker-6] POSTRUN: Task scraping.tasks.check_pending_tasks[5e2f0cd5-7424-4705-8901-0cbdf7361073] ended with state=SUCCESS
[2025-04-09 13:33:31,386: INFO/MainProcess] Task scraping.tasks.check_pending_tasks[4d83036a-c36e-46ec-a910-82dd98081742] received
[2025-04-09 13:33:31,388: DEBUG/ForkPoolWorker-6] PRERUN: Task scraping.tasks.check_pending_tasks[4d83036a-c36e-46ec-a910-82dd98081742] started with args=[], kwargs={}
[2025-04-09 13:33:31,390: INFO/ForkPoolWorker-6] SCRAPER: Vérification des tâches en attente (mode appel direct)...
[2025-04-09 13:33:31,401: INFO/ForkPoolWorker-6] SCRAPER: 0 tâches en attente trouvées
[2025-04-09 13:33:31,405: DEBUG/ForkPoolWorker-6] SUCCESS: Task scraping.tasks.check_pending_tasks succeeded with result=None
[2025-04-09 13:33:31,406: INFO/ForkPoolWorker-6] Task scraping.tasks.check_pending_tasks[4d83036a-c36e-46ec-a910-82dd98081742] succeeded in 0.01709287899939227s: None
[2025-04-09 13:33:31,406: DEBUG/ForkPoolWorker-6] POSTRUN: Task scraping.tasks.check_pending_tasks[4d83036a-c36e-46ec-a910-82dd98081742] ended with state=SUCCESS
[2025-04-09 13:34:30,414: INFO/MainProcess] Task scraping.tasks.check_user_agents[ab97a695-9b17-44d1-bffc-be75b406b7f5] received
[2025-04-09 13:34:30,415: DEBUG/ForkPoolWorker-6] PRERUN: Task scraping.tasks.check_user_agents[ab97a695-9b17-44d1-bffc-be75b406b7f5] started with args=[], kwargs={}
[2025-04-09 13:34:30,417: INFO/ForkPoolWorker-6] SCRAPER: Vérification des agents utilisateur (mode PRODUCTION)
[2025-04-09 13:34:30,428: INFO/ForkPoolWorker-6] SCRAPER: 1 utilisateurs avec des tâches actives
[2025-04-09 13:34:30,436: INFO/ForkPoolWorker-6] SCRAPER: Utilisateur test2@gmail.com - 1 tâches actives, quota: 0/5 
[2025-04-09 13:34:30,438: INFO/ForkPoolWorker-6] SCRAPER: Vérification du job 12 pour l'utilisateur test2@gmail.com
[2025-04-09 13:34:30,441: INFO/MainProcess] Task scraping.tasks.check_job_progress[35245527-4f19-4f90-ae3a-b9157214c68a] received
[2025-04-09 13:34:30,441: DEBUG/ForkPoolWorker-6] SUCCESS: Task scraping.tasks.check_user_agents succeeded with result=None
[2025-04-09 13:34:30,442: INFO/ForkPoolWorker-6] Task scraping.tasks.check_user_agents[ab97a695-9b17-44d1-bffc-be75b406b7f5] succeeded in 0.02637797400166164s: None
[2025-04-09 13:34:30,443: DEBUG/ForkPoolWorker-7] PRERUN: Task scraping.tasks.check_job_progress[35245527-4f19-4f90-ae3a-b9157214c68a] started with args=[12], kwargs={}
[2025-04-09 13:34:30,443: DEBUG/ForkPoolWorker-6] POSTRUN: Task scraping.tasks.check_user_agents[ab97a695-9b17-44d1-bffc-be75b406b7f5] ended with state=SUCCESS
[2025-04-09 13:34:30,458: DEBUG/ForkPoolWorker-7] SUCCESS: Task scraping.tasks.check_job_progress succeeded with result=None
[2025-04-09 13:34:30,459: INFO/ForkPoolWorker-7] Task scraping.tasks.check_job_progress[35245527-4f19-4f90-ae3a-b9157214c68a] succeeded in 0.015317257999413414s: None
[2025-04-09 13:34:30,459: DEBUG/ForkPoolWorker-7] POSTRUN: Task scraping.tasks.check_job_progress[35245527-4f19-4f90-ae3a-b9157214c68a] ended with state=SUCCESS
[2025-04-09 13:34:31,385: INFO/MainProcess] Task scraping.tasks.check_pending_tasks[afce53e4-c28e-4a4f-9b33-cf0cd1611d88] received
[2025-04-09 13:34:31,387: DEBUG/ForkPoolWorker-6] PRERUN: Task scraping.tasks.check_pending_tasks[afce53e4-c28e-4a4f-9b33-cf0cd1611d88] started with args=[], kwargs={}
[2025-04-09 13:34:31,388: INFO/ForkPoolWorker-6] SCRAPER: Vérification des tâches en attente (mode appel direct)...
[2025-04-09 13:34:31,399: INFO/ForkPoolWorker-6] SCRAPER: 0 tâches en attente trouvées
[2025-04-09 13:34:31,403: DEBUG/ForkPoolWorker-6] SUCCESS: Task scraping.tasks.check_pending_tasks succeeded with result=None
[2025-04-09 13:34:31,403: INFO/ForkPoolWorker-6] Task scraping.tasks.check_pending_tasks[afce53e4-c28e-4a4f-9b33-cf0cd1611d88] succeeded in 0.01622697000129847s: None
[2025-04-09 13:34:31,404: DEBUG/ForkPoolWorker-6] POSTRUN: Task scraping.tasks.check_pending_tasks[afce53e4-c28e-4a4f-9b33-cf0cd1611d88] ended with state=SUCCESS
[2025-04-09 13:35:31,386: INFO/MainProcess] Task scraping.tasks.check_pending_tasks[be4af00f-9460-4a6e-a904-a81711a027db] received
[2025-04-09 13:35:31,387: DEBUG/ForkPoolWorker-6] PRERUN: Task scraping.tasks.check_pending_tasks[be4af00f-9460-4a6e-a904-a81711a027db] started with args=[], kwargs={}
[2025-04-09 13:35:31,389: INFO/ForkPoolWorker-6] SCRAPER: Vérification des tâches en attente (mode appel direct)...
[2025-04-09 13:35:31,399: INFO/ForkPoolWorker-6] SCRAPER: 0 tâches en attente trouvées
[2025-04-09 13:35:31,402: DEBUG/ForkPoolWorker-6] SUCCESS: Task scraping.tasks.check_pending_tasks succeeded with result=None
[2025-04-09 13:35:31,403: INFO/ForkPoolWorker-6] Task scraping.tasks.check_pending_tasks[be4af00f-9460-4a6e-a904-a81711a027db] succeeded in 0.015495036001084372s: None
[2025-04-09 13:35:31,403: DEBUG/ForkPoolWorker-6] POSTRUN: Task scraping.tasks.check_pending_tasks[be4af00f-9460-4a6e-a904-a81711a027db] ended with state=SUCCESS
[2025-04-09 13:36:31,385: INFO/MainProcess] Task scraping.tasks.check_pending_tasks[4a44c787-1b03-4ba7-b782-0e7ea1280882] received
[2025-04-09 13:36:31,386: DEBUG/ForkPoolWorker-6] PRERUN: Task scraping.tasks.check_pending_tasks[4a44c787-1b03-4ba7-b782-0e7ea1280882] started with args=[], kwargs={}
[2025-04-09 13:36:31,388: INFO/ForkPoolWorker-6] SCRAPER: Vérification des tâches en attente (mode appel direct)...
[2025-04-09 13:36:31,396: INFO/ForkPoolWorker-6] SCRAPER: 0 tâches en attente trouvées
[2025-04-09 13:36:31,399: DEBUG/ForkPoolWorker-6] SUCCESS: Task scraping.tasks.check_pending_tasks succeeded with result=None
[2025-04-09 13:36:31,400: INFO/ForkPoolWorker-6] Task scraping.tasks.check_pending_tasks[4a44c787-1b03-4ba7-b782-0e7ea1280882] succeeded in 0.013326091000635643s: None
[2025-04-09 13:36:31,400: DEBUG/ForkPoolWorker-6] POSTRUN: Task scraping.tasks.check_pending_tasks[4a44c787-1b03-4ba7-b782-0e7ea1280882] ended with state=SUCCESS
[2025-04-09 13:37:31,386: INFO/MainProcess] Task scraping.tasks.check_pending_tasks[c140ec25-5a5a-4ba0-963a-a41e9851eebb] received
[2025-04-09 13:37:31,387: DEBUG/ForkPoolWorker-6] PRERUN: Task scraping.tasks.check_pending_tasks[c140ec25-5a5a-4ba0-963a-a41e9851eebb] started with args=[], kwargs={}
[2025-04-09 13:37:31,389: INFO/ForkPoolWorker-6] SCRAPER: Vérification des tâches en attente (mode appel direct)...
[2025-04-09 13:37:31,399: INFO/ForkPoolWorker-6] SCRAPER: 0 tâches en attente trouvées
[2025-04-09 13:37:31,403: DEBUG/ForkPoolWorker-6] SUCCESS: Task scraping.tasks.check_pending_tasks succeeded with result=None
[2025-04-09 13:37:31,404: INFO/ForkPoolWorker-6] Task scraping.tasks.check_pending_tasks[c140ec25-5a5a-4ba0-963a-a41e9851eebb] succeeded in 0.016063704999396577s: None
[2025-04-09 13:37:31,405: DEBUG/ForkPoolWorker-6] POSTRUN: Task scraping.tasks.check_pending_tasks[c140ec25-5a5a-4ba0-963a-a41e9851eebb] ended with state=SUCCESS
[2025-04-09 13:38:31,387: INFO/MainProcess] Task scraping.tasks.check_pending_tasks[7bff2f2a-bf9d-4b20-b2a6-da9c112fa6e3] received
[2025-04-09 13:38:31,388: DEBUG/ForkPoolWorker-6] PRERUN: Task scraping.tasks.check_pending_tasks[7bff2f2a-bf9d-4b20-b2a6-da9c112fa6e3] started with args=[], kwargs={}
[2025-04-09 13:38:31,390: INFO/ForkPoolWorker-6] SCRAPER: Vérification des tâches en attente (mode appel direct)...
[2025-04-09 13:38:31,401: INFO/ForkPoolWorker-6] SCRAPER: 0 tâches en attente trouvées
[2025-04-09 13:38:31,405: DEBUG/ForkPoolWorker-6] SUCCESS: Task scraping.tasks.check_pending_tasks succeeded with result=None
[2025-04-09 13:38:31,406: INFO/ForkPoolWorker-6] Task scraping.tasks.check_pending_tasks[7bff2f2a-bf9d-4b20-b2a6-da9c112fa6e3] succeeded in 0.017130406999058323s: None
[2025-04-09 13:38:31,407: DEBUG/ForkPoolWorker-6] POSTRUN: Task scraping.tasks.check_pending_tasks[7bff2f2a-bf9d-4b20-b2a6-da9c112fa6e3] ended with state=SUCCESS
[2025-04-09 13:39:30,414: INFO/MainProcess] Task scraping.tasks.check_user_agents[e70f7c3c-88e3-482e-9d3e-f61dcfd05bd6] received
[2025-04-09 13:39:30,415: DEBUG/ForkPoolWorker-6] PRERUN: Task scraping.tasks.check_user_agents[e70f7c3c-88e3-482e-9d3e-f61dcfd05bd6] started with args=[], kwargs={}
[2025-04-09 13:39:30,416: INFO/ForkPoolWorker-6] SCRAPER: Vérification des agents utilisateur (mode PRODUCTION)
[2025-04-09 13:39:30,427: INFO/ForkPoolWorker-6] SCRAPER: 1 utilisateurs avec des tâches actives
[2025-04-09 13:39:30,434: INFO/ForkPoolWorker-6] SCRAPER: Utilisateur test2@gmail.com - 1 tâches actives, quota: 0/5 
[2025-04-09 13:39:30,437: INFO/ForkPoolWorker-6] SCRAPER: Vérification du job 12 pour l'utilisateur test2@gmail.com
[2025-04-09 13:39:30,440: INFO/MainProcess] Task scraping.tasks.check_job_progress[e23ff562-440b-4ea6-af2c-c1b977be5a37] received
[2025-04-09 13:39:30,440: DEBUG/ForkPoolWorker-6] SUCCESS: Task scraping.tasks.check_user_agents succeeded with result=None
[2025-04-09 13:39:30,441: INFO/ForkPoolWorker-6] Task scraping.tasks.check_user_agents[e70f7c3c-88e3-482e-9d3e-f61dcfd05bd6] succeeded in 0.02503231100126868s: None
[2025-04-09 13:39:30,441: DEBUG/ForkPoolWorker-7] PRERUN: Task scraping.tasks.check_job_progress[e23ff562-440b-4ea6-af2c-c1b977be5a37] started with args=[12], kwargs={}
[2025-04-09 13:39:30,441: DEBUG/ForkPoolWorker-6] POSTRUN: Task scraping.tasks.check_user_agents[e70f7c3c-88e3-482e-9d3e-f61dcfd05bd6] ended with state=SUCCESS
[2025-04-09 13:39:30,458: DEBUG/ForkPoolWorker-7] SUCCESS: Task scraping.tasks.check_job_progress succeeded with result=None
[2025-04-09 13:39:30,459: INFO/ForkPoolWorker-7] Task scraping.tasks.check_job_progress[e23ff562-440b-4ea6-af2c-c1b977be5a37] succeeded in 0.017103070000302978s: None
[2025-04-09 13:39:30,459: DEBUG/ForkPoolWorker-7] POSTRUN: Task scraping.tasks.check_job_progress[e23ff562-440b-4ea6-af2c-c1b977be5a37] ended with state=SUCCESS
[2025-04-09 13:39:31,386: INFO/MainProcess] Task scraping.tasks.check_pending_tasks[b31e8310-9f88-4858-a217-2d9ad401b77a] received
[2025-04-09 13:39:31,387: DEBUG/ForkPoolWorker-6] PRERUN: Task scraping.tasks.check_pending_tasks[b31e8310-9f88-4858-a217-2d9ad401b77a] started with args=[], kwargs={}
[2025-04-09 13:39:31,389: INFO/ForkPoolWorker-6] SCRAPER: Vérification des tâches en attente (mode appel direct)...
[2025-04-09 13:39:31,400: INFO/ForkPoolWorker-6] SCRAPER: 0 tâches en attente trouvées
[2025-04-09 13:39:31,404: DEBUG/ForkPoolWorker-6] SUCCESS: Task scraping.tasks.check_pending_tasks succeeded with result=None
[2025-04-09 13:39:31,405: INFO/ForkPoolWorker-6] Task scraping.tasks.check_pending_tasks[b31e8310-9f88-4858-a217-2d9ad401b77a] succeeded in 0.017395590999512933s: None
