[2025-04-09 12:27:30,929: DEBUG/ForkPoolWorker-6] POSTRUN: Task scraping.tasks.check_pending_tasks[3bfb5512-d3d7-4dcb-84a7-bf514da6c895] ended with state=SUCCESS
[2025-04-09 12:28:30,908: INFO/MainProcess] Task scraping.tasks.check_pending_tasks[8a212fa3-d262-4788-a10e-b079b7a0e766] received
[2025-04-09 12:28:30,909: DEBUG/ForkPoolWorker-6] PRERUN: Task scraping.tasks.check_pending_tasks[8a212fa3-d262-4788-a10e-b079b7a0e766] started with args=[], kwargs={}
[2025-04-09 12:28:30,911: INFO/ForkPoolWorker-6] SCRAPER: Vérification des tâches en attente (mode appel direct)...
[2025-04-09 12:28:30,922: INFO/ForkPoolWorker-6] SCRAPER: 0 tâches en attente trouvées
[2025-04-09 12:28:30,926: DEBUG/ForkPoolWorker-6] SUCCESS: Task scraping.tasks.check_pending_tasks succeeded with result=None
[2025-04-09 12:28:30,926: INFO/ForkPoolWorker-6] Task scraping.tasks.check_pending_tasks[8a212fa3-d262-4788-a10e-b079b7a0e766] succeeded in 0.0165975999989314s: None
[2025-04-09 12:28:30,927: DEBUG/ForkPoolWorker-6] POSTRUN: Task scraping.tasks.check_pending_tasks[8a212fa3-d262-4788-a10e-b079b7a0e766] ended with state=SUCCESS
[2025-04-09 12:29:30,338: INFO/MainProcess] Task scraping.tasks.check_user_agents[3498807a-c9d8-4baf-bbc1-adb2aa24e317] received
[2025-04-09 12:29:30,340: DEBUG/ForkPoolWorker-6] PRERUN: Task scraping.tasks.check_user_agents[3498807a-c9d8-4baf-bbc1-adb2aa24e317] started with args=[], kwargs={}
[2025-04-09 12:29:30,342: INFO/ForkPoolWorker-6] SCRAPER: Vérification des agents utilisateur (mode PRODUCTION)
[2025-04-09 12:29:30,354: INFO/ForkPoolWorker-6] SCRAPER: 1 utilisateurs avec des tâches actives
[2025-04-09 12:29:30,359: INFO/ForkPoolWorker-6] SCRAPER: Utilisateur test2@gmail.com - 1 tâches actives, quota: 0/5 
[2025-04-09 12:29:30,360: INFO/ForkPoolWorker-6] SCRAPER: Vérification du job 12 pour l'utilisateur test2@gmail.com
[2025-04-09 12:29:30,362: INFO/MainProcess] Task scraping.tasks.check_job_progress[f2a154c7-cd6c-4c99-8729-1a0b9f903346] received
[2025-04-09 12:29:30,362: DEBUG/ForkPoolWorker-6] SUCCESS: Task scraping.tasks.check_user_agents succeeded with result=None
[2025-04-09 12:29:30,363: INFO/ForkPoolWorker-6] Task scraping.tasks.check_user_agents[3498807a-c9d8-4baf-bbc1-adb2aa24e317] succeeded in 0.02255411300029664s: None
[2025-04-09 12:29:30,363: DEBUG/ForkPoolWorker-6] POSTRUN: Task scraping.tasks.check_user_agents[3498807a-c9d8-4baf-bbc1-adb2aa24e317] ended with state=SUCCESS
[2025-04-09 12:29:30,363: DEBUG/ForkPoolWorker-7] PRERUN: Task scraping.tasks.check_job_progress[f2a154c7-cd6c-4c99-8729-1a0b9f903346] started with args=[12], kwargs={}
[2025-04-09 12:29:30,372: DEBUG/ForkPoolWorker-7] SUCCESS: Task scraping.tasks.check_job_progress succeeded with result=None
[2025-04-09 12:29:30,373: INFO/ForkPoolWorker-7] Task scraping.tasks.check_job_progress[f2a154c7-cd6c-4c99-8729-1a0b9f903346] succeeded in 0.009165056000711047s: None
[2025-04-09 12:29:30,373: DEBUG/ForkPoolWorker-7] POSTRUN: Task scraping.tasks.check_job_progress[f2a154c7-cd6c-4c99-8729-1a0b9f903346] ended with state=SUCCESS
[2025-04-09 12:29:30,909: INFO/MainProcess] Task scraping.tasks.check_pending_tasks[6a8fb125-1185-4cd2-9b09-e85e47b4bb4d] received
[2025-04-09 12:29:30,910: DEBUG/ForkPoolWorker-6] PRERUN: Task scraping.tasks.check_pending_tasks[6a8fb125-1185-4cd2-9b09-e85e47b4bb4d] started with args=[], kwargs={}
[2025-04-09 12:29:30,913: INFO/ForkPoolWorker-6] SCRAPER: Vérification des tâches en attente (mode appel direct)...
[2025-04-09 12:29:30,923: INFO/ForkPoolWorker-6] SCRAPER: 0 tâches en attente trouvées
[2025-04-09 12:29:30,926: DEBUG/ForkPoolWorker-6] SUCCESS: Task scraping.tasks.check_pending_tasks succeeded with result=None
[2025-04-09 12:29:30,927: INFO/ForkPoolWorker-6] Task scraping.tasks.check_pending_tasks[6a8fb125-1185-4cd2-9b09-e85e47b4bb4d] succeeded in 0.015523402000326314s: None
[2025-04-09 12:29:30,927: DEBUG/ForkPoolWorker-6] POSTRUN: Task scraping.tasks.check_pending_tasks[6a8fb125-1185-4cd2-9b09-e85e47b4bb4d] ended with state=SUCCESS
[2025-04-09 12:30:30,934: INFO/MainProcess] Task scraping.tasks.check_pending_tasks[da4eeaf3-e235-4169-bff3-05ba86030c2e] received
[2025-04-09 12:30:30,935: DEBUG/ForkPoolWorker-6] PRERUN: Task scraping.tasks.check_pending_tasks[da4eeaf3-e235-4169-bff3-05ba86030c2e] started with args=[], kwargs={}
[2025-04-09 12:30:30,938: INFO/ForkPoolWorker-6] SCRAPER: Vérification des tâches en attente (mode appel direct)...
[2025-04-09 12:30:30,952: INFO/ForkPoolWorker-6] SCRAPER: 0 tâches en attente trouvées
[2025-04-09 12:30:30,955: DEBUG/ForkPoolWorker-6] SUCCESS: Task scraping.tasks.check_pending_tasks succeeded with result=None
[2025-04-09 12:30:30,955: INFO/ForkPoolWorker-6] Task scraping.tasks.check_pending_tasks[da4eeaf3-e235-4169-bff3-05ba86030c2e] succeeded in 0.019148450001011952s: None
[2025-04-09 12:30:30,955: DEBUG/ForkPoolWorker-6] POSTRUN: Task scraping.tasks.check_pending_tasks[da4eeaf3-e235-4169-bff3-05ba86030c2e] ended with state=SUCCESS
[2025-04-09 12:31:30,933: INFO/MainProcess] Task scraping.tasks.check_pending_tasks[f3c35340-e4c9-4ca1-8474-a56ae2823776] received
[2025-04-09 12:31:30,935: DEBUG/ForkPoolWorker-6] PRERUN: Task scraping.tasks.check_pending_tasks[f3c35340-e4c9-4ca1-8474-a56ae2823776] started with args=[], kwargs={}
[2025-04-09 12:31:30,937: INFO/ForkPoolWorker-6] SCRAPER: Vérification des tâches en attente (mode appel direct)...
[2025-04-09 12:31:30,949: INFO/ForkPoolWorker-6] SCRAPER: 0 tâches en attente trouvées
[2025-04-09 12:31:30,953: DEBUG/ForkPoolWorker-6] SUCCESS: Task scraping.tasks.check_pending_tasks succeeded with result=None
[2025-04-09 12:31:30,954: INFO/ForkPoolWorker-6] Task scraping.tasks.check_pending_tasks[f3c35340-e4c9-4ca1-8474-a56ae2823776] succeeded in 0.01792443500016816s: None
[2025-04-09 12:31:30,954: DEBUG/ForkPoolWorker-6] POSTRUN: Task scraping.tasks.check_pending_tasks[f3c35340-e4c9-4ca1-8474-a56ae2823776] ended with state=SUCCESS
[2025-04-09 12:32:30,933: INFO/MainProcess] Task scraping.tasks.check_pending_tasks[7c8094ee-acd1-4e9f-8b0a-96b8eda27a42] received
[2025-04-09 12:32:30,934: DEBUG/ForkPoolWorker-6] PRERUN: Task scraping.tasks.check_pending_tasks[7c8094ee-acd1-4e9f-8b0a-96b8eda27a42] started with args=[], kwargs={}
[2025-04-09 12:32:30,935: INFO/ForkPoolWorker-6] SCRAPER: Vérification des tâches en attente (mode appel direct)...
[2025-04-09 12:32:30,945: INFO/ForkPoolWorker-6] SCRAPER: 0 tâches en attente trouvées
[2025-04-09 12:32:30,948: DEBUG/ForkPoolWorker-6] SUCCESS: Task scraping.tasks.check_pending_tasks succeeded with result=None
[2025-04-09 12:32:30,949: INFO/ForkPoolWorker-6] Task scraping.tasks.check_pending_tasks[7c8094ee-acd1-4e9f-8b0a-96b8eda27a42] succeeded in 0.014631291000114288s: None
[2025-04-09 12:32:30,950: DEBUG/ForkPoolWorker-6] POSTRUN: Task scraping.tasks.check_pending_tasks[7c8094ee-acd1-4e9f-8b0a-96b8eda27a42] ended with state=SUCCESS
[2025-04-09 12:33:30,933: INFO/MainProcess] Task scraping.tasks.check_pending_tasks[7cc6311e-8368-46ab-b2dd-e6e49252be13] received
[2025-04-09 12:33:30,935: DEBUG/ForkPoolWorker-6] PRERUN: Task scraping.tasks.check_pending_tasks[7cc6311e-8368-46ab-b2dd-e6e49252be13] started with args=[], kwargs={}
[2025-04-09 12:33:30,936: INFO/ForkPoolWorker-6] SCRAPER: Vérification des tâches en attente (mode appel direct)...
[2025-04-09 12:33:30,945: INFO/ForkPoolWorker-6] SCRAPER: 0 tâches en attente trouvées
[2025-04-09 12:33:30,948: DEBUG/ForkPoolWorker-6] SUCCESS: Task scraping.tasks.check_pending_tasks succeeded with result=None
[2025-04-09 12:33:30,949: INFO/ForkPoolWorker-6] Task scraping.tasks.check_pending_tasks[7cc6311e-8368-46ab-b2dd-e6e49252be13] succeeded in 0.01372560000163503s: None
[2025-04-09 12:33:30,949: DEBUG/ForkPoolWorker-6] POSTRUN: Task scraping.tasks.check_pending_tasks[7cc6311e-8368-46ab-b2dd-e6e49252be13] ended with state=SUCCESS
[2025-04-09 12:34:30,338: INFO/MainProcess] Task scraping.tasks.check_user_agents[b4085ee4-7fed-4fe7-b452-a8680973ae1a] received
[2025-04-09 12:34:30,339: DEBUG/ForkPoolWorker-6] PRERUN: Task scraping.tasks.check_user_agents[b4085ee4-7fed-4fe7-b452-a8680973ae1a] started with args=[], kwargs={}
[2025-04-09 12:34:30,341: INFO/ForkPoolWorker-6] SCRAPER: Vérification des agents utilisateur (mode PRODUCTION)
[2025-04-09 12:34:30,352: INFO/ForkPoolWorker-6] SCRAPER: 1 utilisateurs avec des tâches actives
[2025-04-09 12:34:30,360: INFO/ForkPoolWorker-6] SCRAPER: Utilisateur test2@gmail.com - 1 tâches actives, quota: 0/5 
[2025-04-09 12:34:30,363: INFO/ForkPoolWorker-6] SCRAPER: Vérification du job 12 pour l'utilisateur test2@gmail.com
[2025-04-09 12:34:30,366: INFO/MainProcess] Task scraping.tasks.check_job_progress[688a096d-7a30-4d6f-84c4-6b03bb26da1c] received
[2025-04-09 12:34:30,366: DEBUG/ForkPoolWorker-6] SUCCESS: Task scraping.tasks.check_user_agents succeeded with result=None
[2025-04-09 12:34:30,367: INFO/ForkPoolWorker-6] Task scraping.tasks.check_user_agents[b4085ee4-7fed-4fe7-b452-a8680973ae1a] succeeded in 0.02749808700173162s: None
[2025-04-09 12:34:30,367: DEBUG/ForkPoolWorker-7] PRERUN: Task scraping.tasks.check_job_progress[688a096d-7a30-4d6f-84c4-6b03bb26da1c] started with args=[12], kwargs={}
[2025-04-09 12:34:30,368: DEBUG/ForkPoolWorker-6] POSTRUN: Task scraping.tasks.check_user_agents[b4085ee4-7fed-4fe7-b452-a8680973ae1a] ended with state=SUCCESS
[2025-04-09 12:34:30,383: DEBUG/ForkPoolWorker-7] SUCCESS: Task scraping.tasks.check_job_progress succeeded with result=None
[2025-04-09 12:34:30,384: INFO/ForkPoolWorker-7] Task scraping.tasks.check_job_progress[688a096d-7a30-4d6f-84c4-6b03bb26da1c] succeeded in 0.015522287001658697s: None
[2025-04-09 12:34:30,384: DEBUG/ForkPoolWorker-7] POSTRUN: Task scraping.tasks.check_job_progress[688a096d-7a30-4d6f-84c4-6b03bb26da1c] ended with state=SUCCESS
[2025-04-09 12:34:30,955: INFO/MainProcess] Task scraping.tasks.check_pending_tasks[27c7d939-91a3-4442-a820-0795ba664e58] received
[2025-04-09 12:34:30,956: DEBUG/ForkPoolWorker-6] PRERUN: Task scraping.tasks.check_pending_tasks[27c7d939-91a3-4442-a820-0795ba664e58] started with args=[], kwargs={}
[2025-04-09 12:34:30,958: INFO/ForkPoolWorker-6] SCRAPER: Vérification des tâches en attente (mode appel direct)...
[2025-04-09 12:34:30,967: INFO/ForkPoolWorker-6] SCRAPER: 0 tâches en attente trouvées
[2025-04-09 12:34:30,970: DEBUG/ForkPoolWorker-6] SUCCESS: Task scraping.tasks.check_pending_tasks succeeded with result=None
[2025-04-09 12:34:30,971: INFO/ForkPoolWorker-6] Task scraping.tasks.check_pending_tasks[27c7d939-91a3-4442-a820-0795ba664e58] succeeded in 0.014359869001054903s: None
[2025-04-09 12:34:30,971: DEBUG/ForkPoolWorker-6] POSTRUN: Task scraping.tasks.check_pending_tasks[27c7d939-91a3-4442-a820-0795ba664e58] ended with state=SUCCESS
[2025-04-09 12:35:30,954: INFO/MainProcess] Task scraping.tasks.check_pending_tasks[324f1c3b-9fb1-4e95-89ec-14f8a66d078d] received
[2025-04-09 12:35:30,955: DEBUG/ForkPoolWorker-6] PRERUN: Task scraping.tasks.check_pending_tasks[324f1c3b-9fb1-4e95-89ec-14f8a66d078d] started with args=[], kwargs={}
[2025-04-09 12:35:30,957: INFO/ForkPoolWorker-6] SCRAPER: Vérification des tâches en attente (mode appel direct)...
[2025-04-09 12:35:30,966: INFO/ForkPoolWorker-6] SCRAPER: 0 tâches en attente trouvées
[2025-04-09 12:35:30,969: DEBUG/ForkPoolWorker-6] SUCCESS: Task scraping.tasks.check_pending_tasks succeeded with result=None
[2025-04-09 12:35:30,970: INFO/ForkPoolWorker-6] Task scraping.tasks.check_pending_tasks[324f1c3b-9fb1-4e95-89ec-14f8a66d078d] succeeded in 0.013876278000680031s: None
[2025-04-09 12:35:30,970: DEBUG/ForkPoolWorker-6] POSTRUN: Task scraping.tasks.check_pending_tasks[324f1c3b-9fb1-4e95-89ec-14f8a66d078d] ended with state=SUCCESS
[2025-04-09 12:36:30,987: INFO/MainProcess] Task scraping.tasks.check_pending_tasks[3d50face-7b51-414c-b555-3810f0b0a573] received
[2025-04-09 12:36:30,988: DEBUG/ForkPoolWorker-6] PRERUN: Task scraping.tasks.check_pending_tasks[3d50face-7b51-414c-b555-3810f0b0a573] started with args=[], kwargs={}
[2025-04-09 12:36:30,990: INFO/ForkPoolWorker-6] SCRAPER: Vérification des tâches en attente (mode appel direct)...
[2025-04-09 12:36:31,000: INFO/ForkPoolWorker-6] SCRAPER: 0 tâches en attente trouvées
[2025-04-09 12:36:31,003: DEBUG/ForkPoolWorker-6] SUCCESS: Task scraping.tasks.check_pending_tasks succeeded with result=None
[2025-04-09 12:36:31,004: INFO/ForkPoolWorker-6] Task scraping.tasks.check_pending_tasks[3d50face-7b51-414c-b555-3810f0b0a573] succeeded in 0.015048168999783229s: None
[2025-04-09 12:36:31,004: DEBUG/ForkPoolWorker-6] POSTRUN: Task scraping.tasks.check_pending_tasks[3d50face-7b51-414c-b555-3810f0b0a573] ended with state=SUCCESS
[2025-04-09 12:37:30,987: INFO/MainProcess] Task scraping.tasks.check_pending_tasks[090d23c7-ed0f-4297-9ae5-212f70a46107] received
[2025-04-09 12:37:30,988: DEBUG/ForkPoolWorker-6] PRERUN: Task scraping.tasks.check_pending_tasks[090d23c7-ed0f-4297-9ae5-212f70a46107] started with args=[], kwargs={}
[2025-04-09 12:37:30,990: INFO/ForkPoolWorker-6] SCRAPER: Vérification des tâches en attente (mode appel direct)...
[2025-04-09 12:37:31,001: INFO/ForkPoolWorker-6] SCRAPER: 0 tâches en attente trouvées
[2025-04-09 12:37:31,005: DEBUG/ForkPoolWorker-6] SUCCESS: Task scraping.tasks.check_pending_tasks succeeded with result=None
[2025-04-09 12:37:31,006: INFO/ForkPoolWorker-6] Task scraping.tasks.check_pending_tasks[090d23c7-ed0f-4297-9ae5-212f70a46107] succeeded in 0.01677992600161815s: None
[2025-04-09 12:37:31,006: DEBUG/ForkPoolWorker-6] POSTRUN: Task scraping.tasks.check_pending_tasks[090d23c7-ed0f-4297-9ae5-212f70a46107] ended with state=SUCCESS
[2025-04-09 12:38:30,988: INFO/MainProcess] Task scraping.tasks.check_pending_tasks[452f0376-fea3-41bd-89f3-d1628a6e9625] received
[2025-04-09 12:38:30,990: DEBUG/ForkPoolWorker-6] PRERUN: Task scraping.tasks.check_pending_tasks[452f0376-fea3-41bd-89f3-d1628a6e9625] started with args=[], kwargs={}
[2025-04-09 12:38:30,992: INFO/ForkPoolWorker-6] SCRAPER: Vérification des tâches en attente (mode appel direct)...
[2025-04-09 12:38:31,005: INFO/ForkPoolWorker-6] SCRAPER: 0 tâches en attente trouvées
[2025-04-09 12:38:31,010: DEBUG/ForkPoolWorker-6] SUCCESS: Task scraping.tasks.check_pending_tasks succeeded with result=None
[2025-04-09 12:38:31,011: INFO/ForkPoolWorker-6] Task scraping.tasks.check_pending_tasks[452f0376-fea3-41bd-89f3-d1628a6e9625] succeeded in 0.020729739000671543s: None
[2025-04-09 12:38:31,012: DEBUG/ForkPoolWorker-6] POSTRUN: Task scraping.tasks.check_pending_tasks[452f0376-fea3-41bd-89f3-d1628a6e9625] ended with state=SUCCESS
[2025-04-09 12:39:30,338: INFO/MainProcess] Task scraping.tasks.check_user_agents[4483e831-ad02-4681-849f-61c3cffecea7] received
[2025-04-09 12:39:30,339: DEBUG/ForkPoolWorker-6] PRERUN: Task scraping.tasks.check_user_agents[4483e831-ad02-4681-849f-61c3cffecea7] started with args=[], kwargs={}
[2025-04-09 12:39:30,341: INFO/ForkPoolWorker-6] SCRAPER: Vérification des agents utilisateur (mode PRODUCTION)
[2025-04-09 12:39:30,352: INFO/ForkPoolWorker-6] SCRAPER: 1 utilisateurs avec des tâches actives
[2025-04-09 12:39:30,360: INFO/ForkPoolWorker-6] SCRAPER: Utilisateur test2@gmail.com - 1 tâches actives, quota: 0/5 
[2025-04-09 12:39:30,363: INFO/ForkPoolWorker-6] SCRAPER: Vérification du job 12 pour l'utilisateur test2@gmail.com
[2025-04-09 12:39:30,366: INFO/MainProcess] Task scraping.tasks.check_job_progress[af8ec609-abba-457d-9a8b-d680ca38ab11] received
[2025-04-09 12:39:30,366: DEBUG/ForkPoolWorker-6] SUCCESS: Task scraping.tasks.check_user_agents succeeded with result=None
[2025-04-09 12:39:30,367: DEBUG/ForkPoolWorker-7] PRERUN: Task scraping.tasks.check_job_progress[af8ec609-abba-457d-9a8b-d680ca38ab11] started with args=[12], kwargs={}
[2025-04-09 12:39:30,368: INFO/ForkPoolWorker-6] Task scraping.tasks.check_user_agents[4483e831-ad02-4681-849f-61c3cffecea7] succeeded in 0.02691404299912392s: None
[2025-04-09 12:39:30,369: DEBUG/ForkPoolWorker-6] POSTRUN: Task scraping.tasks.check_user_agents[4483e831-ad02-4681-849f-61c3cffecea7] ended with state=SUCCESS
[2025-04-09 12:39:30,384: DEBUG/ForkPoolWorker-7] SUCCESS: Task scraping.tasks.check_job_progress succeeded with result=None
[2025-04-09 12:39:30,384: INFO/ForkPoolWorker-7] Task scraping.tasks.check_job_progress[af8ec609-abba-457d-9a8b-d680ca38ab11] succeeded in 0.016333221003151266s: None
[2025-04-09 12:39:30,385: DEBUG/ForkPoolWorker-7] POSTRUN: Task scraping.tasks.check_job_progress[af8ec609-abba-457d-9a8b-d680ca38ab11] ended with state=SUCCESS
[2025-04-09 12:39:30,987: INFO/MainProcess] Task scraping.tasks.check_pending_tasks[2f502f7e-eda6-43ef-84cf-929262a2ec48] received
[2025-04-09 12:39:30,989: DEBUG/ForkPoolWorker-6] PRERUN: Task scraping.tasks.check_pending_tasks[2f502f7e-eda6-43ef-84cf-929262a2ec48] started with args=[], kwargs={}
[2025-04-09 12:39:30,991: INFO/ForkPoolWorker-6] SCRAPER: Vérification des tâches en attente (mode appel direct)...
[2025-04-09 12:39:31,001: INFO/ForkPoolWorker-6] SCRAPER: 0 tâches en attente trouvées
[2025-04-09 12:39:31,006: DEBUG/ForkPoolWorker-6] SUCCESS: Task scraping.tasks.check_pending_tasks succeeded with result=None
[2025-04-09 12:39:31,007: INFO/ForkPoolWorker-6] Task scraping.tasks.check_pending_tasks[2f502f7e-eda6-43ef-84cf-929262a2ec48] succeeded in 0.017791076003049966s: None
[2025-04-09 12:39:31,008: DEBUG/ForkPoolWorker-6] POSTRUN: Task scraping.tasks.check_pending_tasks[2f502f7e-eda6-43ef-84cf-929262a2ec48] ended with state=SUCCESS
[2025-04-09 12:40:30,988: INFO/MainProcess] Task scraping.tasks.check_pending_tasks[7f5e35fc-35c8-46a9-a74c-d975c2d8bd60] received
[2025-04-09 12:40:30,989: DEBUG/ForkPoolWorker-6] PRERUN: Task scraping.tasks.check_pending_tasks[7f5e35fc-35c8-46a9-a74c-d975c2d8bd60] started with args=[], kwargs={}
[2025-04-09 12:40:30,991: INFO/ForkPoolWorker-6] SCRAPER: Vérification des tâches en attente (mode appel direct)...
[2025-04-09 12:40:31,001: INFO/ForkPoolWorker-6] SCRAPER: 0 tâches en attente trouvées
[2025-04-09 12:40:31,005: DEBUG/ForkPoolWorker-6] SUCCESS: Task scraping.tasks.check_pending_tasks succeeded with result=None
[2025-04-09 12:40:31,006: INFO/ForkPoolWorker-6] Task scraping.tasks.check_pending_tasks[7f5e35fc-35c8-46a9-a74c-d975c2d8bd60] succeeded in 0.016010862000257475s: None
[2025-04-09 12:40:31,006: DEBUG/ForkPoolWorker-6] POSTRUN: Task scraping.tasks.check_pending_tasks[7f5e35fc-35c8-46a9-a74c-d975c2d8bd60] ended with state=SUCCESS
[2025-04-09 12:41:30,987: INFO/MainProcess] Task scraping.tasks.check_pending_tasks[a81d927b-dcfe-4e7e-a1f3-49c809ace4bf] received
[2025-04-09 12:41:30,989: DEBUG/ForkPoolWorker-6] PRERUN: Task scraping.tasks.check_pending_tasks[a81d927b-dcfe-4e7e-a1f3-49c809ace4bf] started with args=[], kwargs={}
[2025-04-09 12:41:30,991: INFO/ForkPoolWorker-6] SCRAPER: Vérification des tâches en attente (mode appel direct)...
[2025-04-09 12:41:31,001: INFO/ForkPoolWorker-6] SCRAPER: 0 tâches en attente trouvées
[2025-04-09 12:41:31,004: DEBUG/ForkPoolWorker-6] SUCCESS: Task scraping.tasks.check_pending_tasks succeeded with result=None
[2025-04-09 12:41:31,005: INFO/ForkPoolWorker-6] Task scraping.tasks.check_pending_tasks[a81d927b-dcfe-4e7e-a1f3-49c809ace4bf] succeeded in 0.015665925999201136s: None
[2025-04-09 12:41:31,005: DEBUG/ForkPoolWorker-6] POSTRUN: Task scraping.tasks.check_pending_tasks[a81d927b-dcfe-4e7e-a1f3-49c809ace4bf] ended with state=SUCCESS
[2025-04-09 12:42:31,229: INFO/MainProcess] Task scraping.tasks.check_pending_tasks[50b081d0-8698-4006-a655-a76a1cbee6f6] received
[2025-04-09 12:42:31,232: DEBUG/ForkPoolWorker-6] PRERUN: Task scraping.tasks.check_pending_tasks[50b081d0-8698-4006-a655-a76a1cbee6f6] started with args=[], kwargs={}
[2025-04-09 12:42:31,235: INFO/ForkPoolWorker-6] SCRAPER: Vérification des tâches en attente (mode appel direct)...
[2025-04-09 12:42:31,257: INFO/ForkPoolWorker-6] SCRAPER: 0 tâches en attente trouvées
[2025-04-09 12:42:31,267: DEBUG/ForkPoolWorker-6] SUCCESS: Task scraping.tasks.check_pending_tasks succeeded with result=None
[2025-04-09 12:42:31,268: INFO/ForkPoolWorker-6] Task scraping.tasks.check_pending_tasks[50b081d0-8698-4006-a655-a76a1cbee6f6] succeeded in 0.03507635400092113s: None
[2025-04-09 12:42:31,269: DEBUG/ForkPoolWorker-6] POSTRUN: Task scraping.tasks.check_pending_tasks[50b081d0-8698-4006-a655-a76a1cbee6f6] ended with state=SUCCESS
[2025-04-09 12:43:31,388: INFO/MainProcess] Task scraping.tasks.check_pending_tasks[1d7b7302-e84b-4428-9d08-4a90782f62fa] received
[2025-04-09 12:43:31,392: DEBUG/ForkPoolWorker-6] PRERUN: Task scraping.tasks.check_pending_tasks[1d7b7302-e84b-4428-9d08-4a90782f62fa] started with args=[], kwargs={}
[2025-04-09 12:43:31,396: INFO/ForkPoolWorker-6] SCRAPER: Vérification des tâches en attente (mode appel direct)...
[2025-04-09 12:43:31,426: INFO/ForkPoolWorker-6] SCRAPER: 0 tâches en attente trouvées
[2025-04-09 12:43:31,438: DEBUG/ForkPoolWorker-6] SUCCESS: Task scraping.tasks.check_pending_tasks succeeded with result=None
[2025-04-09 12:43:31,440: INFO/ForkPoolWorker-6] Task scraping.tasks.check_pending_tasks[1d7b7302-e84b-4428-9d08-4a90782f62fa] succeeded in 0.04605685199931031s: None
[2025-04-09 12:43:31,441: DEBUG/ForkPoolWorker-6] POSTRUN: Task scraping.tasks.check_pending_tasks[1d7b7302-e84b-4428-9d08-4a90782f62fa] ended with state=SUCCESS
[2025-04-09 12:44:30,338: INFO/MainProcess] Task scraping.tasks.check_user_agents[3980b30d-41cd-4dc8-a945-cc3213c47bba] received
[2025-04-09 12:44:30,340: DEBUG/ForkPoolWorker-6] PRERUN: Task scraping.tasks.check_user_agents[3980b30d-41cd-4dc8-a945-cc3213c47bba] started with args=[], kwargs={}
[2025-04-09 12:44:30,341: INFO/ForkPoolWorker-6] SCRAPER: Vérification des agents utilisateur (mode PRODUCTION)
[2025-04-09 12:44:30,352: INFO/ForkPoolWorker-6] SCRAPER: 1 utilisateurs avec des tâches actives
[2025-04-09 12:44:30,358: INFO/ForkPoolWorker-6] SCRAPER: Utilisateur test2@gmail.com - 1 tâches actives, quota: 0/5 
[2025-04-09 12:44:30,361: INFO/ForkPoolWorker-6] SCRAPER: Vérification du job 12 pour l'utilisateur test2@gmail.com
[2025-04-09 12:44:30,363: INFO/MainProcess] Task scraping.tasks.check_job_progress[4ee464b4-60d7-43a9-b6a8-bea2ead1c4fe] received
[2025-04-09 12:44:30,363: DEBUG/ForkPoolWorker-6] SUCCESS: Task scraping.tasks.check_user_agents succeeded with result=None
[2025-04-09 12:44:30,364: INFO/ForkPoolWorker-6] Task scraping.tasks.check_user_agents[3980b30d-41cd-4dc8-a945-cc3213c47bba] succeeded in 0.02379802799987374s: None
[2025-04-09 12:44:30,364: DEBUG/ForkPoolWorker-7] PRERUN: Task scraping.tasks.check_job_progress[4ee464b4-60d7-43a9-b6a8-bea2ead1c4fe] started with args=[12], kwargs={}
[2025-04-09 12:44:30,364: DEBUG/ForkPoolWorker-6] POSTRUN: Task scraping.tasks.check_user_agents[3980b30d-41cd-4dc8-a945-cc3213c47bba] ended with state=SUCCESS
[2025-04-09 12:44:30,379: DEBUG/ForkPoolWorker-7] SUCCESS: Task scraping.tasks.check_job_progress succeeded with result=None
[2025-04-09 12:44:30,380: INFO/ForkPoolWorker-7] Task scraping.tasks.check_job_progress[4ee464b4-60d7-43a9-b6a8-bea2ead1c4fe] succeeded in 0.014786662999540567s: None
[2025-04-09 12:44:30,380: DEBUG/ForkPoolWorker-7] POSTRUN: Task scraping.tasks.check_job_progress[4ee464b4-60d7-43a9-b6a8-bea2ead1c4fe] ended with state=SUCCESS
[2025-04-09 12:44:31,383: INFO/MainProcess] Task scraping.tasks.check_pending_tasks[1c1adc6f-fa73-4966-8fb8-0891c2168cf1] received
[2025-04-09 12:44:31,385: DEBUG/ForkPoolWorker-6] PRERUN: Task scraping.tasks.check_pending_tasks[1c1adc6f-fa73-4966-8fb8-0891c2168cf1] started with args=[], kwargs={}
[2025-04-09 12:44:31,386: INFO/ForkPoolWorker-6] SCRAPER: Vérification des tâches en attente (mode appel direct)...
[2025-04-09 12:44:31,396: INFO/ForkPoolWorker-6] SCRAPER: 0 tâches en attente trouvées
[2025-04-09 12:44:31,400: DEBUG/ForkPoolWorker-6] SUCCESS: Task scraping.tasks.check_pending_tasks succeeded with result=None
[2025-04-09 12:44:31,401: INFO/ForkPoolWorker-6] Task scraping.tasks.check_pending_tasks[1c1adc6f-fa73-4966-8fb8-0891c2168cf1] succeeded in 0.015905743999610422s: None
[2025-04-09 12:44:31,402: DEBUG/ForkPoolWorker-6] POSTRUN: Task scraping.tasks.check_pending_tasks[1c1adc6f-fa73-4966-8fb8-0891c2168cf1] ended with state=SUCCESS
[2025-04-09 12:45:31,384: INFO/MainProcess] Task scraping.tasks.check_pending_tasks[fac9b52b-3082-427c-8985-f76f2ef27bbe] received
[2025-04-09 12:45:31,385: DEBUG/ForkPoolWorker-6] PRERUN: Task scraping.tasks.check_pending_tasks[fac9b52b-3082-427c-8985-f76f2ef27bbe] started with args=[], kwargs={}
[2025-04-09 12:45:31,387: INFO/ForkPoolWorker-6] SCRAPER: Vérification des tâches en attente (mode appel direct)...
[2025-04-09 12:45:31,398: INFO/ForkPoolWorker-6] SCRAPER: 0 tâches en attente trouvées
[2025-04-09 12:45:31,402: DEBUG/ForkPoolWorker-6] SUCCESS: Task scraping.tasks.check_pending_tasks succeeded with result=None
[2025-04-09 12:45:31,403: INFO/ForkPoolWorker-6] Task scraping.tasks.check_pending_tasks[fac9b52b-3082-427c-8985-f76f2ef27bbe] succeeded in 0.01671820900082821s: None
[2025-04-09 12:45:31,403: DEBUG/ForkPoolWorker-6] POSTRUN: Task scraping.tasks.check_pending_tasks[fac9b52b-3082-427c-8985-f76f2ef27bbe] ended with state=SUCCESS
[2025-04-09 12:46:31,384: INFO/MainProcess] Task scraping.tasks.check_pending_tasks[2ea19f30-6211-4bc8-bb5f-5f6d4d79763b] received
[2025-04-09 12:46:31,385: DEBUG/ForkPoolWorker-6] PRERUN: Task scraping.tasks.check_pending_tasks[2ea19f30-6211-4bc8-bb5f-5f6d4d79763b] started with args=[], kwargs={}
[2025-04-09 12:46:31,387: INFO/ForkPoolWorker-6] SCRAPER: Vérification des tâches en attente (mode appel direct)...
[2025-04-09 12:46:31,399: INFO/ForkPoolWorker-6] SCRAPER: 0 tâches en attente trouvées
[2025-04-09 12:46:31,404: DEBUG/ForkPoolWorker-6] SUCCESS: Task scraping.tasks.check_pending_tasks succeeded with result=None
[2025-04-09 12:46:31,404: INFO/ForkPoolWorker-6] Task scraping.tasks.check_pending_tasks[2ea19f30-6211-4bc8-bb5f-5f6d4d79763b] succeeded in 0.018136316000891384s: None
[2025-04-09 12:46:31,405: DEBUG/ForkPoolWorker-6] POSTRUN: Task scraping.tasks.check_pending_tasks[2ea19f30-6211-4bc8-bb5f-5f6d4d79763b] ended with state=SUCCESS
[2025-04-09 12:47:31,384: INFO/MainProcess] Task scraping.tasks.check_pending_tasks[109437f0-ba05-4752-a102-94a59be57bc5] received
[2025-04-09 12:47:31,386: DEBUG/ForkPoolWorker-6] PRERUN: Task scraping.tasks.check_pending_tasks[109437f0-ba05-4752-a102-94a59be57bc5] started with args=[], kwargs={}
[2025-04-09 12:47:31,388: INFO/ForkPoolWorker-6] SCRAPER: Vérification des tâches en attente (mode appel direct)...
[2025-04-09 12:47:31,399: INFO/ForkPoolWorker-6] SCRAPER: 0 tâches en attente trouvées
[2025-04-09 12:47:31,404: DEBUG/ForkPoolWorker-6] SUCCESS: Task scraping.tasks.check_pending_tasks succeeded with result=None
[2025-04-09 12:47:31,405: INFO/ForkPoolWorker-6] Task scraping.tasks.check_pending_tasks[109437f0-ba05-4752-a102-94a59be57bc5] succeeded in 0.018440900999848964s: None
[2025-04-09 12:47:31,405: DEBUG/ForkPoolWorker-6] POSTRUN: Task scraping.tasks.check_pending_tasks[109437f0-ba05-4752-a102-94a59be57bc5] ended with state=SUCCESS
[2025-04-09 12:48:31,384: INFO/MainProcess] Task scraping.tasks.check_pending_tasks[b8847681-030c-4525-b252-fea60e9dd77b] received
[2025-04-09 12:48:31,385: DEBUG/ForkPoolWorker-6] PRERUN: Task scraping.tasks.check_pending_tasks[b8847681-030c-4525-b252-fea60e9dd77b] started with args=[], kwargs={}
[2025-04-09 12:48:31,387: INFO/ForkPoolWorker-6] SCRAPER: Vérification des tâches en attente (mode appel direct)...
[2025-04-09 12:48:31,397: INFO/ForkPoolWorker-6] SCRAPER: 0 tâches en attente trouvées
[2025-04-09 12:48:31,401: DEBUG/ForkPoolWorker-6] SUCCESS: Task scraping.tasks.check_pending_tasks succeeded with result=None
[2025-04-09 12:48:31,402: INFO/ForkPoolWorker-6] Task scraping.tasks.check_pending_tasks[b8847681-030c-4525-b252-fea60e9dd77b] succeeded in 0.0160335180007678s: None
[2025-04-09 12:48:31,402: DEBUG/ForkPoolWorker-6] POSTRUN: Task scraping.tasks.check_pending_tasks[b8847681-030c-4525-b252-fea60e9dd77b] ended with state=SUCCESS
[2025-04-09 12:49:30,414: INFO/MainProcess] Task scraping.tasks.check_user_agents[90d80dca-bb02-4dd0-93ca-8f47865cd38a] received
[2025-04-09 12:49:30,415: DEBUG/ForkPoolWorker-6] PRERUN: Task scraping.tasks.check_user_agents[90d80dca-bb02-4dd0-93ca-8f47865cd38a] started with args=[], kwargs={}
[2025-04-09 12:49:30,417: INFO/ForkPoolWorker-6] SCRAPER: Vérification des agents utilisateur (mode PRODUCTION)
[2025-04-09 12:49:30,429: INFO/ForkPoolWorker-6] SCRAPER: 1 utilisateurs avec des tâches actives
[2025-04-09 12:49:30,438: INFO/ForkPoolWorker-6] SCRAPER: Utilisateur test2@gmail.com - 1 tâches actives, quota: 0/5 
[2025-04-09 12:49:30,441: INFO/ForkPoolWorker-6] SCRAPER: Vérification du job 12 pour l'utilisateur test2@gmail.com
[2025-04-09 12:49:30,445: INFO/MainProcess] Task scraping.tasks.check_job_progress[6166e23e-b7e8-4189-a4e9-cab05db4d4ad] received
[2025-04-09 12:49:30,445: DEBUG/ForkPoolWorker-6] SUCCESS: Task scraping.tasks.check_user_agents succeeded with result=None
[2025-04-09 12:49:30,446: INFO/ForkPoolWorker-6] Task scraping.tasks.check_user_agents[90d80dca-bb02-4dd0-93ca-8f47865cd38a] succeeded in 0.03020641200055252s: None
[2025-04-09 12:49:30,447: DEBUG/ForkPoolWorker-6] POSTRUN: Task scraping.tasks.check_user_agents[90d80dca-bb02-4dd0-93ca-8f47865cd38a] ended with state=SUCCESS
[2025-04-09 12:49:30,447: DEBUG/ForkPoolWorker-7] PRERUN: Task scraping.tasks.check_job_progress[6166e23e-b7e8-4189-a4e9-cab05db4d4ad] started with args=[12], kwargs={}
[2025-04-09 12:49:30,463: DEBUG/ForkPoolWorker-7] SUCCESS: Task scraping.tasks.check_job_progress succeeded with result=None
[2025-04-09 12:49:30,464: INFO/ForkPoolWorker-7] Task scraping.tasks.check_job_progress[6166e23e-b7e8-4189-a4e9-cab05db4d4ad] succeeded in 0.01641576100155362s: None
[2025-04-09 12:49:30,465: DEBUG/ForkPoolWorker-7] POSTRUN: Task scraping.tasks.check_job_progress[6166e23e-b7e8-4189-a4e9-cab05db4d4ad] ended with state=SUCCESS
[2025-04-09 12:49:31,383: INFO/MainProcess] Task scraping.tasks.check_pending_tasks[17dbf610-bf16-4e1e-b949-2e35260e31d8] received
[2025-04-09 12:49:31,385: DEBUG/ForkPoolWorker-6] PRERUN: Task scraping.tasks.check_pending_tasks[17dbf610-bf16-4e1e-b949-2e35260e31d8] started with args=[], kwargs={}
[2025-04-09 12:49:31,386: INFO/ForkPoolWorker-6] SCRAPER: Vérification des tâches en attente (mode appel direct)...
[2025-04-09 12:49:31,394: INFO/ForkPoolWorker-6] SCRAPER: 0 tâches en attente trouvées
[2025-04-09 12:49:31,397: DEBUG/ForkPoolWorker-6] SUCCESS: Task scraping.tasks.check_pending_tasks succeeded with result=None
[2025-04-09 12:49:31,397: INFO/ForkPoolWorker-6] Task scraping.tasks.check_pending_tasks[17dbf610-bf16-4e1e-b949-2e35260e31d8] succeeded in 0.012212190998980077s: None
[2025-04-09 12:49:31,398: DEBUG/ForkPoolWorker-6] POSTRUN: Task scraping.tasks.check_pending_tasks[17dbf610-bf16-4e1e-b949-2e35260e31d8] ended with state=SUCCESS
[2025-04-09 12:50:31,385: INFO/MainProcess] Task scraping.tasks.check_pending_tasks[c39ca61c-36d1-4a90-a4b0-8acfb8063f98] received
[2025-04-09 12:50:31,387: DEBUG/ForkPoolWorker-6] PRERUN: Task scraping.tasks.check_pending_tasks[c39ca61c-36d1-4a90-a4b0-8acfb8063f98] started with args=[], kwargs={}
[2025-04-09 12:50:31,389: INFO/ForkPoolWorker-6] SCRAPER: Vérification des tâches en attente (mode appel direct)...
[2025-04-09 12:50:31,402: INFO/ForkPoolWorker-6] SCRAPER: 0 tâches en attente trouvées
[2025-04-09 12:50:31,407: DEBUG/ForkPoolWorker-6] SUCCESS: Task scraping.tasks.check_pending_tasks succeeded with result=None
[2025-04-09 12:50:31,408: INFO/ForkPoolWorker-6] Task scraping.tasks.check_pending_tasks[c39ca61c-36d1-4a90-a4b0-8acfb8063f98] succeeded in 0.020748623999679694s: None
[2025-04-09 12:50:31,409: DEBUG/ForkPoolWorker-6] POSTRUN: Task scraping.tasks.check_pending_tasks[c39ca61c-36d1-4a90-a4b0-8acfb8063f98] ended with state=SUCCESS
[2025-04-09 12:51:31,385: INFO/MainProcess] Task scraping.tasks.check_pending_tasks[c30ef3db-0c03-4b87-b100-71c166918dd7] received
[2025-04-09 12:51:31,386: DEBUG/ForkPoolWorker-6] PRERUN: Task scraping.tasks.check_pending_tasks[c30ef3db-0c03-4b87-b100-71c166918dd7] started with args=[], kwargs={}
[2025-04-09 12:51:31,388: INFO/ForkPoolWorker-6] SCRAPER: Vérification des tâches en attente (mode appel direct)...
[2025-04-09 12:51:31,399: INFO/ForkPoolWorker-6] SCRAPER: 0 tâches en attente trouvées
[2025-04-09 12:51:31,404: DEBUG/ForkPoolWorker-6] SUCCESS: Task scraping.tasks.check_pending_tasks succeeded with result=None
[2025-04-09 12:51:31,405: INFO/ForkPoolWorker-6] Task scraping.tasks.check_pending_tasks[c30ef3db-0c03-4b87-b100-71c166918dd7] succeeded in 0.0180353970026772s: None
[2025-04-09 12:51:31,405: DEBUG/ForkPoolWorker-6] POSTRUN: Task scraping.tasks.check_pending_tasks[c30ef3db-0c03-4b87-b100-71c166918dd7] ended with state=SUCCESS
[2025-04-09 12:52:31,384: INFO/MainProcess] Task scraping.tasks.check_pending_tasks[cb1d553e-3256-47a2-88d6-e3955a7e3fda] received
[2025-04-09 12:52:31,386: DEBUG/ForkPoolWorker-6] PRERUN: Task scraping.tasks.check_pending_tasks[cb1d553e-3256-47a2-88d6-e3955a7e3fda] started with args=[], kwargs={}
[2025-04-09 12:52:31,388: INFO/ForkPoolWorker-6] SCRAPER: Vérification des tâches en attente (mode appel direct)...
[2025-04-09 12:52:31,398: INFO/ForkPoolWorker-6] SCRAPER: 0 tâches en attente trouvées
[2025-04-09 12:52:31,401: DEBUG/ForkPoolWorker-6] SUCCESS: Task scraping.tasks.check_pending_tasks succeeded with result=None
[2025-04-09 12:52:31,401: INFO/ForkPoolWorker-6] Task scraping.tasks.check_pending_tasks[cb1d553e-3256-47a2-88d6-e3955a7e3fda] succeeded in 0.014715332003106596s: None
[2025-04-09 12:52:31,401: DEBUG/ForkPoolWorker-6] POSTRUN: Task scraping.tasks.check_pending_tasks[cb1d553e-3256-47a2-88d6-e3955a7e3fda] ended with state=SUCCESS
[2025-04-09 12:53:31,385: INFO/MainProcess] Task scraping.tasks.check_pending_tasks[01549970-8ea5-46b8-b54f-9f8c53765f22] received
[2025-04-09 12:53:31,386: DEBUG/ForkPoolWorker-6] PRERUN: Task scraping.tasks.check_pending_tasks[01549970-8ea5-46b8-b54f-9f8c53765f22] started with args=[], kwargs={}
[2025-04-09 12:53:31,388: INFO/ForkPoolWorker-6] SCRAPER: Vérification des tâches en attente (mode appel direct)...
[2025-04-09 12:53:31,400: INFO/ForkPoolWorker-6] SCRAPER: 0 tâches en attente trouvées
[2025-04-09 12:53:31,404: DEBUG/ForkPoolWorker-6] SUCCESS: Task scraping.tasks.check_pending_tasks succeeded with result=None
[2025-04-09 12:53:31,405: INFO/ForkPoolWorker-6] Task scraping.tasks.check_pending_tasks[01549970-8ea5-46b8-b54f-9f8c53765f22] succeeded in 0.018062328999803867s: None
[2025-04-09 12:53:31,406: DEBUG/ForkPoolWorker-6] POSTRUN: Task scraping.tasks.check_pending_tasks[01549970-8ea5-46b8-b54f-9f8c53765f22] ended with state=SUCCESS
[2025-04-09 12:54:30,413: INFO/MainProcess] Task scraping.tasks.check_user_agents[09637f43-12ce-49c7-9a92-8ef72806dc15] received
[2025-04-09 12:54:30,414: DEBUG/ForkPoolWorker-6] PRERUN: Task scraping.tasks.check_user_agents[09637f43-12ce-49c7-9a92-8ef72806dc15] started with args=[], kwargs={}
[2025-04-09 12:54:30,416: INFO/ForkPoolWorker-6] SCRAPER: Vérification des agents utilisateur (mode PRODUCTION)
[2025-04-09 12:54:30,425: INFO/ForkPoolWorker-6] SCRAPER: 1 utilisateurs avec des tâches actives
[2025-04-09 12:54:30,431: INFO/ForkPoolWorker-6] SCRAPER: Utilisateur test2@gmail.com - 1 tâches actives, quota: 0/5 
[2025-04-09 12:54:30,433: INFO/ForkPoolWorker-6] SCRAPER: Vérification du job 12 pour l'utilisateur test2@gmail.com
[2025-04-09 12:54:30,435: INFO/MainProcess] Task scraping.tasks.check_job_progress[ebebb81d-d17b-4733-bce3-5d082b0a8a6a] received
[2025-04-09 12:54:30,435: DEBUG/ForkPoolWorker-6] SUCCESS: Task scraping.tasks.check_user_agents succeeded with result=None
[2025-04-09 12:54:30,436: INFO/ForkPoolWorker-6] Task scraping.tasks.check_user_agents[09637f43-12ce-49c7-9a92-8ef72806dc15] succeeded in 0.021233092997135827s: None
[2025-04-09 12:54:30,437: DEBUG/ForkPoolWorker-7] PRERUN: Task scraping.tasks.check_job_progress[ebebb81d-d17b-4733-bce3-5d082b0a8a6a] started with args=[12], kwargs={}
[2025-04-09 12:54:30,437: DEBUG/ForkPoolWorker-6] POSTRUN: Task scraping.tasks.check_user_agents[09637f43-12ce-49c7-9a92-8ef72806dc15] ended with state=SUCCESS
[2025-04-09 12:54:30,450: DEBUG/ForkPoolWorker-7] SUCCESS: Task scraping.tasks.check_job_progress succeeded with result=None
[2025-04-09 12:54:30,451: INFO/ForkPoolWorker-7] Task scraping.tasks.check_job_progress[ebebb81d-d17b-4733-bce3-5d082b0a8a6a] succeeded in 0.013310589001775952s: None
[2025-04-09 12:54:30,451: DEBUG/ForkPoolWorker-7] POSTRUN: Task scraping.tasks.check_job_progress[ebebb81d-d17b-4733-bce3-5d082b0a8a6a] ended with state=SUCCESS
[2025-04-09 12:54:31,384: INFO/MainProcess] Task scraping.tasks.check_pending_tasks[5d7c7681-baf8-4681-9b81-7be2b3ade24b] received
[2025-04-09 12:54:31,386: DEBUG/ForkPoolWorker-6] PRERUN: Task scraping.tasks.check_pending_tasks[5d7c7681-baf8-4681-9b81-7be2b3ade24b] started with args=[], kwargs={}
[2025-04-09 12:54:31,388: INFO/ForkPoolWorker-6] SCRAPER: Vérification des tâches en attente (mode appel direct)...
[2025-04-09 12:54:31,400: INFO/ForkPoolWorker-6] SCRAPER: 0 tâches en attente trouvées
[2025-04-09 12:54:31,404: DEBUG/ForkPoolWorker-6] SUCCESS: Task scraping.tasks.check_pending_tasks succeeded with result=None
[2025-04-09 12:54:31,405: INFO/ForkPoolWorker-6] Task scraping.tasks.check_pending_tasks[5d7c7681-baf8-4681-9b81-7be2b3ade24b] succeeded in 0.018636187000083737s: None
[2025-04-09 12:54:31,406: DEBUG/ForkPoolWorker-6] POSTRUN: Task scraping.tasks.check_pending_tasks[5d7c7681-baf8-4681-9b81-7be2b3ade24b] ended with state=SUCCESS
[2025-04-09 12:55:31,384: INFO/MainProcess] Task scraping.tasks.check_pending_tasks[cdec8221-8f1d-4e66-a651-6c5b84edbfba] received
[2025-04-09 12:55:31,386: DEBUG/ForkPoolWorker-6] PRERUN: Task scraping.tasks.check_pending_tasks[cdec8221-8f1d-4e66-a651-6c5b84edbfba] started with args=[], kwargs={}
[2025-04-09 12:55:31,387: INFO/ForkPoolWorker-6] SCRAPER: Vérification des tâches en attente (mode appel direct)...
[2025-04-09 12:55:31,398: INFO/ForkPoolWorker-6] SCRAPER: 0 tâches en attente trouvées
[2025-04-09 12:55:31,402: DEBUG/ForkPoolWorker-6] SUCCESS: Task scraping.tasks.check_pending_tasks succeeded with result=None
[2025-04-09 12:55:31,403: INFO/ForkPoolWorker-6] Task scraping.tasks.check_pending_tasks[cdec8221-8f1d-4e66-a651-6c5b84edbfba] succeeded in 0.016566217000217875s: None
[2025-04-09 12:55:31,403: DEBUG/ForkPoolWorker-6] POSTRUN: Task scraping.tasks.check_pending_tasks[cdec8221-8f1d-4e66-a651-6c5b84edbfba] ended with state=SUCCESS
[2025-04-09 12:56:31,385: INFO/MainProcess] Task scraping.tasks.check_pending_tasks[dc84eeb6-2fb6-47f3-91c7-11971798964d] received
[2025-04-09 12:56:31,386: DEBUG/ForkPoolWorker-6] PRERUN: Task scraping.tasks.check_pending_tasks[dc84eeb6-2fb6-47f3-91c7-11971798964d] started with args=[], kwargs={}
[2025-04-09 12:56:31,388: INFO/ForkPoolWorker-6] SCRAPER: Vérification des tâches en attente (mode appel direct)...
[2025-04-09 12:56:31,398: INFO/ForkPoolWorker-6] SCRAPER: 0 tâches en attente trouvées
[2025-04-09 12:56:31,402: DEBUG/ForkPoolWorker-6] SUCCESS: Task scraping.tasks.check_pending_tasks succeeded with result=None
[2025-04-09 12:56:31,403: INFO/ForkPoolWorker-6] Task scraping.tasks.check_pending_tasks[dc84eeb6-2fb6-47f3-91c7-11971798964d] succeeded in 0.016033625001000473s: None
[2025-04-09 12:56:31,403: DEBUG/ForkPoolWorker-6] POSTRUN: Task scraping.tasks.check_pending_tasks[dc84eeb6-2fb6-47f3-91c7-11971798964d] ended with state=SUCCESS
[2025-04-09 12:57:31,384: INFO/MainProcess] Task scraping.tasks.check_pending_tasks[a01c0cc5-7c60-4183-94b9-9788d0de023e] received
[2025-04-09 12:57:31,385: DEBUG/ForkPoolWorker-6] PRERUN: Task scraping.tasks.check_pending_tasks[a01c0cc5-7c60-4183-94b9-9788d0de023e] started with args=[], kwargs={}
[2025-04-09 12:57:31,387: INFO/ForkPoolWorker-6] SCRAPER: Vérification des tâches en attente (mode appel direct)...
[2025-04-09 12:57:31,395: INFO/ForkPoolWorker-6] SCRAPER: 0 tâches en attente trouvées
[2025-04-09 12:57:31,398: DEBUG/ForkPoolWorker-6] SUCCESS: Task scraping.tasks.check_pending_tasks succeeded with result=None
[2025-04-09 12:57:31,399: INFO/ForkPoolWorker-6] Task scraping.tasks.check_pending_tasks[a01c0cc5-7c60-4183-94b9-9788d0de023e] succeeded in 0.013450739003019407s: None
[2025-04-09 12:57:31,399: DEBUG/ForkPoolWorker-6] POSTRUN: Task scraping.tasks.check_pending_tasks[a01c0cc5-7c60-4183-94b9-9788d0de023e] ended with state=SUCCESS
[2025-04-09 12:58:31,385: INFO/MainProcess] Task scraping.tasks.check_pending_tasks[e754a4f3-92f4-4414-87a3-142d7c7e350b] received
[2025-04-09 12:58:31,387: DEBUG/ForkPoolWorker-6] PRERUN: Task scraping.tasks.check_pending_tasks[e754a4f3-92f4-4414-87a3-142d7c7e350b] started with args=[], kwargs={}
[2025-04-09 12:58:31,389: INFO/ForkPoolWorker-6] SCRAPER: Vérification des tâches en attente (mode appel direct)...
[2025-04-09 12:58:31,400: INFO/ForkPoolWorker-6] SCRAPER: 0 tâches en attente trouvées
[2025-04-09 12:58:31,402: DEBUG/ForkPoolWorker-6] SUCCESS: Task scraping.tasks.check_pending_tasks succeeded with result=None
[2025-04-09 12:58:31,403: INFO/ForkPoolWorker-6] Task scraping.tasks.check_pending_tasks[e754a4f3-92f4-4414-87a3-142d7c7e350b] succeeded in 0.015684147998399567s: None
[2025-04-09 12:58:31,403: DEBUG/ForkPoolWorker-6] POSTRUN: Task scraping.tasks.check_pending_tasks[e754a4f3-92f4-4414-87a3-142d7c7e350b] ended with state=SUCCESS
[2025-04-09 12:59:30,413: INFO/MainProcess] Task scraping.tasks.check_user_agents[e0852e27-fe08-4f2b-b9f7-059f77793f46] received
[2025-04-09 12:59:30,414: DEBUG/ForkPoolWorker-6] PRERUN: Task scraping.tasks.check_user_agents[e0852e27-fe08-4f2b-b9f7-059f77793f46] started with args=[], kwargs={}
[2025-04-09 12:59:30,415: INFO/ForkPoolWorker-6] SCRAPER: Vérification des agents utilisateur (mode PRODUCTION)
[2025-04-09 12:59:30,424: INFO/ForkPoolWorker-6] SCRAPER: 1 utilisateurs avec des tâches actives
[2025-04-09 12:59:30,431: INFO/ForkPoolWorker-6] SCRAPER: Utilisateur test2@gmail.com - 1 tâches actives, quota: 0/5 
[2025-04-09 12:59:30,433: INFO/ForkPoolWorker-6] SCRAPER: Vérification du job 12 pour l'utilisateur test2@gmail.com
[2025-04-09 12:59:30,436: INFO/MainProcess] Task scraping.tasks.check_job_progress[dbd3499d-9078-42af-9d68-10b394aac6a6] received
[2025-04-09 12:59:30,436: DEBUG/ForkPoolWorker-6] SUCCESS: Task scraping.tasks.check_user_agents succeeded with result=None
[2025-04-09 12:59:30,437: INFO/ForkPoolWorker-6] Task scraping.tasks.check_user_agents[e0852e27-fe08-4f2b-b9f7-059f77793f46] succeeded in 0.022250482001254568s: None
[2025-04-09 12:59:30,438: DEBUG/ForkPoolWorker-6] POSTRUN: Task scraping.tasks.check_user_agents[e0852e27-fe08-4f2b-b9f7-059f77793f46] ended with state=SUCCESS
[2025-04-09 12:59:30,438: DEBUG/ForkPoolWorker-7] PRERUN: Task scraping.tasks.check_job_progress[dbd3499d-9078-42af-9d68-10b394aac6a6] started with args=[12], kwargs={}
[2025-04-09 12:59:30,453: DEBUG/ForkPoolWorker-7] SUCCESS: Task scraping.tasks.check_job_progress succeeded with result=None
[2025-04-09 12:59:30,454: INFO/ForkPoolWorker-7] Task scraping.tasks.check_job_progress[dbd3499d-9078-42af-9d68-10b394aac6a6] succeeded in 0.015170712998951785s: None
[2025-04-09 12:59:30,454: DEBUG/ForkPoolWorker-7] POSTRUN: Task scraping.tasks.check_job_progress[dbd3499d-9078-42af-9d68-10b394aac6a6] ended with state=SUCCESS
[2025-04-09 12:59:31,384: INFO/MainProcess] Task scraping.tasks.check_pending_tasks[7aacfd05-31f8-4f28-b5ff-2c799c178a83] received
[2025-04-09 12:59:31,386: DEBUG/ForkPoolWorker-6] PRERUN: Task scraping.tasks.check_pending_tasks[7aacfd05-31f8-4f28-b5ff-2c799c178a83] started with args=[], kwargs={}
[2025-04-09 12:59:31,388: INFO/ForkPoolWorker-6] SCRAPER: Vérification des tâches en attente (mode appel direct)...
[2025-04-09 12:59:31,399: INFO/ForkPoolWorker-6] SCRAPER: 0 tâches en attente trouvées
[2025-04-09 12:59:31,404: DEBUG/ForkPoolWorker-6] SUCCESS: Task scraping.tasks.check_pending_tasks succeeded with result=None
[2025-04-09 12:59:31,405: INFO/ForkPoolWorker-6] Task scraping.tasks.check_pending_tasks[7aacfd05-31f8-4f28-b5ff-2c799c178a83] succeeded in 0.01796265400116681s: None
[2025-04-09 12:59:31,405: DEBUG/ForkPoolWorker-6] POSTRUN: Task scraping.tasks.check_pending_tasks[7aacfd05-31f8-4f28-b5ff-2c799c178a83] ended with state=SUCCESS
[2025-04-09 13:00:31,385: INFO/MainProcess] Task scraping.tasks.check_pending_tasks[c4df20cd-0dbb-47e2-b506-c6d29c689fc1] received
[2025-04-09 13:00:31,386: DEBUG/ForkPoolWorker-6] PRERUN: Task scraping.tasks.check_pending_tasks[c4df20cd-0dbb-47e2-b506-c6d29c689fc1] started with args=[], kwargs={}
[2025-04-09 13:00:31,388: INFO/ForkPoolWorker-6] SCRAPER: Vérification des tâches en attente (mode appel direct)...
[2025-04-09 13:00:31,398: INFO/ForkPoolWorker-6] SCRAPER: 0 tâches en attente trouvées
[2025-04-09 13:00:31,402: DEBUG/ForkPoolWorker-6] SUCCESS: Task scraping.tasks.check_pending_tasks succeeded with result=None
[2025-04-09 13:00:31,403: INFO/ForkPoolWorker-6] Task scraping.tasks.check_pending_tasks[c4df20cd-0dbb-47e2-b506-c6d29c689fc1] succeeded in 0.016250963999482337s: None
[2025-04-09 13:00:31,403: DEBUG/ForkPoolWorker-6] POSTRUN: Task scraping.tasks.check_pending_tasks[c4df20cd-0dbb-47e2-b506-c6d29c689fc1] ended with state=SUCCESS
[2025-04-09 13:01:31,384: INFO/MainProcess] Task scraping.tasks.check_pending_tasks[41b8d4df-1dd8-4f5d-81ed-9701cdd621c5] received
[2025-04-09 13:01:31,386: DEBUG/ForkPoolWorker-6] PRERUN: Task scraping.tasks.check_pending_tasks[41b8d4df-1dd8-4f5d-81ed-9701cdd621c5] started with args=[], kwargs={}
[2025-04-09 13:01:31,387: INFO/ForkPoolWorker-6] SCRAPER: Vérification des tâches en attente (mode appel direct)...
[2025-04-09 13:01:31,397: INFO/ForkPoolWorker-6] SCRAPER: 0 tâches en attente trouvées
[2025-04-09 13:01:31,401: DEBUG/ForkPoolWorker-6] SUCCESS: Task scraping.tasks.check_pending_tasks succeeded with result=None
[2025-04-09 13:01:31,402: INFO/ForkPoolWorker-6] Task scraping.tasks.check_pending_tasks[41b8d4df-1dd8-4f5d-81ed-9701cdd621c5] succeeded in 0.015143652999540791s: None
[2025-04-09 13:01:31,402: DEBUG/ForkPoolWorker-6] POSTRUN: Task scraping.tasks.check_pending_tasks[41b8d4df-1dd8-4f5d-81ed-9701cdd621c5] ended with state=SUCCESS
[2025-04-09 13:02:31,384: INFO/MainProcess] Task scraping.tasks.check_pending_tasks[d0afbc37-031f-40b8-929c-e02c9560dd1e] received
[2025-04-09 13:02:31,385: DEBUG/ForkPoolWorker-6] PRERUN: Task scraping.tasks.check_pending_tasks[d0afbc37-031f-40b8-929c-e02c9560dd1e] started with args=[], kwargs={}
[2025-04-09 13:02:31,386: INFO/ForkPoolWorker-6] SCRAPER: Vérification des tâches en attente (mode appel direct)...
[2025-04-09 13:02:31,395: INFO/ForkPoolWorker-6] SCRAPER: 0 tâches en attente trouvées
[2025-04-09 13:02:31,398: DEBUG/ForkPoolWorker-6] SUCCESS: Task scraping.tasks.check_pending_tasks succeeded with result=None
[2025-04-09 13:02:31,399: INFO/ForkPoolWorker-6] Task scraping.tasks.check_pending_tasks[d0afbc37-031f-40b8-929c-e02c9560dd1e] succeeded in 0.013247905997559428s: None
[2025-04-09 13:02:31,399: DEBUG/ForkPoolWorker-6] POSTRUN: Task scraping.tasks.check_pending_tasks[d0afbc37-031f-40b8-929c-e02c9560dd1e] ended with state=SUCCESS
[2025-04-09 13:03:00,937: INFO/MainProcess] Task scraping.tasks.verify_celery_connection[7945d3f3-762a-48de-be87-3cca2b8c9cf5] received
[2025-04-09 13:03:00,939: DEBUG/ForkPoolWorker-6] PRERUN: Task scraping.tasks.verify_celery_connection[7945d3f3-762a-48de-be87-3cca2b8c9cf5] started with args=[], kwargs={}
[2025-04-09 13:03:00,943: DEBUG/MainProcess] pidbox received method active(safe=None) [reply_to:{'exchange': 'reply.celery.pidbox', 'routing_key': '4d678faf-d72f-3375-8fea-0584b709c234'} ticket:6678fdd6-6d96-4a14-9425-f6c8108407e7]
[2025-04-09 13:03:01,956: INFO/ForkPoolWorker-6] Vérification Celery réussie: {"status": "success", "message": "Connexion Celery v\u00e9rifi\u00e9e avec succ\u00e8s depuis LAPTOP-N2V4DS7N", "worker": "celery@LAPTOP-N2V4DS7N", "timestamp": "2025-04-09T13:03:00.941179+00:00", "active_tasks": 1}
[2025-04-09 13:03:01,957: INFO/ForkPoolWorker-6] Task scraping.tasks.verify_celery_connection[7945d3f3-762a-48de-be87-3cca2b8c9cf5] completed successfully
[2025-04-09 13:03:01,958: DEBUG/ForkPoolWorker-6] SUCCESS: Task scraping.tasks.verify_celery_connection succeeded with result={'status': 'success', 'message': 'Connexion Celery vérifiée avec succès depuis LAPTOP-N2V4DS7N', 'worker': 'celery@LAPTOP-N2V4DS7N', 'timestamp': '2025-04-09T13:03:00.941179+00:00', 'active_tasks': 1}
[2025-04-09 13:03:01,959: INFO/ForkPoolWorker-6] Task scraping.tasks.verify_celery_connection[7945d3f3-762a-48de-be87-3cca2b8c9cf5] succeeded in 1.0185043019992008s: {'status': 'success', 'message': 'Connexion Celery vérifiée avec succès depuis LAPTOP-N2V4DS7N', 'worker': 'celery@LAPTOP-N2V4DS7N', 'timestamp': '2025-04-09T13:03:00.941179+00:00', 'active_tasks': 1}
[2025-04-09 13:03:01,959: DEBUG/ForkPoolWorker-6] POSTRUN: Task scraping.tasks.verify_celery_connection[7945d3f3-762a-48de-be87-3cca2b8c9cf5] ended with state=SUCCESS
[2025-04-09 13:03:31,384: INFO/MainProcess] Task scraping.tasks.check_pending_tasks[f609b4ca-ef66-4d76-ac8f-83f52dd4d514] received
[2025-04-09 13:03:31,385: DEBUG/ForkPoolWorker-6] PRERUN: Task scraping.tasks.check_pending_tasks[f609b4ca-ef66-4d76-ac8f-83f52dd4d514] started with args=[], kwargs={}
[2025-04-09 13:03:31,386: INFO/ForkPoolWorker-6] SCRAPER: Vérification des tâches en attente (mode appel direct)...
[2025-04-09 13:03:31,395: INFO/ForkPoolWorker-6] SCRAPER: 0 tâches en attente trouvées
[2025-04-09 13:03:31,398: DEBUG/ForkPoolWorker-6] SUCCESS: Task scraping.tasks.check_pending_tasks succeeded with result=None
[2025-04-09 13:03:31,399: INFO/ForkPoolWorker-6] Task scraping.tasks.check_pending_tasks[f609b4ca-ef66-4d76-ac8f-83f52dd4d514] succeeded in 0.013578078000136884s: None
