[2025-04-09 13:39:31,406: DEBUG/ForkPoolWorker-6] POSTRUN: Task scraping.tasks.check_pending_tasks[b31e8310-9f88-4858-a217-2d9ad401b77a] ended with state=SUCCESS
[2025-04-09 13:40:31,386: INFO/MainProcess] Task scraping.tasks.check_pending_tasks[5122287d-a4ba-4808-9835-1c763f0429d1] received
[2025-04-09 13:40:31,388: DEBUG/ForkPoolWorker-6] PRERUN: Task scraping.tasks.check_pending_tasks[5122287d-a4ba-4808-9835-1c763f0429d1] started with args=[], kwargs={}
[2025-04-09 13:40:31,389: INFO/ForkPoolWorker-6] SCRAPER: Vérification des tâches en attente (mode appel direct)...
[2025-04-09 13:40:31,399: INFO/ForkPoolWorker-6] SCRAPER: 0 tâches en attente trouvées
[2025-04-09 13:40:31,403: DEBUG/ForkPoolWorker-6] SUCCESS: Task scraping.tasks.check_pending_tasks succeeded with result=None
[2025-04-09 13:40:31,404: INFO/ForkPoolWorker-6] Task scraping.tasks.check_pending_tasks[5122287d-a4ba-4808-9835-1c763f0429d1] succeeded in 0.015968599000188988s: None
[2025-04-09 13:40:31,405: DEBUG/ForkPoolWorker-6] POSTRUN: Task scraping.tasks.check_pending_tasks[5122287d-a4ba-4808-9835-1c763f0429d1] ended with state=SUCCESS
[2025-04-09 13:41:31,387: INFO/MainProcess] Task scraping.tasks.check_pending_tasks[e3ee11b9-0535-4776-b333-0fc6370a8a85] received
[2025-04-09 13:41:31,389: DEBUG/ForkPoolWorker-6] PRERUN: Task scraping.tasks.check_pending_tasks[e3ee11b9-0535-4776-b333-0fc6370a8a85] started with args=[], kwargs={}
[2025-04-09 13:41:31,392: INFO/ForkPoolWorker-6] SCRAPER: Vérification des tâches en attente (mode appel direct)...
[2025-04-09 13:41:31,400: INFO/ForkPoolWorker-6] SCRAPER: 0 tâches en attente trouvées
[2025-04-09 13:41:31,403: DEBUG/ForkPoolWorker-6] SUCCESS: Task scraping.tasks.check_pending_tasks succeeded with result=None
[2025-04-09 13:41:31,403: INFO/ForkPoolWorker-6] Task scraping.tasks.check_pending_tasks[e3ee11b9-0535-4776-b333-0fc6370a8a85] succeeded in 0.013412055999651784s: None
[2025-04-09 13:41:31,403: DEBUG/ForkPoolWorker-6] POSTRUN: Task scraping.tasks.check_pending_tasks[e3ee11b9-0535-4776-b333-0fc6370a8a85] ended with state=SUCCESS
[2025-04-09 13:42:31,386: INFO/MainProcess] Task scraping.tasks.check_pending_tasks[dd695a5f-b4a0-4f2f-bb32-a634e49663c6] received
[2025-04-09 13:42:31,387: DEBUG/ForkPoolWorker-6] PRERUN: Task scraping.tasks.check_pending_tasks[dd695a5f-b4a0-4f2f-bb32-a634e49663c6] started with args=[], kwargs={}
[2025-04-09 13:42:31,389: INFO/ForkPoolWorker-6] SCRAPER: Vérification des tâches en attente (mode appel direct)...
[2025-04-09 13:42:31,398: INFO/ForkPoolWorker-6] SCRAPER: 0 tâches en attente trouvées
[2025-04-09 13:42:31,401: DEBUG/ForkPoolWorker-6] SUCCESS: Task scraping.tasks.check_pending_tasks succeeded with result=None
[2025-04-09 13:42:31,402: INFO/ForkPoolWorker-6] Task scraping.tasks.check_pending_tasks[dd695a5f-b4a0-4f2f-bb32-a634e49663c6] succeeded in 0.014027946999704s: None
[2025-04-09 13:42:31,402: DEBUG/ForkPoolWorker-6] POSTRUN: Task scraping.tasks.check_pending_tasks[dd695a5f-b4a0-4f2f-bb32-a634e49663c6] ended with state=SUCCESS
[2025-04-09 13:43:31,389: INFO/MainProcess] Task scraping.tasks.check_pending_tasks[7a489187-058a-455c-8073-379b769246fb] received
[2025-04-09 13:43:31,390: DEBUG/ForkPoolWorker-6] PRERUN: Task scraping.tasks.check_pending_tasks[7a489187-058a-455c-8073-379b769246fb] started with args=[], kwargs={}
[2025-04-09 13:43:31,392: INFO/ForkPoolWorker-6] SCRAPER: Vérification des tâches en attente (mode appel direct)...
[2025-04-09 13:43:31,402: INFO/ForkPoolWorker-6] SCRAPER: 0 tâches en attente trouvées
[2025-04-09 13:43:31,406: DEBUG/ForkPoolWorker-6] SUCCESS: Task scraping.tasks.check_pending_tasks succeeded with result=None
[2025-04-09 13:43:31,407: INFO/ForkPoolWorker-6] Task scraping.tasks.check_pending_tasks[7a489187-058a-455c-8073-379b769246fb] succeeded in 0.016298418999213027s: None
[2025-04-09 13:43:31,408: DEBUG/ForkPoolWorker-6] POSTRUN: Task scraping.tasks.check_pending_tasks[7a489187-058a-455c-8073-379b769246fb] ended with state=SUCCESS
[2025-04-09 13:44:30,414: INFO/MainProcess] Task scraping.tasks.check_user_agents[dd93bc31-d37f-4363-a3da-ff51f49e3961] received
[2025-04-09 13:44:30,415: DEBUG/ForkPoolWorker-6] PRERUN: Task scraping.tasks.check_user_agents[dd93bc31-d37f-4363-a3da-ff51f49e3961] started with args=[], kwargs={}
[2025-04-09 13:44:30,417: INFO/ForkPoolWorker-6] SCRAPER: Vérification des agents utilisateur (mode PRODUCTION)
[2025-04-09 13:44:30,426: INFO/ForkPoolWorker-6] SCRAPER: 1 utilisateurs avec des tâches actives
[2025-04-09 13:44:30,432: INFO/ForkPoolWorker-6] SCRAPER: Utilisateur test2@gmail.com - 1 tâches actives, quota: 0/5 
[2025-04-09 13:44:30,434: INFO/ForkPoolWorker-6] SCRAPER: Vérification du job 12 pour l'utilisateur test2@gmail.com
[2025-04-09 13:44:30,437: INFO/MainProcess] Task scraping.tasks.check_job_progress[e6d22d43-ef1c-490b-9d03-f3884cb91e27] received
[2025-04-09 13:44:30,437: DEBUG/ForkPoolWorker-6] SUCCESS: Task scraping.tasks.check_user_agents succeeded with result=None
[2025-04-09 13:44:30,438: INFO/ForkPoolWorker-6] Task scraping.tasks.check_user_agents[dd93bc31-d37f-4363-a3da-ff51f49e3961] succeeded in 0.021999741002218798s: None
[2025-04-09 13:44:30,439: DEBUG/ForkPoolWorker-6] POSTRUN: Task scraping.tasks.check_user_agents[dd93bc31-d37f-4363-a3da-ff51f49e3961] ended with state=SUCCESS
[2025-04-09 13:44:30,439: DEBUG/ForkPoolWorker-7] PRERUN: Task scraping.tasks.check_job_progress[e6d22d43-ef1c-490b-9d03-f3884cb91e27] started with args=[12], kwargs={}
[2025-04-09 13:44:30,454: DEBUG/ForkPoolWorker-7] SUCCESS: Task scraping.tasks.check_job_progress succeeded with result=None
[2025-04-09 13:44:30,455: INFO/ForkPoolWorker-7] Task scraping.tasks.check_job_progress[e6d22d43-ef1c-490b-9d03-f3884cb91e27] succeeded in 0.015244207002979238s: None
[2025-04-09 13:44:30,455: DEBUG/ForkPoolWorker-7] POSTRUN: Task scraping.tasks.check_job_progress[e6d22d43-ef1c-490b-9d03-f3884cb91e27] ended with state=SUCCESS
[2025-04-09 13:44:31,402: INFO/MainProcess] Task scraping.tasks.check_pending_tasks[2048dc05-6a1c-455f-adcf-f03c98a380a9] received
[2025-04-09 13:44:31,403: DEBUG/ForkPoolWorker-6] PRERUN: Task scraping.tasks.check_pending_tasks[2048dc05-6a1c-455f-adcf-f03c98a380a9] started with args=[], kwargs={}
[2025-04-09 13:44:31,405: INFO/ForkPoolWorker-6] SCRAPER: Vérification des tâches en attente (mode appel direct)...
[2025-04-09 13:44:31,415: INFO/ForkPoolWorker-6] SCRAPER: 0 tâches en attente trouvées
[2025-04-09 13:44:31,419: DEBUG/ForkPoolWorker-6] SUCCESS: Task scraping.tasks.check_pending_tasks succeeded with result=None
[2025-04-09 13:44:31,419: INFO/ForkPoolWorker-6] Task scraping.tasks.check_pending_tasks[2048dc05-6a1c-455f-adcf-f03c98a380a9] succeeded in 0.0154457899989211s: None
[2025-04-09 13:44:31,420: DEBUG/ForkPoolWorker-6] POSTRUN: Task scraping.tasks.check_pending_tasks[2048dc05-6a1c-455f-adcf-f03c98a380a9] ended with state=SUCCESS
[2025-04-09 13:45:31,401: INFO/MainProcess] Task scraping.tasks.check_pending_tasks[69d8d3fa-1edf-4404-99fe-58243a6eceb1] received
[2025-04-09 13:45:31,402: DEBUG/ForkPoolWorker-6] PRERUN: Task scraping.tasks.check_pending_tasks[69d8d3fa-1edf-4404-99fe-58243a6eceb1] started with args=[], kwargs={}
[2025-04-09 13:45:31,404: INFO/ForkPoolWorker-6] SCRAPER: Vérification des tâches en attente (mode appel direct)...
[2025-04-09 13:45:31,412: INFO/ForkPoolWorker-6] SCRAPER: 0 tâches en attente trouvées
[2025-04-09 13:45:31,415: DEBUG/ForkPoolWorker-6] SUCCESS: Task scraping.tasks.check_pending_tasks succeeded with result=None
[2025-04-09 13:45:31,416: INFO/ForkPoolWorker-6] Task scraping.tasks.check_pending_tasks[69d8d3fa-1edf-4404-99fe-58243a6eceb1] succeeded in 0.013353381997148972s: None
[2025-04-09 13:45:31,416: DEBUG/ForkPoolWorker-6] POSTRUN: Task scraping.tasks.check_pending_tasks[69d8d3fa-1edf-4404-99fe-58243a6eceb1] ended with state=SUCCESS
[2025-04-09 13:46:31,414: INFO/MainProcess] Task scraping.tasks.check_pending_tasks[d0452533-6efd-4522-bb32-d3aed1a26214] received
[2025-04-09 13:46:31,415: DEBUG/ForkPoolWorker-6] PRERUN: Task scraping.tasks.check_pending_tasks[d0452533-6efd-4522-bb32-d3aed1a26214] started with args=[], kwargs={}
[2025-04-09 13:46:31,417: INFO/ForkPoolWorker-6] SCRAPER: Vérification des tâches en attente (mode appel direct)...
[2025-04-09 13:46:31,426: INFO/ForkPoolWorker-6] SCRAPER: 0 tâches en attente trouvées
[2025-04-09 13:46:31,430: DEBUG/ForkPoolWorker-6] SUCCESS: Task scraping.tasks.check_pending_tasks succeeded with result=None
[2025-04-09 13:46:31,431: INFO/ForkPoolWorker-6] Task scraping.tasks.check_pending_tasks[d0452533-6efd-4522-bb32-d3aed1a26214] succeeded in 0.014798023999901488s: None
[2025-04-09 13:46:31,431: DEBUG/ForkPoolWorker-6] POSTRUN: Task scraping.tasks.check_pending_tasks[d0452533-6efd-4522-bb32-d3aed1a26214] ended with state=SUCCESS
[2025-04-09 13:47:31,421: INFO/MainProcess] Task scraping.tasks.check_pending_tasks[0d419e96-80e1-46fd-918d-56bdd3c21b9e] received
[2025-04-09 13:47:31,424: DEBUG/ForkPoolWorker-6] PRERUN: Task scraping.tasks.check_pending_tasks[0d419e96-80e1-46fd-918d-56bdd3c21b9e] started with args=[], kwargs={}
[2025-04-09 13:47:31,429: INFO/ForkPoolWorker-6] SCRAPER: Vérification des tâches en attente (mode appel direct)...
[2025-04-09 13:47:31,483: INFO/ForkPoolWorker-6] SCRAPER: 0 tâches en attente trouvées
[2025-04-09 13:47:31,494: DEBUG/ForkPoolWorker-6] SUCCESS: Task scraping.tasks.check_pending_tasks succeeded with result=None
[2025-04-09 13:47:31,503: INFO/ForkPoolWorker-6] Task scraping.tasks.check_pending_tasks[0d419e96-80e1-46fd-918d-56bdd3c21b9e] succeeded in 0.06961949199830997s: None
[2025-04-09 13:47:31,505: DEBUG/ForkPoolWorker-6] POSTRUN: Task scraping.tasks.check_pending_tasks[0d419e96-80e1-46fd-918d-56bdd3c21b9e] ended with state=SUCCESS
[2025-04-09 13:48:31,419: INFO/MainProcess] Task scraping.tasks.check_pending_tasks[6ba1f77d-efd2-4176-a388-8251215cda37] received
[2025-04-09 13:48:31,420: DEBUG/ForkPoolWorker-6] PRERUN: Task scraping.tasks.check_pending_tasks[6ba1f77d-efd2-4176-a388-8251215cda37] started with args=[], kwargs={}
[2025-04-09 13:48:31,422: INFO/ForkPoolWorker-6] SCRAPER: Vérification des tâches en attente (mode appel direct)...
[2025-04-09 13:48:31,432: INFO/ForkPoolWorker-6] SCRAPER: 0 tâches en attente trouvées
[2025-04-09 13:48:31,436: DEBUG/ForkPoolWorker-6] SUCCESS: Task scraping.tasks.check_pending_tasks succeeded with result=None
[2025-04-09 13:48:31,437: INFO/ForkPoolWorker-6] Task scraping.tasks.check_pending_tasks[6ba1f77d-efd2-4176-a388-8251215cda37] succeeded in 0.01616724400082603s: None
[2025-04-09 13:48:31,437: DEBUG/ForkPoolWorker-6] POSTRUN: Task scraping.tasks.check_pending_tasks[6ba1f77d-efd2-4176-a388-8251215cda37] ended with state=SUCCESS
[2025-04-09 13:49:30,414: INFO/MainProcess] Task scraping.tasks.check_user_agents[b5ee7fb4-c85b-4596-a226-0a727d266642] received
[2025-04-09 13:49:30,415: DEBUG/ForkPoolWorker-6] PRERUN: Task scraping.tasks.check_user_agents[b5ee7fb4-c85b-4596-a226-0a727d266642] started with args=[], kwargs={}
[2025-04-09 13:49:30,417: INFO/ForkPoolWorker-6] SCRAPER: Vérification des agents utilisateur (mode PRODUCTION)
[2025-04-09 13:49:30,428: INFO/ForkPoolWorker-6] SCRAPER: 1 utilisateurs avec des tâches actives
[2025-04-09 13:49:30,435: INFO/ForkPoolWorker-6] SCRAPER: Utilisateur test2@gmail.com - 1 tâches actives, quota: 0/5 
[2025-04-09 13:49:30,438: INFO/ForkPoolWorker-6] SCRAPER: Vérification du job 12 pour l'utilisateur test2@gmail.com
[2025-04-09 13:49:30,441: INFO/MainProcess] Task scraping.tasks.check_job_progress[b2c58568-c0f1-4d0f-a547-d831079a841e] received
[2025-04-09 13:49:30,441: DEBUG/ForkPoolWorker-6] SUCCESS: Task scraping.tasks.check_user_agents succeeded with result=None
[2025-04-09 13:49:30,442: INFO/ForkPoolWorker-6] Task scraping.tasks.check_user_agents[b5ee7fb4-c85b-4596-a226-0a727d266642] succeeded in 0.02589694099879125s: None
[2025-04-09 13:49:30,442: DEBUG/ForkPoolWorker-7] PRERUN: Task scraping.tasks.check_job_progress[b2c58568-c0f1-4d0f-a547-d831079a841e] started with args=[12], kwargs={}
[2025-04-09 13:49:30,443: DEBUG/ForkPoolWorker-6] POSTRUN: Task scraping.tasks.check_user_agents[b5ee7fb4-c85b-4596-a226-0a727d266642] ended with state=SUCCESS
[2025-04-09 13:49:30,457: DEBUG/ForkPoolWorker-7] SUCCESS: Task scraping.tasks.check_job_progress succeeded with result=None
[2025-04-09 13:49:30,458: INFO/ForkPoolWorker-7] Task scraping.tasks.check_job_progress[b2c58568-c0f1-4d0f-a547-d831079a841e] succeeded in 0.014959407999413088s: None
[2025-04-09 13:49:30,459: DEBUG/ForkPoolWorker-7] POSTRUN: Task scraping.tasks.check_job_progress[b2c58568-c0f1-4d0f-a547-d831079a841e] ended with state=SUCCESS
[2025-04-09 13:49:31,418: INFO/MainProcess] Task scraping.tasks.check_pending_tasks[a600b843-76f7-423b-819b-f449461ab7c2] received
[2025-04-09 13:49:31,420: DEBUG/ForkPoolWorker-6] PRERUN: Task scraping.tasks.check_pending_tasks[a600b843-76f7-423b-819b-f449461ab7c2] started with args=[], kwargs={}
[2025-04-09 13:49:31,422: INFO/ForkPoolWorker-6] SCRAPER: Vérification des tâches en attente (mode appel direct)...
[2025-04-09 13:49:31,431: INFO/ForkPoolWorker-6] SCRAPER: 0 tâches en attente trouvées
[2025-04-09 13:49:31,434: DEBUG/ForkPoolWorker-6] SUCCESS: Task scraping.tasks.check_pending_tasks succeeded with result=None
[2025-04-09 13:49:31,435: INFO/ForkPoolWorker-6] Task scraping.tasks.check_pending_tasks[a600b843-76f7-423b-819b-f449461ab7c2] succeeded in 0.014514687998598674s: None
[2025-04-09 13:49:31,435: DEBUG/ForkPoolWorker-6] POSTRUN: Task scraping.tasks.check_pending_tasks[a600b843-76f7-423b-819b-f449461ab7c2] ended with state=SUCCESS
[2025-04-09 13:50:31,435: INFO/MainProcess] Task scraping.tasks.check_pending_tasks[32637cc0-1c7b-48cc-ace6-bce86376a2ea] received
[2025-04-09 13:50:31,436: DEBUG/ForkPoolWorker-6] PRERUN: Task scraping.tasks.check_pending_tasks[32637cc0-1c7b-48cc-ace6-bce86376a2ea] started with args=[], kwargs={}
[2025-04-09 13:50:31,438: INFO/ForkPoolWorker-6] SCRAPER: Vérification des tâches en attente (mode appel direct)...
[2025-04-09 13:50:31,447: INFO/ForkPoolWorker-6] SCRAPER: 0 tâches en attente trouvées
[2025-04-09 13:50:31,451: DEBUG/ForkPoolWorker-6] SUCCESS: Task scraping.tasks.check_pending_tasks succeeded with result=None
[2025-04-09 13:50:31,452: INFO/ForkPoolWorker-6] Task scraping.tasks.check_pending_tasks[32637cc0-1c7b-48cc-ace6-bce86376a2ea] succeeded in 0.014891836999595398s: None
[2025-04-09 13:50:31,452: DEBUG/ForkPoolWorker-6] POSTRUN: Task scraping.tasks.check_pending_tasks[32637cc0-1c7b-48cc-ace6-bce86376a2ea] ended with state=SUCCESS
[2025-04-09 13:51:31,478: INFO/MainProcess] Task scraping.tasks.check_pending_tasks[c2a58632-8730-4894-a8bb-237f504e9d84] received
[2025-04-09 13:51:31,479: DEBUG/ForkPoolWorker-6] PRERUN: Task scraping.tasks.check_pending_tasks[c2a58632-8730-4894-a8bb-237f504e9d84] started with args=[], kwargs={}
[2025-04-09 13:51:31,480: INFO/ForkPoolWorker-6] SCRAPER: Vérification des tâches en attente (mode appel direct)...
[2025-04-09 13:51:31,489: INFO/ForkPoolWorker-6] SCRAPER: 0 tâches en attente trouvées
[2025-04-09 13:51:31,492: DEBUG/ForkPoolWorker-6] SUCCESS: Task scraping.tasks.check_pending_tasks succeeded with result=None
[2025-04-09 13:51:31,493: INFO/ForkPoolWorker-6] Task scraping.tasks.check_pending_tasks[c2a58632-8730-4894-a8bb-237f504e9d84] succeeded in 0.013411693998932606s: None
[2025-04-09 13:51:31,493: DEBUG/ForkPoolWorker-6] POSTRUN: Task scraping.tasks.check_pending_tasks[c2a58632-8730-4894-a8bb-237f504e9d84] ended with state=SUCCESS
[2025-04-09 13:52:31,479: INFO/MainProcess] Task scraping.tasks.check_pending_tasks[ee77d886-637b-46ea-84ca-38ea242cd8b3] received
[2025-04-09 13:52:31,480: DEBUG/ForkPoolWorker-6] PRERUN: Task scraping.tasks.check_pending_tasks[ee77d886-637b-46ea-84ca-38ea242cd8b3] started with args=[], kwargs={}
[2025-04-09 13:52:31,482: INFO/ForkPoolWorker-6] SCRAPER: Vérification des tâches en attente (mode appel direct)...
[2025-04-09 13:52:31,492: INFO/ForkPoolWorker-6] SCRAPER: 0 tâches en attente trouvées
[2025-04-09 13:52:31,495: DEBUG/ForkPoolWorker-6] SUCCESS: Task scraping.tasks.check_pending_tasks succeeded with result=None
[2025-04-09 13:52:31,496: INFO/ForkPoolWorker-6] Task scraping.tasks.check_pending_tasks[ee77d886-637b-46ea-84ca-38ea242cd8b3] succeeded in 0.015323352999985218s: None
[2025-04-09 13:52:31,497: DEBUG/ForkPoolWorker-6] POSTRUN: Task scraping.tasks.check_pending_tasks[ee77d886-637b-46ea-84ca-38ea242cd8b3] ended with state=SUCCESS
[2025-04-09 13:53:31,500: INFO/MainProcess] Task scraping.tasks.check_pending_tasks[2ec0fbcb-7d75-41f0-b0ee-ddacc83145f6] received
[2025-04-09 13:53:31,502: DEBUG/ForkPoolWorker-6] PRERUN: Task scraping.tasks.check_pending_tasks[2ec0fbcb-7d75-41f0-b0ee-ddacc83145f6] started with args=[], kwargs={}
[2025-04-09 13:53:31,504: INFO/ForkPoolWorker-6] SCRAPER: Vérification des tâches en attente (mode appel direct)...
[2025-04-09 13:53:31,515: INFO/ForkPoolWorker-6] SCRAPER: 0 tâches en attente trouvées
[2025-04-09 13:53:31,520: DEBUG/ForkPoolWorker-6] SUCCESS: Task scraping.tasks.check_pending_tasks succeeded with result=None
[2025-04-09 13:53:31,521: INFO/ForkPoolWorker-6] Task scraping.tasks.check_pending_tasks[2ec0fbcb-7d75-41f0-b0ee-ddacc83145f6] succeeded in 0.018637684002897004s: None
[2025-04-09 13:53:31,521: DEBUG/ForkPoolWorker-6] POSTRUN: Task scraping.tasks.check_pending_tasks[2ec0fbcb-7d75-41f0-b0ee-ddacc83145f6] ended with state=SUCCESS
[2025-04-09 13:54:30,415: INFO/MainProcess] Task scraping.tasks.check_user_agents[6734097a-00e8-4f94-b4ed-310d1a9bba15] received
[2025-04-09 13:54:30,416: DEBUG/ForkPoolWorker-6] PRERUN: Task scraping.tasks.check_user_agents[6734097a-00e8-4f94-b4ed-310d1a9bba15] started with args=[], kwargs={}
[2025-04-09 13:54:30,418: INFO/ForkPoolWorker-6] SCRAPER: Vérification des agents utilisateur (mode PRODUCTION)
[2025-04-09 13:54:30,430: INFO/ForkPoolWorker-6] SCRAPER: 1 utilisateurs avec des tâches actives
[2025-04-09 13:54:30,438: INFO/ForkPoolWorker-6] SCRAPER: Utilisateur test2@gmail.com - 1 tâches actives, quota: 0/5 
[2025-04-09 13:54:30,441: INFO/ForkPoolWorker-6] SCRAPER: Vérification du job 12 pour l'utilisateur test2@gmail.com
[2025-04-09 13:54:30,445: INFO/MainProcess] Task scraping.tasks.check_job_progress[37101678-c5fe-4f2b-b446-72e5f8b5d6d1] received
[2025-04-09 13:54:30,444: DEBUG/ForkPoolWorker-6] SUCCESS: Task scraping.tasks.check_user_agents succeeded with result=None
[2025-04-09 13:54:30,445: INFO/ForkPoolWorker-6] Task scraping.tasks.check_user_agents[6734097a-00e8-4f94-b4ed-310d1a9bba15] succeeded in 0.028069959000276867s: None
[2025-04-09 13:54:30,446: DEBUG/ForkPoolWorker-7] PRERUN: Task scraping.tasks.check_job_progress[37101678-c5fe-4f2b-b446-72e5f8b5d6d1] started with args=[12], kwargs={}
[2025-04-09 13:54:30,447: DEBUG/ForkPoolWorker-6] POSTRUN: Task scraping.tasks.check_user_agents[6734097a-00e8-4f94-b4ed-310d1a9bba15] ended with state=SUCCESS
[2025-04-09 13:54:30,462: DEBUG/ForkPoolWorker-7] SUCCESS: Task scraping.tasks.check_job_progress succeeded with result=None
[2025-04-09 13:54:30,463: INFO/ForkPoolWorker-7] Task scraping.tasks.check_job_progress[37101678-c5fe-4f2b-b446-72e5f8b5d6d1] succeeded in 0.016220524998061592s: None
[2025-04-09 13:54:30,463: DEBUG/ForkPoolWorker-7] POSTRUN: Task scraping.tasks.check_job_progress[37101678-c5fe-4f2b-b446-72e5f8b5d6d1] ended with state=SUCCESS
[2025-04-09 13:54:31,502: INFO/MainProcess] Task scraping.tasks.check_pending_tasks[f2e3d336-2b78-4736-aaae-a1b1166cfa5a] received
[2025-04-09 13:54:31,504: DEBUG/ForkPoolWorker-6] PRERUN: Task scraping.tasks.check_pending_tasks[f2e3d336-2b78-4736-aaae-a1b1166cfa5a] started with args=[], kwargs={}
[2025-04-09 13:54:31,507: INFO/ForkPoolWorker-6] SCRAPER: Vérification des tâches en attente (mode appel direct)...
[2025-04-09 13:54:31,520: INFO/ForkPoolWorker-6] SCRAPER: 0 tâches en attente trouvées
[2025-04-09 13:54:31,523: DEBUG/ForkPoolWorker-6] SUCCESS: Task scraping.tasks.check_pending_tasks succeeded with result=None
[2025-04-09 13:54:31,523: INFO/ForkPoolWorker-6] Task scraping.tasks.check_pending_tasks[f2e3d336-2b78-4736-aaae-a1b1166cfa5a] succeeded in 0.018348806999711087s: None
[2025-04-09 13:54:31,523: DEBUG/ForkPoolWorker-6] POSTRUN: Task scraping.tasks.check_pending_tasks[f2e3d336-2b78-4736-aaae-a1b1166cfa5a] ended with state=SUCCESS
[2025-04-09 13:55:31,500: INFO/MainProcess] Task scraping.tasks.check_pending_tasks[4da2616a-a7ec-41c4-85bf-7b337e5d7fe5] received
[2025-04-09 13:55:31,502: DEBUG/ForkPoolWorker-6] PRERUN: Task scraping.tasks.check_pending_tasks[4da2616a-a7ec-41c4-85bf-7b337e5d7fe5] started with args=[], kwargs={}
[2025-04-09 13:55:31,504: INFO/ForkPoolWorker-6] SCRAPER: Vérification des tâches en attente (mode appel direct)...
[2025-04-09 13:55:31,517: INFO/ForkPoolWorker-6] SCRAPER: 0 tâches en attente trouvées
[2025-04-09 13:55:31,522: DEBUG/ForkPoolWorker-6] SUCCESS: Task scraping.tasks.check_pending_tasks succeeded with result=None
[2025-04-09 13:55:31,523: INFO/ForkPoolWorker-6] Task scraping.tasks.check_pending_tasks[4da2616a-a7ec-41c4-85bf-7b337e5d7fe5] succeeded in 0.020090027999685844s: None
[2025-04-09 13:55:31,524: DEBUG/ForkPoolWorker-6] POSTRUN: Task scraping.tasks.check_pending_tasks[4da2616a-a7ec-41c4-85bf-7b337e5d7fe5] ended with state=SUCCESS
[2025-04-09 13:56:31,539: INFO/MainProcess] Task scraping.tasks.check_pending_tasks[0561be97-5e43-4c20-9beb-ec472b4d1abd] received
[2025-04-09 13:56:31,540: DEBUG/ForkPoolWorker-6] PRERUN: Task scraping.tasks.check_pending_tasks[0561be97-5e43-4c20-9beb-ec472b4d1abd] started with args=[], kwargs={}
[2025-04-09 13:56:31,542: INFO/ForkPoolWorker-6] SCRAPER: Vérification des tâches en attente (mode appel direct)...
[2025-04-09 13:56:31,550: INFO/ForkPoolWorker-6] SCRAPER: 0 tâches en attente trouvées
[2025-04-09 13:56:31,553: DEBUG/ForkPoolWorker-6] SUCCESS: Task scraping.tasks.check_pending_tasks succeeded with result=None
[2025-04-09 13:56:31,554: INFO/ForkPoolWorker-6] Task scraping.tasks.check_pending_tasks[0561be97-5e43-4c20-9beb-ec472b4d1abd] succeeded in 0.012982123000256252s: None
[2025-04-09 13:56:31,554: DEBUG/ForkPoolWorker-6] POSTRUN: Task scraping.tasks.check_pending_tasks[0561be97-5e43-4c20-9beb-ec472b4d1abd] ended with state=SUCCESS
[2025-04-09 13:57:31,598: INFO/MainProcess] Task scraping.tasks.check_pending_tasks[dc1730d7-e3c8-430e-a499-422457d04316] received
[2025-04-09 13:57:31,599: DEBUG/ForkPoolWorker-6] PRERUN: Task scraping.tasks.check_pending_tasks[dc1730d7-e3c8-430e-a499-422457d04316] started with args=[], kwargs={}
[2025-04-09 13:57:31,601: INFO/ForkPoolWorker-6] SCRAPER: Vérification des tâches en attente (mode appel direct)...
[2025-04-09 13:57:31,613: INFO/ForkPoolWorker-6] SCRAPER: 0 tâches en attente trouvées
[2025-04-09 13:57:31,618: DEBUG/ForkPoolWorker-6] SUCCESS: Task scraping.tasks.check_pending_tasks succeeded with result=None
[2025-04-09 13:57:31,619: INFO/ForkPoolWorker-6] Task scraping.tasks.check_pending_tasks[dc1730d7-e3c8-430e-a499-422457d04316] succeeded in 0.01881943000262254s: None
[2025-04-09 13:57:31,620: DEBUG/ForkPoolWorker-6] POSTRUN: Task scraping.tasks.check_pending_tasks[dc1730d7-e3c8-430e-a499-422457d04316] ended with state=SUCCESS
[2025-04-09 13:58:31,598: INFO/MainProcess] Task scraping.tasks.check_pending_tasks[e5ed24bf-e120-411b-9c76-8a5dd068d0c0] received
[2025-04-09 13:58:31,599: DEBUG/ForkPoolWorker-6] PRERUN: Task scraping.tasks.check_pending_tasks[e5ed24bf-e120-411b-9c76-8a5dd068d0c0] started with args=[], kwargs={}
[2025-04-09 13:58:31,601: INFO/ForkPoolWorker-6] SCRAPER: Vérification des tâches en attente (mode appel direct)...
[2025-04-09 13:58:31,610: INFO/ForkPoolWorker-6] SCRAPER: 0 tâches en attente trouvées
[2025-04-09 13:58:31,614: DEBUG/ForkPoolWorker-6] SUCCESS: Task scraping.tasks.check_pending_tasks succeeded with result=None
[2025-04-09 13:58:31,615: INFO/ForkPoolWorker-6] Task scraping.tasks.check_pending_tasks[e5ed24bf-e120-411b-9c76-8a5dd068d0c0] succeeded in 0.015272140000888612s: None
[2025-04-09 13:58:31,615: DEBUG/ForkPoolWorker-6] POSTRUN: Task scraping.tasks.check_pending_tasks[e5ed24bf-e120-411b-9c76-8a5dd068d0c0] ended with state=SUCCESS
[2025-04-09 13:59:30,414: INFO/MainProcess] Task scraping.tasks.check_user_agents[c19fb7c4-3f7a-4db1-8b1c-83f99e42e91c] received
[2025-04-09 13:59:30,416: DEBUG/ForkPoolWorker-6] PRERUN: Task scraping.tasks.check_user_agents[c19fb7c4-3f7a-4db1-8b1c-83f99e42e91c] started with args=[], kwargs={}
[2025-04-09 13:59:30,417: INFO/ForkPoolWorker-6] SCRAPER: Vérification des agents utilisateur (mode PRODUCTION)
[2025-04-09 13:59:30,428: INFO/ForkPoolWorker-6] SCRAPER: 1 utilisateurs avec des tâches actives
[2025-04-09 13:59:30,436: INFO/ForkPoolWorker-6] SCRAPER: Utilisateur test2@gmail.com - 1 tâches actives, quota: 0/5 
[2025-04-09 13:59:30,439: INFO/ForkPoolWorker-6] SCRAPER: Vérification du job 12 pour l'utilisateur test2@gmail.com
[2025-04-09 13:59:30,442: INFO/MainProcess] Task scraping.tasks.check_job_progress[825d94b1-b4d9-4b77-b58b-0b7b30e5a48a] received
[2025-04-09 13:59:30,442: DEBUG/ForkPoolWorker-6] SUCCESS: Task scraping.tasks.check_user_agents succeeded with result=None
[2025-04-09 13:59:30,443: INFO/ForkPoolWorker-6] Task scraping.tasks.check_user_agents[c19fb7c4-3f7a-4db1-8b1c-83f99e42e91c] succeeded in 0.026445518000400625s: None
[2025-04-09 13:59:30,443: DEBUG/ForkPoolWorker-7] PRERUN: Task scraping.tasks.check_job_progress[825d94b1-b4d9-4b77-b58b-0b7b30e5a48a] started with args=[12], kwargs={}
[2025-04-09 13:59:30,443: DEBUG/ForkPoolWorker-6] POSTRUN: Task scraping.tasks.check_user_agents[c19fb7c4-3f7a-4db1-8b1c-83f99e42e91c] ended with state=SUCCESS
[2025-04-09 13:59:30,459: DEBUG/ForkPoolWorker-7] SUCCESS: Task scraping.tasks.check_job_progress succeeded with result=None
[2025-04-09 13:59:30,460: INFO/ForkPoolWorker-7] Task scraping.tasks.check_job_progress[825d94b1-b4d9-4b77-b58b-0b7b30e5a48a] succeeded in 0.01583507499890402s: None
[2025-04-09 13:59:30,460: DEBUG/ForkPoolWorker-7] POSTRUN: Task scraping.tasks.check_job_progress[825d94b1-b4d9-4b77-b58b-0b7b30e5a48a] ended with state=SUCCESS
[2025-04-09 13:59:31,630: INFO/MainProcess] Task scraping.tasks.check_pending_tasks[0bcd9eb1-d4e9-44e9-9145-1c8d17b70c09] received
[2025-04-09 13:59:31,632: DEBUG/ForkPoolWorker-6] PRERUN: Task scraping.tasks.check_pending_tasks[0bcd9eb1-d4e9-44e9-9145-1c8d17b70c09] started with args=[], kwargs={}
[2025-04-09 13:59:31,633: INFO/ForkPoolWorker-6] SCRAPER: Vérification des tâches en attente (mode appel direct)...
[2025-04-09 13:59:31,643: INFO/ForkPoolWorker-6] SCRAPER: 0 tâches en attente trouvées
[2025-04-09 13:59:31,646: DEBUG/ForkPoolWorker-6] SUCCESS: Task scraping.tasks.check_pending_tasks succeeded with result=None
[2025-04-09 13:59:31,647: INFO/ForkPoolWorker-6] Task scraping.tasks.check_pending_tasks[0bcd9eb1-d4e9-44e9-9145-1c8d17b70c09] succeeded in 0.014645146999100689s: None
[2025-04-09 13:59:31,647: DEBUG/ForkPoolWorker-6] POSTRUN: Task scraping.tasks.check_pending_tasks[0bcd9eb1-d4e9-44e9-9145-1c8d17b70c09] ended with state=SUCCESS
[2025-04-09 14:00:31,658: INFO/MainProcess] Task scraping.tasks.check_pending_tasks[17e03500-dc92-47e9-84d7-fd75c03f74a7] received
[2025-04-09 14:00:31,660: DEBUG/ForkPoolWorker-6] PRERUN: Task scraping.tasks.check_pending_tasks[17e03500-dc92-47e9-84d7-fd75c03f74a7] started with args=[], kwargs={}
[2025-04-09 14:00:31,662: INFO/ForkPoolWorker-6] SCRAPER: Vérification des tâches en attente (mode appel direct)...
[2025-04-09 14:00:31,673: INFO/ForkPoolWorker-6] SCRAPER: 0 tâches en attente trouvées
[2025-04-09 14:00:31,678: DEBUG/ForkPoolWorker-6] SUCCESS: Task scraping.tasks.check_pending_tasks succeeded with result=None
[2025-04-09 14:00:31,679: INFO/ForkPoolWorker-6] Task scraping.tasks.check_pending_tasks[17e03500-dc92-47e9-84d7-fd75c03f74a7] succeeded in 0.01807371899849386s: None
[2025-04-09 14:00:31,679: DEBUG/ForkPoolWorker-6] POSTRUN: Task scraping.tasks.check_pending_tasks[17e03500-dc92-47e9-84d7-fd75c03f74a7] ended with state=SUCCESS
[2025-04-09 14:01:31,669: INFO/MainProcess] Task scraping.tasks.check_pending_tasks[ff88edec-457b-4c33-a88f-56aadbc47083] received
[2025-04-09 14:01:31,670: DEBUG/ForkPoolWorker-6] PRERUN: Task scraping.tasks.check_pending_tasks[ff88edec-457b-4c33-a88f-56aadbc47083] started with args=[], kwargs={}
[2025-04-09 14:01:31,672: INFO/ForkPoolWorker-6] SCRAPER: Vérification des tâches en attente (mode appel direct)...
[2025-04-09 14:01:31,682: INFO/ForkPoolWorker-6] SCRAPER: 0 tâches en attente trouvées
[2025-04-09 14:01:31,687: DEBUG/ForkPoolWorker-6] SUCCESS: Task scraping.tasks.check_pending_tasks succeeded with result=None
[2025-04-09 14:01:31,688: INFO/ForkPoolWorker-6] Task scraping.tasks.check_pending_tasks[ff88edec-457b-4c33-a88f-56aadbc47083] succeeded in 0.0168339929987269s: None
[2025-04-09 14:01:31,688: DEBUG/ForkPoolWorker-6] POSTRUN: Task scraping.tasks.check_pending_tasks[ff88edec-457b-4c33-a88f-56aadbc47083] ended with state=SUCCESS
[2025-04-09 14:02:31,697: INFO/MainProcess] Task scraping.tasks.check_pending_tasks[d8cfb900-650b-4f38-96db-77c7cd116224] received
[2025-04-09 14:02:31,699: DEBUG/ForkPoolWorker-6] PRERUN: Task scraping.tasks.check_pending_tasks[d8cfb900-650b-4f38-96db-77c7cd116224] started with args=[], kwargs={}
[2025-04-09 14:02:31,701: INFO/ForkPoolWorker-6] SCRAPER: Vérification des tâches en attente (mode appel direct)...
[2025-04-09 14:02:31,710: INFO/ForkPoolWorker-6] SCRAPER: 0 tâches en attente trouvées
[2025-04-09 14:02:31,713: DEBUG/ForkPoolWorker-6] SUCCESS: Task scraping.tasks.check_pending_tasks succeeded with result=None
[2025-04-09 14:02:31,714: INFO/ForkPoolWorker-6] Task scraping.tasks.check_pending_tasks[d8cfb900-650b-4f38-96db-77c7cd116224] succeeded in 0.014442636002058862s: None
[2025-04-09 14:02:31,714: DEBUG/ForkPoolWorker-6] POSTRUN: Task scraping.tasks.check_pending_tasks[d8cfb900-650b-4f38-96db-77c7cd116224] ended with state=SUCCESS
[2025-04-09 14:03:00,948: INFO/MainProcess] Task scraping.tasks.verify_celery_connection[fe0f58a9-2dcf-4177-9a7b-ecc3ff4ad7b3] received
[2025-04-09 14:03:00,949: DEBUG/ForkPoolWorker-6] PRERUN: Task scraping.tasks.verify_celery_connection[fe0f58a9-2dcf-4177-9a7b-ecc3ff4ad7b3] started with args=[], kwargs={}
[2025-04-09 14:03:00,954: DEBUG/MainProcess] pidbox received method active(safe=None) [reply_to:{'exchange': 'reply.celery.pidbox', 'routing_key': '680b25da-1c1c-39e8-8eab-c4bfb44cb63c'} ticket:086224cb-e824-449e-9703-4db72da8db1a]
[2025-04-09 14:03:01,959: INFO/ForkPoolWorker-6] Vérification Celery réussie: {"status": "success", "message": "Connexion Celery v\u00e9rifi\u00e9e avec succ\u00e8s depuis LAPTOP-N2V4DS7N", "worker": "celery@LAPTOP-N2V4DS7N", "timestamp": "2025-04-09T14:03:00.951693+00:00", "active_tasks": 1}
[2025-04-09 14:03:01,961: INFO/ForkPoolWorker-6] Task scraping.tasks.verify_celery_connection[fe0f58a9-2dcf-4177-9a7b-ecc3ff4ad7b3] completed successfully
[2025-04-09 14:03:01,962: DEBUG/ForkPoolWorker-6] SUCCESS: Task scraping.tasks.verify_celery_connection succeeded with result={'status': 'success', 'message': 'Connexion Celery vérifiée avec succès depuis LAPTOP-N2V4DS7N', 'worker': 'celery@LAPTOP-N2V4DS7N', 'timestamp': '2025-04-09T14:03:00.951693+00:00', 'active_tasks': 1}
[2025-04-09 14:03:01,963: INFO/ForkPoolWorker-6] Task scraping.tasks.verify_celery_connection[fe0f58a9-2dcf-4177-9a7b-ecc3ff4ad7b3] succeeded in 1.0111697790016478s: {'status': 'success', 'message': 'Connexion Celery vérifiée avec succès depuis LAPTOP-N2V4DS7N', 'worker': 'celery@LAPTOP-N2V4DS7N', 'timestamp': '2025-04-09T14:03:00.951693+00:00', 'active_tasks': 1}
[2025-04-09 14:03:01,963: DEBUG/ForkPoolWorker-6] POSTRUN: Task scraping.tasks.verify_celery_connection[fe0f58a9-2dcf-4177-9a7b-ecc3ff4ad7b3] ended with state=SUCCESS
[2025-04-09 14:03:31,760: INFO/MainProcess] Task scraping.tasks.check_pending_tasks[ae0ab777-b713-4450-9c0f-94933f75bcbd] received
[2025-04-09 14:03:31,762: DEBUG/ForkPoolWorker-6] PRERUN: Task scraping.tasks.check_pending_tasks[ae0ab777-b713-4450-9c0f-94933f75bcbd] started with args=[], kwargs={}
[2025-04-09 14:03:31,763: INFO/ForkPoolWorker-6] SCRAPER: Vérification des tâches en attente (mode appel direct)...
[2025-04-09 14:03:31,773: INFO/ForkPoolWorker-6] SCRAPER: 0 tâches en attente trouvées
[2025-04-09 14:03:31,777: DEBUG/ForkPoolWorker-6] SUCCESS: Task scraping.tasks.check_pending_tasks succeeded with result=None
[2025-04-09 14:03:31,778: INFO/ForkPoolWorker-6] Task scraping.tasks.check_pending_tasks[ae0ab777-b713-4450-9c0f-94933f75bcbd] succeeded in 0.015284132001397666s: None
[2025-04-09 14:03:31,778: DEBUG/ForkPoolWorker-6] POSTRUN: Task scraping.tasks.check_pending_tasks[ae0ab777-b713-4450-9c0f-94933f75bcbd] ended with state=SUCCESS
[2025-04-09 14:04:30,983: INFO/MainProcess] Task scraping.tasks.check_user_agents[1c4e0fa8-4e8c-4b76-8e66-95d0d4c247c5] received
[2025-04-09 14:04:30,984: DEBUG/ForkPoolWorker-6] PRERUN: Task scraping.tasks.check_user_agents[1c4e0fa8-4e8c-4b76-8e66-95d0d4c247c5] started with args=[], kwargs={}
[2025-04-09 14:04:30,986: INFO/ForkPoolWorker-6] SCRAPER: Vérification des agents utilisateur (mode PRODUCTION)
[2025-04-09 14:04:30,997: INFO/ForkPoolWorker-6] SCRAPER: 1 utilisateurs avec des tâches actives
[2025-04-09 14:04:31,004: INFO/ForkPoolWorker-6] SCRAPER: Utilisateur test2@gmail.com - 1 tâches actives, quota: 0/5 
[2025-04-09 14:04:31,007: INFO/ForkPoolWorker-6] SCRAPER: Vérification du job 12 pour l'utilisateur test2@gmail.com
[2025-04-09 14:04:31,010: INFO/MainProcess] Task scraping.tasks.check_job_progress[fdfa15ca-5dea-4e84-88f5-cb5bb289b6b6] received
[2025-04-09 14:04:31,011: DEBUG/ForkPoolWorker-6] SUCCESS: Task scraping.tasks.check_user_agents succeeded with result=None
[2025-04-09 14:04:31,011: DEBUG/ForkPoolWorker-7] PRERUN: Task scraping.tasks.check_job_progress[fdfa15ca-5dea-4e84-88f5-cb5bb289b6b6] started with args=[12], kwargs={}
[2025-04-09 14:04:31,012: INFO/ForkPoolWorker-6] Task scraping.tasks.check_user_agents[1c4e0fa8-4e8c-4b76-8e66-95d0d4c247c5] succeeded in 0.026667935999284964s: None
[2025-04-09 14:04:31,013: DEBUG/ForkPoolWorker-6] POSTRUN: Task scraping.tasks.check_user_agents[1c4e0fa8-4e8c-4b76-8e66-95d0d4c247c5] ended with state=SUCCESS
[2025-04-09 14:04:31,027: DEBUG/ForkPoolWorker-7] SUCCESS: Task scraping.tasks.check_job_progress succeeded with result=None
[2025-04-09 14:04:31,028: INFO/ForkPoolWorker-7] Task scraping.tasks.check_job_progress[fdfa15ca-5dea-4e84-88f5-cb5bb289b6b6] succeeded in 0.015600135000568116s: None
[2025-04-09 14:04:31,028: DEBUG/ForkPoolWorker-7] POSTRUN: Task scraping.tasks.check_job_progress[fdfa15ca-5dea-4e84-88f5-cb5bb289b6b6] ended with state=SUCCESS
[2025-04-09 14:04:31,760: INFO/MainProcess] Task scraping.tasks.check_pending_tasks[746463c1-231e-44bf-978b-66c029a0d7e4] received
[2025-04-09 14:04:31,761: DEBUG/ForkPoolWorker-6] PRERUN: Task scraping.tasks.check_pending_tasks[746463c1-231e-44bf-978b-66c029a0d7e4] started with args=[], kwargs={}
[2025-04-09 14:04:31,762: INFO/ForkPoolWorker-6] SCRAPER: Vérification des tâches en attente (mode appel direct)...
[2025-04-09 14:04:31,771: INFO/ForkPoolWorker-6] SCRAPER: 0 tâches en attente trouvées
[2025-04-09 14:04:31,774: DEBUG/ForkPoolWorker-6] SUCCESS: Task scraping.tasks.check_pending_tasks succeeded with result=None
[2025-04-09 14:04:31,775: INFO/ForkPoolWorker-6] Task scraping.tasks.check_pending_tasks[746463c1-231e-44bf-978b-66c029a0d7e4] succeeded in 0.013382107998040738s: None
[2025-04-09 14:04:31,775: DEBUG/ForkPoolWorker-6] POSTRUN: Task scraping.tasks.check_pending_tasks[746463c1-231e-44bf-978b-66c029a0d7e4] ended with state=SUCCESS
[2025-04-09 14:05:31,760: INFO/MainProcess] Task scraping.tasks.check_pending_tasks[467eda19-b009-4ed6-89c0-adc305aa12d0] received
[2025-04-09 14:05:31,761: DEBUG/ForkPoolWorker-6] PRERUN: Task scraping.tasks.check_pending_tasks[467eda19-b009-4ed6-89c0-adc305aa12d0] started with args=[], kwargs={}
[2025-04-09 14:05:31,763: INFO/ForkPoolWorker-6] SCRAPER: Vérification des tâches en attente (mode appel direct)...
[2025-04-09 14:05:31,774: INFO/ForkPoolWorker-6] SCRAPER: 0 tâches en attente trouvées
[2025-04-09 14:05:31,778: DEBUG/ForkPoolWorker-6] SUCCESS: Task scraping.tasks.check_pending_tasks succeeded with result=None
[2025-04-09 14:05:31,779: INFO/ForkPoolWorker-6] Task scraping.tasks.check_pending_tasks[467eda19-b009-4ed6-89c0-adc305aa12d0] succeeded in 0.017535543000121834s: None
[2025-04-09 14:05:31,780: DEBUG/ForkPoolWorker-6] POSTRUN: Task scraping.tasks.check_pending_tasks[467eda19-b009-4ed6-89c0-adc305aa12d0] ended with state=SUCCESS
[2025-04-09 14:06:32,124: INFO/MainProcess] Task scraping.tasks.check_pending_tasks[b2c7cc7e-1ce8-44c4-857e-94db681be3db] received
[2025-04-09 14:06:32,125: DEBUG/ForkPoolWorker-6] PRERUN: Task scraping.tasks.check_pending_tasks[b2c7cc7e-1ce8-44c4-857e-94db681be3db] started with args=[], kwargs={}
[2025-04-09 14:06:32,127: INFO/ForkPoolWorker-6] SCRAPER: Vérification des tâches en attente (mode appel direct)...
[2025-04-09 14:06:32,136: INFO/ForkPoolWorker-6] SCRAPER: 0 tâches en attente trouvées
[2025-04-09 14:06:32,140: DEBUG/ForkPoolWorker-6] SUCCESS: Task scraping.tasks.check_pending_tasks succeeded with result=None
[2025-04-09 14:06:32,141: INFO/ForkPoolWorker-6] Task scraping.tasks.check_pending_tasks[b2c7cc7e-1ce8-44c4-857e-94db681be3db] succeeded in 0.01559695399919292s: None
[2025-04-09 14:06:32,142: DEBUG/ForkPoolWorker-6] POSTRUN: Task scraping.tasks.check_pending_tasks[b2c7cc7e-1ce8-44c4-857e-94db681be3db] ended with state=SUCCESS
[2025-04-09 14:07:32,123: INFO/MainProcess] Task scraping.tasks.check_pending_tasks[049fe8dc-5195-49e3-9e97-9f8cc48af248] received
[2025-04-09 14:07:32,124: DEBUG/ForkPoolWorker-6] PRERUN: Task scraping.tasks.check_pending_tasks[049fe8dc-5195-49e3-9e97-9f8cc48af248] started with args=[], kwargs={}
[2025-04-09 14:07:32,125: INFO/ForkPoolWorker-6] SCRAPER: Vérification des tâches en attente (mode appel direct)...
[2025-04-09 14:07:32,132: INFO/ForkPoolWorker-6] SCRAPER: 0 tâches en attente trouvées
[2025-04-09 14:07:32,135: DEBUG/ForkPoolWorker-6] SUCCESS: Task scraping.tasks.check_pending_tasks succeeded with result=None
[2025-04-09 14:07:32,136: INFO/ForkPoolWorker-6] Task scraping.tasks.check_pending_tasks[049fe8dc-5195-49e3-9e97-9f8cc48af248] succeeded in 0.011302838000119664s: None
[2025-04-09 14:07:32,137: DEBUG/ForkPoolWorker-6] POSTRUN: Task scraping.tasks.check_pending_tasks[049fe8dc-5195-49e3-9e97-9f8cc48af248] ended with state=SUCCESS
[2025-04-09 14:08:32,124: INFO/MainProcess] Task scraping.tasks.check_pending_tasks[888f524d-86f3-4cff-942d-bc58dc41aa69] received
[2025-04-09 14:08:32,125: DEBUG/ForkPoolWorker-6] PRERUN: Task scraping.tasks.check_pending_tasks[888f524d-86f3-4cff-942d-bc58dc41aa69] started with args=[], kwargs={}
[2025-04-09 14:08:32,127: INFO/ForkPoolWorker-6] SCRAPER: Vérification des tâches en attente (mode appel direct)...
[2025-04-09 14:08:32,140: INFO/ForkPoolWorker-6] SCRAPER: 0 tâches en attente trouvées
[2025-04-09 14:08:32,144: DEBUG/ForkPoolWorker-6] SUCCESS: Task scraping.tasks.check_pending_tasks succeeded with result=None
[2025-04-09 14:08:32,144: INFO/ForkPoolWorker-6] Task scraping.tasks.check_pending_tasks[888f524d-86f3-4cff-942d-bc58dc41aa69] succeeded in 0.018284127003425965s: None
[2025-04-09 14:08:32,145: DEBUG/ForkPoolWorker-6] POSTRUN: Task scraping.tasks.check_pending_tasks[888f524d-86f3-4cff-942d-bc58dc41aa69] ended with state=SUCCESS
[2025-04-09 14:09:30,982: INFO/MainProcess] Task scraping.tasks.check_user_agents[2e41c7df-4084-49bb-a14e-01ac65186eef] received
[2025-04-09 14:09:30,983: DEBUG/ForkPoolWorker-6] PRERUN: Task scraping.tasks.check_user_agents[2e41c7df-4084-49bb-a14e-01ac65186eef] started with args=[], kwargs={}
[2025-04-09 14:09:30,985: INFO/ForkPoolWorker-6] SCRAPER: Vérification des agents utilisateur (mode PRODUCTION)
[2025-04-09 14:09:30,994: INFO/ForkPoolWorker-6] SCRAPER: 1 utilisateurs avec des tâches actives
[2025-04-09 14:09:31,001: INFO/ForkPoolWorker-6] SCRAPER: Utilisateur test2@gmail.com - 1 tâches actives, quota: 0/5 
[2025-04-09 14:09:31,003: INFO/ForkPoolWorker-6] SCRAPER: Vérification du job 12 pour l'utilisateur test2@gmail.com
[2025-04-09 14:09:31,006: INFO/MainProcess] Task scraping.tasks.check_job_progress[e1762d87-d3b8-42c8-8f50-f1c4a1de7fd0] received
[2025-04-09 14:09:31,006: DEBUG/ForkPoolWorker-6] SUCCESS: Task scraping.tasks.check_user_agents succeeded with result=None
[2025-04-09 14:09:31,007: INFO/ForkPoolWorker-6] Task scraping.tasks.check_user_agents[2e41c7df-4084-49bb-a14e-01ac65186eef] succeeded in 0.022874170001159655s: None
[2025-04-09 14:09:31,007: DEBUG/ForkPoolWorker-7] PRERUN: Task scraping.tasks.check_job_progress[e1762d87-d3b8-42c8-8f50-f1c4a1de7fd0] started with args=[12], kwargs={}
[2025-04-09 14:09:31,007: DEBUG/ForkPoolWorker-6] POSTRUN: Task scraping.tasks.check_user_agents[2e41c7df-4084-49bb-a14e-01ac65186eef] ended with state=SUCCESS
[2025-04-09 14:09:31,020: DEBUG/ForkPoolWorker-7] SUCCESS: Task scraping.tasks.check_job_progress succeeded with result=None
[2025-04-09 14:09:31,021: INFO/ForkPoolWorker-7] Task scraping.tasks.check_job_progress[e1762d87-d3b8-42c8-8f50-f1c4a1de7fd0] succeeded in 0.012957357997947838s: None
[2025-04-09 14:09:31,021: DEBUG/ForkPoolWorker-7] POSTRUN: Task scraping.tasks.check_job_progress[e1762d87-d3b8-42c8-8f50-f1c4a1de7fd0] ended with state=SUCCESS
[2025-04-09 14:09:32,124: INFO/MainProcess] Task scraping.tasks.check_pending_tasks[8192ca19-8e56-4b28-8d78-9201badaa221] received
[2025-04-09 14:09:32,125: DEBUG/ForkPoolWorker-6] PRERUN: Task scraping.tasks.check_pending_tasks[8192ca19-8e56-4b28-8d78-9201badaa221] started with args=[], kwargs={}
[2025-04-09 14:09:32,127: INFO/ForkPoolWorker-6] SCRAPER: Vérification des tâches en attente (mode appel direct)...
[2025-04-09 14:09:32,137: INFO/ForkPoolWorker-6] SCRAPER: 0 tâches en attente trouvées
[2025-04-09 14:09:32,141: DEBUG/ForkPoolWorker-6] SUCCESS: Task scraping.tasks.check_pending_tasks succeeded with result=None
[2025-04-09 14:09:32,142: INFO/ForkPoolWorker-6] Task scraping.tasks.check_pending_tasks[8192ca19-8e56-4b28-8d78-9201badaa221] succeeded in 0.016161105002538534s: None
[2025-04-09 14:09:32,143: DEBUG/ForkPoolWorker-6] POSTRUN: Task scraping.tasks.check_pending_tasks[8192ca19-8e56-4b28-8d78-9201badaa221] ended with state=SUCCESS
[2025-04-09 14:10:32,124: INFO/MainProcess] Task scraping.tasks.check_pending_tasks[3b02aa81-ec06-48fc-b17d-247610010b1f] received
[2025-04-09 14:10:32,125: DEBUG/ForkPoolWorker-6] PRERUN: Task scraping.tasks.check_pending_tasks[3b02aa81-ec06-48fc-b17d-247610010b1f] started with args=[], kwargs={}
[2025-04-09 14:10:32,127: INFO/ForkPoolWorker-6] SCRAPER: Vérification des tâches en attente (mode appel direct)...
[2025-04-09 14:10:32,138: INFO/ForkPoolWorker-6] SCRAPER: 0 tâches en attente trouvées
[2025-04-09 14:10:32,142: DEBUG/ForkPoolWorker-6] SUCCESS: Task scraping.tasks.check_pending_tasks succeeded with result=None
[2025-04-09 14:10:32,143: INFO/ForkPoolWorker-6] Task scraping.tasks.check_pending_tasks[3b02aa81-ec06-48fc-b17d-247610010b1f] succeeded in 0.017071998998289928s: None
[2025-04-09 14:10:32,144: DEBUG/ForkPoolWorker-6] POSTRUN: Task scraping.tasks.check_pending_tasks[3b02aa81-ec06-48fc-b17d-247610010b1f] ended with state=SUCCESS
[2025-04-09 14:11:32,124: INFO/MainProcess] Task scraping.tasks.check_pending_tasks[c5c4bb80-cdc2-4775-ab98-4870f80288f8] received
[2025-04-09 14:11:32,125: DEBUG/ForkPoolWorker-6] PRERUN: Task scraping.tasks.check_pending_tasks[c5c4bb80-cdc2-4775-ab98-4870f80288f8] started with args=[], kwargs={}
[2025-04-09 14:11:32,127: INFO/ForkPoolWorker-6] SCRAPER: Vérification des tâches en attente (mode appel direct)...
[2025-04-09 14:11:32,135: INFO/ForkPoolWorker-6] SCRAPER: 0 tâches en attente trouvées
[2025-04-09 14:11:32,138: DEBUG/ForkPoolWorker-6] SUCCESS: Task scraping.tasks.check_pending_tasks succeeded with result=None
[2025-04-09 14:11:32,139: INFO/ForkPoolWorker-6] Task scraping.tasks.check_pending_tasks[c5c4bb80-cdc2-4775-ab98-4870f80288f8] succeeded in 0.013486789001035504s: None
[2025-04-09 14:11:32,139: DEBUG/ForkPoolWorker-6] POSTRUN: Task scraping.tasks.check_pending_tasks[c5c4bb80-cdc2-4775-ab98-4870f80288f8] ended with state=SUCCESS
[2025-04-09 14:12:32,124: INFO/MainProcess] Task scraping.tasks.check_pending_tasks[c1296735-6b3e-4ef4-80a9-4437b2f8a339] received
[2025-04-09 14:12:32,125: DEBUG/ForkPoolWorker-6] PRERUN: Task scraping.tasks.check_pending_tasks[c1296735-6b3e-4ef4-80a9-4437b2f8a339] started with args=[], kwargs={}
[2025-04-09 14:12:32,127: INFO/ForkPoolWorker-6] SCRAPER: Vérification des tâches en attente (mode appel direct)...
[2025-04-09 14:12:32,138: INFO/ForkPoolWorker-6] SCRAPER: 0 tâches en attente trouvées
[2025-04-09 14:12:32,142: DEBUG/ForkPoolWorker-6] SUCCESS: Task scraping.tasks.check_pending_tasks succeeded with result=None
[2025-04-09 14:12:32,143: INFO/ForkPoolWorker-6] Task scraping.tasks.check_pending_tasks[c1296735-6b3e-4ef4-80a9-4437b2f8a339] succeeded in 0.016648988999804715s: None
[2025-04-09 14:12:32,143: DEBUG/ForkPoolWorker-6] POSTRUN: Task scraping.tasks.check_pending_tasks[c1296735-6b3e-4ef4-80a9-4437b2f8a339] ended with state=SUCCESS
[2025-04-09 14:13:32,124: INFO/MainProcess] Task scraping.tasks.check_pending_tasks[1365e1d4-f9ed-4224-bfd6-cd0ec362a716] received
[2025-04-09 14:13:32,125: DEBUG/ForkPoolWorker-6] PRERUN: Task scraping.tasks.check_pending_tasks[1365e1d4-f9ed-4224-bfd6-cd0ec362a716] started with args=[], kwargs={}
[2025-04-09 14:13:32,127: INFO/ForkPoolWorker-6] SCRAPER: Vérification des tâches en attente (mode appel direct)...
[2025-04-09 14:13:32,136: INFO/ForkPoolWorker-6] SCRAPER: 0 tâches en attente trouvées
[2025-04-09 14:13:32,139: DEBUG/ForkPoolWorker-6] SUCCESS: Task scraping.tasks.check_pending_tasks succeeded with result=None
[2025-04-09 14:13:32,140: INFO/ForkPoolWorker-6] Task scraping.tasks.check_pending_tasks[1365e1d4-f9ed-4224-bfd6-cd0ec362a716] succeeded in 0.014051096000912366s: None
[2025-04-09 14:13:32,141: DEBUG/ForkPoolWorker-6] POSTRUN: Task scraping.tasks.check_pending_tasks[1365e1d4-f9ed-4224-bfd6-cd0ec362a716] ended with state=SUCCESS
[2025-04-09 14:14:30,983: INFO/MainProcess] Task scraping.tasks.check_user_agents[7c49af2b-0390-48b1-91bb-c4bda61a978f] received
[2025-04-09 14:14:30,985: DEBUG/ForkPoolWorker-6] PRERUN: Task scraping.tasks.check_user_agents[7c49af2b-0390-48b1-91bb-c4bda61a978f] started with args=[], kwargs={}
[2025-04-09 14:14:30,987: INFO/ForkPoolWorker-6] SCRAPER: Vérification des agents utilisateur (mode PRODUCTION)
[2025-04-09 14:14:30,998: INFO/ForkPoolWorker-6] SCRAPER: 1 utilisateurs avec des tâches actives
[2025-04-09 14:14:31,007: INFO/ForkPoolWorker-6] SCRAPER: Utilisateur test2@gmail.com - 1 tâches actives, quota: 0/5 
[2025-04-09 14:14:31,010: INFO/ForkPoolWorker-6] SCRAPER: Vérification du job 12 pour l'utilisateur test2@gmail.com
[2025-04-09 14:14:31,013: INFO/MainProcess] Task scraping.tasks.check_job_progress[2569e83b-081b-457d-8dc9-c1e7bba779db] received
[2025-04-09 14:14:31,013: DEBUG/ForkPoolWorker-6] SUCCESS: Task scraping.tasks.check_user_agents succeeded with result=None
[2025-04-09 14:14:31,014: INFO/ForkPoolWorker-6] Task scraping.tasks.check_user_agents[7c49af2b-0390-48b1-91bb-c4bda61a978f] succeeded in 0.02874346200042055s: None
[2025-04-09 14:14:31,015: DEBUG/ForkPoolWorker-6] POSTRUN: Task scraping.tasks.check_user_agents[7c49af2b-0390-48b1-91bb-c4bda61a978f] ended with state=SUCCESS
[2025-04-09 14:14:31,015: DEBUG/ForkPoolWorker-7] PRERUN: Task scraping.tasks.check_job_progress[2569e83b-081b-457d-8dc9-c1e7bba779db] started with args=[12], kwargs={}
[2025-04-09 14:14:31,033: DEBUG/ForkPoolWorker-7] SUCCESS: Task scraping.tasks.check_job_progress succeeded with result=None
[2025-04-09 14:14:31,034: INFO/ForkPoolWorker-7] Task scraping.tasks.check_job_progress[2569e83b-081b-457d-8dc9-c1e7bba779db] succeeded in 0.018495446998713305s: None
[2025-04-09 14:14:31,035: DEBUG/ForkPoolWorker-7] POSTRUN: Task scraping.tasks.check_job_progress[2569e83b-081b-457d-8dc9-c1e7bba779db] ended with state=SUCCESS
[2025-04-09 14:14:32,155: INFO/MainProcess] Task scraping.tasks.check_pending_tasks[4cbf0403-1a4a-443a-90f8-ce5630af8979] received
[2025-04-09 14:14:32,163: DEBUG/ForkPoolWorker-6] PRERUN: Task scraping.tasks.check_pending_tasks[4cbf0403-1a4a-443a-90f8-ce5630af8979] started with args=[], kwargs={}
[2025-04-09 14:14:32,166: INFO/ForkPoolWorker-6] SCRAPER: Vérification des tâches en attente (mode appel direct)...
[2025-04-09 14:14:32,185: INFO/ForkPoolWorker-6] SCRAPER: 0 tâches en attente trouvées
[2025-04-09 14:14:32,191: DEBUG/ForkPoolWorker-6] SUCCESS: Task scraping.tasks.check_pending_tasks succeeded with result=None
[2025-04-09 14:14:32,192: INFO/ForkPoolWorker-6] Task scraping.tasks.check_pending_tasks[4cbf0403-1a4a-443a-90f8-ce5630af8979] succeeded in 0.027780406002420932s: None
[2025-04-09 14:14:32,193: DEBUG/ForkPoolWorker-6] POSTRUN: Task scraping.tasks.check_pending_tasks[4cbf0403-1a4a-443a-90f8-ce5630af8979] ended with state=SUCCESS
[2025-04-09 14:15:32,124: INFO/MainProcess] Task scraping.tasks.check_pending_tasks[2237462b-1d2d-4c6a-96e1-9099ca7f5b6c] received
[2025-04-09 14:15:32,126: DEBUG/ForkPoolWorker-6] PRERUN: Task scraping.tasks.check_pending_tasks[2237462b-1d2d-4c6a-96e1-9099ca7f5b6c] started with args=[], kwargs={}
[2025-04-09 14:15:32,127: INFO/ForkPoolWorker-6] SCRAPER: Vérification des tâches en attente (mode appel direct)...
[2025-04-09 14:15:32,137: INFO/ForkPoolWorker-6] SCRAPER: 0 tâches en attente trouvées
[2025-04-09 14:15:32,141: DEBUG/ForkPoolWorker-6] SUCCESS: Task scraping.tasks.check_pending_tasks succeeded with result=None
[2025-04-09 14:15:32,142: INFO/ForkPoolWorker-6] Task scraping.tasks.check_pending_tasks[2237462b-1d2d-4c6a-96e1-9099ca7f5b6c] succeeded in 0.015384313002869021s: None
